<html>
<body>
<pre>
<h1>礦ision Build Log</h1>
<h2>Tool Versions:</h2>
IDE-Version: μVision V5.25.2.0
Copyright (C) 2018 ARM Ltd and ARM Germany GmbH. All rights reserved.
License Information: Micro Soft, MicroSoft, LIC=FQQNN-Y2MWL-796G1-CC0PA-21WV8-JBPFX
 
Tool Versions:
Toolchain:       MDK-ARM Professional  Version: 5.25.2.0
Toolchain Path:  C:\Keil_v5\ARM\ARMCC\Bin
C Compiler:      Armcc.exe V5.06 update 6 (build 750)
Assembler:       Armasm.exe V5.06 update 6 (build 750)
Linker/Locator:  ArmLink.exe V5.06 update 6 (build 750)
Library Manager: ArmAr.exe V5.06 update 6 (build 750)
Hex Converter:   FromElf.exe V5.06 update 6 (build 750)
CPU DLL:         SARMCM3.DLL V5.25.2.0
Dialog DLL:      DCM.DLL V1.17.1.0
Target DLL:      STLink\ST-LINKIII-KEIL_SWO.dll V3.0.1.0
Dialog DLL:      TCM.DLL V1.35.1.0
 
<h2>Project:</h2>
E:\jidonghao\jidonghao_16\z.例题\z.传感网应用开发公开题（2022年）-5月发布\传感网应用开发(中级) 第8套_ZigBee和RS-485\work\M3_R485_slave\MDK-ARM\R485_slave.uvprojx
Project File Date:  06/08/2022

<h2>Output:</h2>
*** Using Compiler 'V5.06 update 6 (build 750)', folder: 'C:\Keil_v5\ARM\ARMCC\Bin'
Rebuild target 'R485_slave'
assembling startup_stm32f103xe.s...
compiling mcheck.c...
compiling adc.c...
compiling main.c...
../Src/main.c(127): warning:  #188-D: enumerated type mixed with another type
  		HAL_GPIO_WritePin(CTRL_GPIO_Port,CTRL_Pin,0);
../Src/main.c(129): warning:  #188-D: enumerated type mixed with another type
  	HAL_GPIO_WritePin(CTRL_GPIO_Port,CTRL_Pin,1);
../Src/main.c(152): warning:  #188-D: enumerated type mixed with another type
  	HAL_GPIO_WritePin(LED1_GPIO_Port,0xff,1);
../Src/main.c(153): warning:  #188-D: enumerated type mixed with another type
  	HAL_GPIO_WritePin(LED1_GPIO_Port,lightFlag,0);
../Src/main.c(274): warning:  #223-D: function "memset" declared implicitly
  			memset(rxBuf, 0, 64);
../Src/main.c: 5 warnings, 0 errors
compiling gpio.c...
compiling tim.c...
compiling stm32f1xx_hal_msp.c...
compiling stm32f1xx_hal_gpio_ex.c...
compiling usart.c...
compiling stm32f1xx_it.c...
compiling stm32f1xx_hal_adc.c...
compiling stm32f1xx_hal.c...
compiling stm32f1xx_hal_tim_ex.c...
compiling stm32f1xx_hal_uart.c...
compiling stm32f1xx_hal_adc_ex.c...
compiling stm32f1xx_hal_tim.c...
compiling stm32f1xx_hal_dma.c...
compiling stm32f1xx_hal_rcc.c...
compiling stm32f1xx_hal_rcc_ex.c...
compiling stm32f1xx_hal_gpio.c...
compiling stm32f1xx_hal_cortex.c...
compiling system_stm32f1xx.c...
compiling stm32f1xx_hal_pwr.c...
compiling stm32f1xx_hal_flash_ex.c...
compiling stm32f1xx_hal_flash.c...
compiling stm32f1xx_hal_exti.c...
linking...
Program Size: Code=9740 RO-data=1128 RW-data=28 ZI-data=1332  
FromELF: creating hex file...
"R485_slave\R485_slave.axf" - 0 Error(s), 5 Warning(s).

<h2>Software Packages used:</h2>

Package Vendor: ARM
                http://www.keil.com/pack/ARM.CMSIS.5.4.0.pack
                ARM.CMSIS.5.4.0
                CMSIS (Cortex Microcontroller Software Interface Standard)
   * Component: CORE Version: 5.1.2

Package Vendor: Keil
                http://www.keil.com/pack/Keil.STM32F1xx_DFP.2.2.0.pack
                Keil.STM32F1xx_DFP.2.2.0
                STMicroelectronics STM32F1 Series Device Support, Drivers and Examples

<h2>Collection of Component include folders:</h2>
  .\RTE\_R485_slave
  C:\Keil_v5\ARM\PACK\ARM\CMSIS\5.4.0\CMSIS\Core\Include
  C:\Keil_v5\ARM\PACK\Keil\STM32F1xx_DFP\2.2.0\Device\Include

<h2>Collection of Component Files used:</h2>

   * Component: ARM::CMSIS:CORE:5.1.2
Build Time Elapsed:  00:00:07
</pre>
</body>
</html>
