<html>
<body>
<pre>
<h1>礦ision Build Log</h1>
<h2>Tool Versions:</h2>
IDE-Version: μVision V5.25.2.0
Copyright (C) 2018 ARM Ltd and ARM Germany GmbH. All rights reserved.
License Information: Micro Soft, MicroSoft, LIC=FQQNN-Y2MWL-796G1-CC0PA-21WV8-JBPFX
 
Tool Versions:
Toolchain:       MDK-ARM Professional  Version: 5.25.2.0
Toolchain Path:  C:\Keil_v5\ARM\ARMCC\Bin
C Compiler:      Armcc.exe V5.06 update 6 (build 750)
Assembler:       Armasm.exe V5.06 update 6 (build 750)
Linker/Locator:  ArmLink.exe V5.06 update 6 (build 750)
Library Manager: ArmAr.exe V5.06 update 6 (build 750)
Hex Converter:   FromElf.exe V5.06 update 6 (build 750)
CPU DLL:         SARMCM3.DLL V5.25.2.0
Dialog DLL:      DCM.DLL V1.17.1.0
Target DLL:      UL2CM3.DLL V1.160.12.0
Dialog DLL:      TCM.DLL V1.35.1.0
 
<h2>Project:</h2>
E:\jidonghao\Tencent\document\2855953048\FileRecv\03 RS-485总线通信开发\03 RS-485总线通信开发\Newlab_HAL_slave\MDK-ARM\Newlab_HAL_slave.uvprojx
Project File Date:  11/25/2020

<h2>Output:</h2>
*** Using Compiler 'V5.06 update 6 (build 750)', folder: 'C:\Keil_v5\ARM\ARMCC\Bin'
Rebuild target 'Newlab_HAL_slave'
assembling startup_stm32f103xe.s...
compiling usmart.c...
compiling main.c...
compiling usmart_str.c...
compiling usmart_config.c...
compiling gpio.c...
compiling tim.c...
compiling dma.c...
compiling adc.c...
compiling iwdg.c...
compiling usart.c...
compiling wwdg.c...
compiling stm32f1xx_it.c...
compiling flash.c...
compiling stm32f1xx_hal_msp.c...
compiling app_test.c...
compiling funcdisc.c...
compiling mcheck.c...
compiling inputregister.c...
compiling app_slave.c...
compiling holdregister.c...
compiling malloc.c...
compiling stm32f1xx_hal_gpio_ex.c...
compiling stm32f1xx_hal_adc_ex.c...
compiling protocol.c...
compiling stm32f1xx_hal_adc.c...
compiling stm32f1xx_hal_wwdg.c...
compiling stm32f1xx_hal_iwdg.c...
compiling stm32f1xx_hal_tim_ex.c...
compiling stm32f1xx_hal_uart.c...
compiling stm32f1xx_hal_tim.c...
compiling stm32f1xx_hal.c...
compiling stm32f1xx_hal_rcc_ex.c...
compiling stm32f1xx_hal_gpio.c...
compiling stm32f1xx_hal_rcc.c...
compiling stm32f1xx_hal_dma.c...
compiling stm32f1xx_hal_pwr.c...
compiling stm32f1xx_hal_cortex.c...
compiling stm32f1xx_hal_flash.c...
compiling stm32f1xx_hal_flash_ex.c...
compiling system_stm32f1xx.c...
compiling stm32f1xx_hal_exti.c...
compiling InfraredSensor.c...
compiling max485.c...
compiling app_sensor.c...
compiling kfifo.c...
compiling sht3x.c...
compiling hal_i2c.c...
compiling sht.c...
compiling sys.c...
compiling sht1x.c...
linking...
Program Size: Code=36110 RO-data=2458 RW-data=504 ZI-data=29832  
FromELF: creating hex file...
"Newlab_HAL_slave\Newlab_HAL_slave.axf" - 0 Error(s), 0 Warning(s).

<h2>Software Packages used:</h2>

Package Vendor: ARM
                http://www.keil.com/pack/ARM.CMSIS.5.4.0.pack
                ARM.CMSIS.5.4.0
                CMSIS (Cortex Microcontroller Software Interface Standard)
   * Component: CORE Version: 5.1.2

Package Vendor: Keil
                http://www.keil.com/pack/Keil.STM32F1xx_DFP.2.2.0.pack
                Keil.STM32F1xx_DFP.2.2.0
                STMicroelectronics STM32F1 Series Device Support, Drivers and Examples

<h2>Collection of Component include folders:</h2>
  .\RTE\_Newlab_HAL_slave
  C:\Keil_v5\ARM\PACK\ARM\CMSIS\5.4.0\CMSIS\Core\Include
  C:\Keil_v5\ARM\PACK\Keil\STM32F1xx_DFP\2.2.0\Device\Include

<h2>Collection of Component Files used:</h2>

   * Component: ARM::CMSIS:CORE:5.1.2
Build Time Elapsed:  00:00:17
</pre>
</body>
</html>
