<html>
<body>
<pre>
<h1>礦ision Build Log</h1>
<h2>Tool Versions:</h2>
IDE-Version: μVision V5.25.2.0
Copyright (C) 2018 ARM Ltd and ARM Germany GmbH. All rights reserved.
License Information: Micro Soft, MicroSoft, LIC=FQQNN-Y2MWL-796G1-CC0PA-21WV8-JBPFX
 
Tool Versions:
Toolchain:       MDK-ARM Professional  Version: 5.25.2.0
Toolchain Path:  C:\Keil_v5\ARM\ARMCC\Bin
C Compiler:      Armcc.exe V5.06 update 6 (build 750)
Assembler:       Armasm.exe V5.06 update 6 (build 750)
Linker/Locator:  ArmLink.exe V5.06 update 6 (build 750)
Library Manager: ArmAr.exe V5.06 update 6 (build 750)
Hex Converter:   FromElf.exe V5.06 update 6 (build 750)
CPU DLL:         SARMCM3.DLL V5.25.2.0
Dialog DLL:      DCM.DLL V1.17.1.0
Target DLL:      STLink\ST-LINKIII-KEIL_SWO.dll V3.0.1.0
Dialog DLL:      TCM.DLL V1.35.1.0
 
<h2>Project:</h2>
E:\jidonghao\jidonghao_16\z.例题\1.传感网应用开发（中级）师资培训训练题\canGateway\MDK-ARM\CAN_BASE.uvprojx
Project File Date:  05/27/2022

<h2>Output:</h2>
*** Using Compiler 'V5.06 update 6 (build 750)', folder: 'C:\Keil_v5\ARM\ARMCC\Bin'
Rebuild target 'CAN_BASE'
assembling startup_stm32f103xe.s...
compiling MAX3485.c...
compiling stm32f1xx_it.c...
compiling stm32f1xx_hal_msp.c...
compiling InfraredSensor.c...
compiling main.c...
compiling upper_computer.c...
compiling process_m3.c...
..\Src\process_m3.c(29): warning:  #550-D: variable "Type_Sensor"  was set but never used
  static uint8_t Type_Sensor=0;
..\Src\process_m3.c: 1 warning, 0 errors
compiling user_adc.c...
compiling user_can.c...
compiling SHT1x.c...
compiling user_time.c...
compiling user_usart2.c...
compiling user_delay.c...
compiling user_flash.c...
compiling user_usart1.c...
compiling stm32f1xx_hal_gpio_ex.c...
compiling stm32f1xx_hal_can.c...
compiling stm32f1xx_hal_adc_ex.c...
compiling stm32f1xx_hal_adc.c...
compiling stm32f1xx_hal_tim.c...
compiling stm32f1xx_hal.c...
compiling stm32f1xx_hal_rcc_ex.c...
compiling stm32f1xx_hal_rcc.c...
compiling stm32f1xx_hal_uart.c...
compiling stm32f1xx_hal_tim_ex.c...
compiling stm32f1xx_hal_cortex.c...
compiling stm32f1xx_hal_flash.c...
compiling stm32f1xx_hal_pwr.c...
compiling stm32f1xx_hal_gpio.c...
compiling stm32f1xx_hal_dma.c...
compiling system_stm32f1xx.c...
compiling stm32f1xx_hal_flash_ex.c...
linking...
Program Size: Code=15016 RO-data=360 RW-data=100 ZI-data=4956  
FromELF: creating hex file...
"CAN_BASE\CAN_BASE.axf" - 0 Error(s), 1 Warning(s).

<h2>Software Packages used:</h2>

Package Vendor: ARM
                http://www.keil.com/pack/ARM.CMSIS.5.4.0.pack
                ARM.CMSIS.5.4.0
                CMSIS (Cortex Microcontroller Software Interface Standard)
   * Component: CORE Version: 5.1.2

Package Vendor: Keil
                http://www.keil.com/pack/Keil.STM32F1xx_DFP.2.2.0.pack
                Keil.STM32F1xx_DFP.2.2.0
                STMicroelectronics STM32F1 Series Device Support, Drivers and Examples

<h2>Collection of Component include folders:</h2>
  .\RTE\_CAN_BASE
  C:\Keil_v5\ARM\PACK\ARM\CMSIS\5.4.0\CMSIS\Core\Include
  C:\Keil_v5\ARM\PACK\Keil\STM32F1xx_DFP\2.2.0\Device\Include

<h2>Collection of Component Files used:</h2>

   * Component: ARM::CMSIS:CORE:5.1.2
Build Time Elapsed:  00:00:10
</pre>
</body>
</html>
