Component: ARM Compiler 5.06 update 6 (build 750) Tool: armlink [4d35ed]

==============================================================================

Section Cross References

    main.o(i.GetHexStr) refers to _printf_pad.o(.text) for _printf_pre_padding
    main.o(i.GetHexStr) refers to _printf_percent.o(.ARM.Collect$$_printf_percent$$00000000) for _printf_percent
    main.o(i.GetHexStr) refers to _printf_x.o(.ARM.Collect$$_printf_percent$$0000000C) for _printf_x
    main.o(i.GetHexStr) refers to _printf_hex_int.o(.text) for _printf_longlong_hex
    main.o(i.GetHexStr) refers to noretval__2sprintf.o(.text) for __2sprintf
    main.o(i.GetHexStr) refers to strlen.o(.text) for strlen
    main.o(i.LoRa_DataParse) refers to _printf_percent.o(.ARM.Collect$$_printf_percent$$00000000) for _printf_percent
    main.o(i.LoRa_DataParse) refers to _printf_d.o(.ARM.Collect$$_printf_percent$$00000009) for _printf_d
    main.o(i.LoRa_DataParse) refers to _printf_s.o(.ARM.Collect$$_printf_percent$$00000014) for _printf_s
    main.o(i.LoRa_DataParse) refers to _printf_dec.o(.text) for _printf_int_dec
    main.o(i.LoRa_DataParse) refers to _printf_str.o(.text) for _printf_str
    main.o(i.LoRa_DataParse) refers to _printf_pad.o(.text) for _printf_pre_padding
    main.o(i.LoRa_DataParse) refers to _printf_x.o(.ARM.Collect$$_printf_percent$$0000000C) for _printf_x
    main.o(i.LoRa_DataParse) refers to _printf_hex_int.o(.text) for _printf_longlong_hex
    main.o(i.LoRa_DataParse) refers to main.o(i.ExtractCmdframe) for ExtractCmdframe
    main.o(i.LoRa_DataParse) refers to main.o(i.CheckSum) for CheckSum
    main.o(i.LoRa_DataParse) refers to aeabi_memset.o(.text) for __aeabi_memset
    main.o(i.LoRa_DataParse) refers to rt_memcpy_v6.o(.text) for __aeabi_memcpy
    main.o(i.LoRa_DataParse) refers to hal_oled.o(i.OLED_ShowString) for OLED_ShowString
    main.o(i.LoRa_DataParse) refers to rt_memclr_w.o(.text) for __aeabi_memclr4
    main.o(i.LoRa_DataParse) refers to main.o(i.GetHexStr) for GetHexStr
    main.o(i.LoRa_DataParse) refers to noretval__2printf.o(.text) for __2printf
    main.o(i.LoRa_ReadSensorProcess) refers to _printf_pad.o(.text) for _printf_pre_padding
    main.o(i.LoRa_ReadSensorProcess) refers to _printf_percent.o(.ARM.Collect$$_printf_percent$$00000000) for _printf_percent
    main.o(i.LoRa_ReadSensorProcess) refers to _printf_d.o(.ARM.Collect$$_printf_percent$$00000009) for _printf_d
    main.o(i.LoRa_ReadSensorProcess) refers to _printf_x.o(.ARM.Collect$$_printf_percent$$0000000C) for _printf_x
    main.o(i.LoRa_ReadSensorProcess) refers to _printf_dec.o(.text) for _printf_int_dec
    main.o(i.LoRa_ReadSensorProcess) refers to _printf_hex_int.o(.text) for _printf_longlong_hex
    main.o(i.LoRa_ReadSensorProcess) refers to utilities.o(i.randr) for randr
    main.o(i.LoRa_ReadSensorProcess) refers to noretval__2printf.o(.text) for __2printf
    main.o(i.LoRa_ReadSensorProcess) refers to rt_memclr_w.o(.text) for __aeabi_memclr4
    main.o(i.LoRa_ReadSensorProcess) refers to noretval__2sprintf.o(.text) for __2sprintf
    main.o(i.LoRa_ReadSensorProcess) refers to hal_oled.o(i.OLED_ShowString) for OLED_ShowString
    main.o(i.LoRa_ReadSensorProcess) refers to aeabi_memset.o(.text) for __aeabi_memset
    main.o(i.LoRa_ReadSensorProcess) refers to main.o(i.LoRa_SendRead) for LoRa_SendRead
    main.o(i.LoRa_ReadSensorProcess) refers to gpio.o(i.GpioToggle) for GpioToggle
    main.o(i.LoRa_ReadSensorProcess) refers to tim-board.o(.data) for User0Timer_MS
    main.o(i.LoRa_ReadSensorProcess) refers to main.o(.data) for time
    main.o(i.LoRa_ReadSensorProcess) refers to board.o(.bss) for Led1
    main.o(i.LoRa_Send) refers to sx1276-board.o(.constdata) for Radio
    main.o(i.LoRa_SendRead) refers to main.o(i.CheckSum) for CheckSum
    main.o(i.LoRa_SendRead) refers to sx1276-board.o(.constdata) for Radio
    main.o(i.MyRadioRxDoneProcess) refers to ns_radio.o(i.ReadRadioRxBuffer) for ReadRadioRxBuffer
    main.o(i.MyRadioRxDoneProcess) refers to gpio.o(i.GpioToggle) for GpioToggle
    main.o(i.MyRadioRxDoneProcess) refers to main.o(i.LoRa_DataParse) for LoRa_DataParse
    main.o(i.MyRadioRxDoneProcess) refers to board.o(.bss) for Led2
    main.o(i.OLED_InitView) refers to hal_oled.o(i.OLED_Clear) for OLED_Clear
    main.o(i.OLED_InitView) refers to hal_oled.o(i.OLED_ShowString) for OLED_ShowString
    main.o(i.PlatformInit) refers to board.o(i.BoardInitMcu) for BoardInitMcu
    main.o(i.PlatformInit) refers to board.o(i.BoardInitPeriph) for BoardInitPeriph
    main.o(i.PlatformInit) refers to hal_oled.o(i.OLED_Init) for OLED_Init
    main.o(i.PlatformInit) refers to usart1-board.o(i.USART1_Init) for USART1_Init
    main.o(i.PlatformInit) refers to hal_oled.o(i.OLED_Clear) for OLED_Clear
    main.o(i.PlatformInit) refers to main.o(i.OLED_InitView) for OLED_InitView
    main.o(i.PlatformInit) refers to noretval__2printf.o(.text) for __2printf
[...]
    _signal_init                              - Undefined Weak Reference
    _terminate_alloc                          - Undefined Weak Reference
    _terminate_user_alloc                     - Undefined Weak Reference
    _terminateio                              - Undefined Weak Reference
    __Vectors_Size                           0x000000f4   Number         0  startup_stm32l151xb.o ABSOLUTE
    __Vectors                                0x08000000   Data           4  startup_stm32l151xb.o(RESET)
    __Vectors_End                            0x080000f4   Data           0  startup_stm32l151xb.o(RESET)
    __main                                   0x080000f5   Thumb Code     8  __main.o(!!!main)
    __scatterload                            0x080000fd   Thumb Code     0  __scatter.o(!!!scatter)
    __scatterload_rt2                        0x080000fd   Thumb Code    44  __scatter.o(!!!scatter)
    __scatterload_rt2_thumb_only             0x080000fd   Thumb Code     0  __scatter.o(!!!scatter)
    __scatterload_null                       0x0800010b   Thumb Code     0  __scatter.o(!!!scatter)
    __scatterload_copy                       0x08000131   Thumb Code    26  __scatter_copy.o(!!handler_copy)
    __scatterload_zeroinit                   0x0800014d   Thumb Code    28  __scatter_zi.o(!!handler_zi)
    _printf_d                                0x08000169   Thumb Code     0  _printf_d.o(.ARM.Collect$$_printf_percent$$00000009)
    _printf_percent                          0x08000169   Thumb Code     0  _printf_percent.o(.ARM.Collect$$_printf_percent$$00000000)
    _printf_x                                0x0800016f   Thumb Code     0  _printf_x.o(.ARM.Collect$$_printf_percent$$0000000C)
    _printf_s                                0x08000175   Thumb Code     0  _printf_s.o(.ARM.Collect$$_printf_percent$$00000014)
    _printf_percent_end                      0x0800017b   Thumb Code     0  _printf_percent_end.o(.ARM.Collect$$_printf_percent$$00000017)
    __rt_lib_init                            0x0800017f   Thumb Code     0  libinit.o(.ARM.Collect$$libinit$$00000000)
    __rt_lib_init_alloca_1                   0x08000181   Thumb Code     0  libinit2.o(.ARM.Collect$$libinit$$0000002E)
    __rt_lib_init_argv_1                     0x08000181   Thumb Code     0  libinit2.o(.ARM.Collect$$libinit$$0000002C)
    __rt_lib_init_atexit_1                   0x08000181   Thumb Code     0  libinit2.o(.ARM.Collect$$libinit$$0000001B)
    __rt_lib_init_clock_1                    0x08000181   Thumb Code     0  libinit2.o(.ARM.Collect$$libinit$$00000021)
    __rt_lib_init_cpp_1                      0x08000181   Thumb Code     0  libinit2.o(.ARM.Collect$$libinit$$00000032)
    __rt_lib_init_exceptions_1               0x08000181   Thumb Code     0  libinit2.o(.ARM.Collect$$libinit$$00000030)
    __rt_lib_init_fp_1                       0x08000181   Thumb Code     0  libinit2.o(.ARM.Collect$$libinit$$00000002)
    __rt_lib_init_fp_trap_1                  0x08000181   Thumb Code     0  libinit2.o(.ARM.Collect$$libinit$$0000001F)
    __rt_lib_init_getenv_1                   0x08000181   Thumb Code     0  libinit2.o(.ARM.Collect$$libinit$$00000023)
    __rt_lib_init_heap_1                     0x08000181   Thumb Code     0  libinit2.o(.ARM.Collect$$libinit$$0000000A)
    __rt_lib_init_lc_collate_1               0x08000181   Thumb Code     0  libinit2.o(.ARM.Collect$$libinit$$00000011)
    __rt_lib_init_lc_ctype_1                 0x08000181   Thumb Code     0  libinit2.o(.ARM.Collect$$libinit$$00000013)
    __rt_lib_init_lc_monetary_1              0x08000181   Thumb Code     0  libinit2.o(.ARM.Collect$$libinit$$00000015)
    __rt_lib_init_lc_numeric_1               0x08000181   Thumb Code     0  libinit2.o(.ARM.Collect$$libinit$$00000017)
    __rt_lib_init_lc_time_1                  0x08000181   Thumb Code     0  libinit2.o(.ARM.Collect$$libinit$$00000019)
    __rt_lib_init_preinit_1                  0x08000181   Thumb Code     0  libinit2.o(.ARM.Collect$$libinit$$00000004)
    __rt_lib_init_rand_1                     0x08000181   Thumb Code     0  libinit2.o(.ARM.Collect$$libinit$$0000000E)
    __rt_lib_init_return                     0x08000181   Thumb Code     0  libinit2.o(.ARM.Collect$$libinit$$00000033)
    __rt_lib_init_signal_1                   0x08000181   Thumb Code     0  libinit2.o(.ARM.Collect$$libinit$$0000001D)
    __rt_lib_init_stdio_1                    0x08000181   Thumb Code     0  libinit2.o(.ARM.Collect$$libinit$$00000025)
    __rt_lib_init_user_alloc_1               0x08000181   Thumb Code     0  libinit2.o(.ARM.Collect$$libinit$$0000000C)
    __rt_lib_shutdown                        0x08000183   Thumb Code     0  libshutdown.o(.ARM.Collect$$libshutdown$$00000000)
    __rt_lib_shutdown_cpp_1                  0x08000185   Thumb Code     0  libshutdown2.o(.ARM.Collect$$libshutdown$$00000002)
    __rt_lib_shutdown_fp_trap_1              0x08000185   Thumb Code     0  libshutdown2.o(.ARM.Collect$$libshutdown$$00000007)
    __rt_lib_shutdown_heap_1                 0x08000185   Thumb Code     0  libshutdown2.o(.ARM.Collect$$libshutdown$$0000000F)
    __rt_lib_shutdown_return                 0x08000185   Thumb Code     0  libshutdown2.o(.ARM.Collect$$libshutdown$$00000010)
    __rt_lib_shutdown_signal_1               0x08000185   Thumb Code     0  libshutdown2.o(.ARM.Collect$$libshutdown$$0000000A)
    __rt_lib_shutdown_stdio_1                0x08000185   Thumb Code     0  libshutdown2.o(.ARM.Collect$$libshutdown$$00000004)
    __rt_lib_shutdown_user_alloc_1           0x08000185   Thumb Code     0  libshutdown2.o(.ARM.Collect$$libshutdown$$0000000C)
    __rt_entry                               0x08000187   Thumb Code     0  __rtentry.o(.ARM.Collect$$rtentry$$00000000)
    __rt_entry_presh_1                       0x08000187   Thumb Code     0  __rtentry2.o(.ARM.Collect$$rtentry$$00000002)
    __rt_entry_sh                            0x08000187   Thumb Code     0  __rtentry4.o(.ARM.Collect$$rtentry$$00000004)
    __rt_entry_li                            0x0800018d   Thumb Code     0  __rtentry2.o(.ARM.Collect$$rtentry$$0000000A)
    __rt_entry_postsh_1                      0x0800018d   Thumb Code     0  __rtentry2.o(.ARM.Collect$$rtentry$$00000009)
    __rt_entry_main                          0x08000191   Thumb Code     0  __rtentry2.o(.ARM.Collect$$rtentry$$0000000D)
    __rt_entry_postli_1                      0x08000191   Thumb Code     0  __rtentry2.o(.ARM.Collect$$rtentry$$0000000C)
    __rt_exit                                0x08000199   Thumb Code     0  rtexit.o(.ARM.Collect$$rtexit$$00000000)
    __rt_exit_ls                             0x0800019b   Thumb Code     0  rtexit2.o(.ARM.Collect$$rtexit$$00000003)
    __rt_exit_prels_1                        0x0800019b   Thumb Code     0  rtexit2.o(.ARM.Collect$$rtexit$$00000002)
    __rt_exit_exit                           0x0800019f   Thumb Code     0  rtexit2.o(.ARM.Collect$$rtexit$$00000004)
    Reset_Handler                            0x080001a5   Thumb Code     8  startup_stm32l151xb.o(.text)
    HardFault_Handler                        0x080001af   Thumb Code     2  startup_stm32l151xb.o(.text)
    SVC_Handler                              0x080001b7   Thumb Code     2  startup_stm32l151xb.o(.text)
    PendSV_Handler                           0x080001bb   Thumb Code     2  startup_stm32l151xb.o(.text)
    ADC1_IRQHandler                          0x080001bf   Thumb Code     0  startup_stm32l151xb.o(.text)
    COMP_IRQHandler                          0x080001bf   Thumb Code     0  startup_stm32l151xb.o(.text)
    DAC_IRQHandler                           0x080001bf   Thumb Code     0  startup_stm32l151xb.o(.text)
    DMA1_Channel1_IRQHandler                 0x080001bf   Thumb Code     0  startup_stm32l151xb.o(.text)
    DMA1_Channel2_IRQHandler                 0x080001bf   Thumb Code     0  startup_stm32l151xb.o(.text)
    DMA1_Channel3_IRQHandler                 0x080001bf   Thumb Code     0  startup_stm32l151xb.o(.text)
    DMA1_Channel4_IRQHandler                 0x080001bf   Thumb Code     0  startup_stm32l151xb.o(.text)
    DMA1_Channel5_IRQHandler                 0x080001bf   Thumb Code     0  startup_stm32l151xb.o(.text)
    DMA1_Channel6_IRQHandler                 0x080001bf   Thumb Code     0  startup_stm32l151xb.o(.text)
    DMA1_Channel7_IRQHandler                 0x080001bf   Thumb Code     0  startup_stm32l151xb.o(.text)
    FLASH_IRQHandler                         0x080001bf   Thumb Code     0  startup_stm32l151xb.o(.text)
    I2C1_ER_IRQHandler                       0x080001bf   Thumb Code     0  startup_stm32l151xb.o(.text)
    I2C1_EV_IRQHandler                       0x080001bf   Thumb Code     0  startup_stm32l151xb.o(.text)
    I2C2_ER_IRQHandler                       0x080001bf   Thumb Code     0  startup_stm32l151xb.o(.text)
    I2C2_EV_IRQHandler                       0x080001bf   Thumb Code     0  startup_stm32l151xb.o(.text)
    PVD_IRQHandler                           0x080001bf   Thumb Code     0  startup_stm32l151xb.o(.text)
    RCC_IRQHandler                           0x080001bf   Thumb Code     0  startup_stm32l151xb.o(.text)
    RTC_WKUP_IRQHandler                      0x080001bf   Thumb Code     0  startup_stm32l151xb.o(.text)
    SPI1_IRQHandler                          0x080001bf   Thumb Code     0  startup_stm32l151xb.o(.text)
    SPI2_IRQHandler                          0x080001bf   Thumb Code     0  startup_stm32l151xb.o(.text)
    TAMPER_STAMP_IRQHandler                  0x080001bf   Thumb Code     0  startup_stm32l151xb.o(.text)
    TIM10_IRQHandler                         0x080001bf   Thumb Code     0  startup_stm32l151xb.o(.text)
    TIM11_IRQHandler                         0x080001bf   Thumb Code     0  startup_stm32l151xb.o(.text)
    TIM6_IRQHandler                          0x080001bf   Thumb Code     0  startup_stm32l151xb.o(.text)
    TIM7_IRQHandler                          0x080001bf   Thumb Code     0  startup_stm32l151xb.o(.text)
    TIM9_IRQHandler                          0x080001bf   Thumb Code     0  startup_stm32l151xb.o(.text)
    USART2_IRQHandler                        0x080001bf   Thumb Code     0  startup_stm32l151xb.o(.text)
    USART3_IRQHandler                        0x080001bf   Thumb Code     0  startup_stm32l151xb.o(.text)
    USB_FS_WKUP_IRQHandler                   0x080001bf   Thumb Code     0  startup_stm32l151xb.o(.text)
    USB_HP_IRQHandler                        0x080001bf   Thumb Code     0  startup_stm32l151xb.o(.text)
    USB_LP_IRQHandler                        0x080001bf   Thumb Code     0  startup_stm32l151xb.o(.text)
    WWDG_IRQHandler                          0x080001bf   Thumb Code     0  startup_stm32l151xb.o(.text)
    __user_initial_stackheap                 0x080001c1   Thumb Code     0  startup_stm32l151xb.o(.text)
    __use_no_semihosting                     0x080001e5   Thumb Code     2  use_no_semi_2.o(.text)
    __2printf                                0x080001e9   Thumb Code    20  noretval__2printf.o(.text)
    __2sprintf                               0x08000201   Thumb Code    34  noretval__2sprintf.o(.text)
    _printf_pre_padding                      0x08000229   Thumb Code    44  _printf_pad.o(.text)
    _printf_post_padding                     0x08000255   Thumb Code    34  _printf_pad.o(.text)
    _printf_str                              0x08000277   Thumb Code    82  _printf_str.o(.text)
    _printf_int_dec                          0x080002c9   Thumb Code   104  _printf_dec.o(.text)
    _printf_int_hex                          0x08000341   Thumb Code    84  _printf_hex_int.o(.text)
    _printf_longlong_hex                     0x08000341   Thumb Code     0  _printf_hex_int.o(.text)
    __printf                                 0x08000399   Thumb Code   308  __printf_flags_wp.o(.text)
    strlen                                   0x080004d1   Thumb Code    62  strlen.o(.text)
    __aeabi_memcpy                           0x0800050f   Thumb Code     0  rt_memcpy_v6.o(.text)
    __rt_memcpy                              0x0800050f   Thumb Code   138  rt_memcpy_v6.o(.text)
    _memcpy_lastbytes                        0x08000575   Thumb Code     0  rt_memcpy_v6.o(.text)
    __aeabi_memcpy4                          0x08000599   Thumb Code     0  rt_memcpy_w.o(.text)
    __aeabi_memcpy8                          0x08000599   Thumb Code     0  rt_memcpy_w.o(.text)
    __rt_memcpy_w                            0x08000599   Thumb Code   100  rt_memcpy_w.o(.text)
    _memcpy_lastbytes_aligned                0x080005e1   Thumb Code     0  rt_memcpy_w.o(.text)
    __aeabi_memset                           0x080005fd   Thumb Code    16  aeabi_memset.o(.text)
    __aeabi_memclr                           0x0800060d   Thumb Code     0  rt_memclr.o(.text)
    __rt_memclr                              0x0800060d   Thumb Code    68  rt_memclr.o(.text)
    _memset                                  0x08000611   Thumb Code     0  rt_memclr.o(.text)
    __aeabi_memclr4                          0x08000651   Thumb Code     0  rt_memclr_w.o(.text)
    __aeabi_memclr8                          0x08000651   Thumb Code     0  rt_memclr_w.o(.text)
    __rt_memclr_w                            0x08000651   Thumb Code    78  rt_memclr_w.o(.text)
    _memset_w                                0x08000655   Thumb Code     0  rt_memclr_w.o(.text)
    __use_two_region_memory                  0x0800069f   Thumb Code     2  heapauxi.o(.text)
    __rt_heap_escrow$2region                 0x080006a1   Thumb Code     2  heapauxi.o(.text)
    __rt_heap_expand$2region                 0x080006a3   Thumb Code     2  heapauxi.o(.text)
    __I$use$semihosting                      0x080006a5   Thumb Code     0  use_no_semi.o(.text)
    __use_no_semihosting_swi                 0x080006a5   Thumb Code     2  use_no_semi.o(.text)
    _printf_int_common                       0x080006a7   Thumb Code   178  _printf_intcommon.o(.text)
    _printf_char_common                      0x08000763   Thumb Code    32  _printf_char_common.o(.text)
    _sputc                                   0x08000789   Thumb Code    10  _sputc.o(.text)
    _printf_cs_common                        0x08000793   Thumb Code    20  _printf_char.o(.text)
    _printf_char                             0x080007a7   Thumb Code    16  _printf_char.o(.text)
    _printf_string                           0x080007b7   Thumb Code     8  _printf_char.o(.text)
    _printf_char_file                        0x080007c1   Thumb Code    32  _printf_char_file.o(.text)
    ferror                                   0x080007e5   Thumb Code     8  ferror.o(.text)
    __user_setup_stackheap                   0x080007ed   Thumb Code    74  sys_stackheap_outer.o(.text)
    exit                                     0x08000837   Thumb Code    18  exit.o(.text)
    __user_libspace                          0x08000849   Thumb Code     8  libspace.o(.text)
    __user_perproc_libspace                  0x08000849   Thumb Code     0  libspace.o(.text)
    __user_perthread_libspace                0x08000849   Thumb Code     0  libspace.o(.text)
    AdcDeInit                                0x08000851   Thumb Code     8  adc.o(i.AdcDeInit)
    BlockLowPowerDuringTask                  0x0800085d   Thumb Code    18  rtc-board.o(i.BlockLowPowerDuringTask)
    BoardDeInitMcu                           0x08000875   Thumb Code    96  board.o(i.BoardDeInitMcu)
    BoardDisableIrq                          0x080008dd   Thumb Code    14  board.o(i.BoardDisableIrq)
    BoardEnableIrq                           0x080008f1   Thumb Code    20  board.o(i.BoardEnableIrq)
    BoardInitMcu                             0x08000909   Thumb Code    78  board.o(i.BoardInitMcu)
    BoardInitPeriph                          0x08000961   Thumb Code    56  board.o(i.BoardInitPeriph)
    BusFault_Handler                         0x08000a05   Thumb Code     4  sysirqhandlers.o(i.BusFault_Handler)
    CheckSum                                 0x08000a45   Thumb Code    28  main.o(i.CheckSum)
    DebugMon_Handler                         0x08000a61   Thumb Code     2  sysirqhandlers.o(i.DebugMon_Handler)
    DelayMs                                  0x08000a63   Thumb Code    12  delay.o(i.DelayMs)
    EXTI0_IRQHandler                         0x08000a6f   Thumb Code    14  gpio-board.o(i.EXTI0_IRQHandler)
    EXTI15_10_IRQHandler                     0x08000a7d   Thumb Code    56  gpio-board.o(i.EXTI15_10_IRQHandler)
    EXTI1_IRQHandler                         0x08000ab5   Thumb Code    14  gpio-board.o(i.EXTI1_IRQHandler)
    EXTI2_IRQHandler                         0x08000ac3   Thumb Code    14  gpio-board.o(i.EXTI2_IRQHandler)
    EXTI3_IRQHandler                         0x08000ad1   Thumb Code    14  gpio-board.o(i.EXTI3_IRQHandler)
    EXTI4_IRQHandler                         0x08000adf   Thumb Code    14  gpio-board.o(i.EXTI4_IRQHandler)
    EXTI9_5_IRQHandler                       0x08000aed   Thumb Code    42  gpio-board.o(i.EXTI9_5_IRQHandler)
    ExtractCmdframe                          0x08000b17   Thumb Code    34  main.o(i.ExtractCmdframe)
    GetBoardPowerSource                      0x08000b39   Thumb Code     4  board.o(i.GetBoardPowerSource)
    GetHexStr                                0x08000b75   Thumb Code    50  main.o(i.GetHexStr)
    GpioInit                                 0x08000bb1   Thumb Code    44  gpio.o(i.GpioInit)
    GpioMcuInit                              0x08000bdd   Thumb Code   336  gpio-board.o(i.GpioMcuInit)
    GpioMcuSetInterrupt                      0x08000d45   Thumb Code   310  gpio-board.o(i.GpioMcuSetInterrupt)
    GpioMcuToggle                            0x08000e8d   Thumb Code    34  gpio-board.o(i.GpioMcuToggle)
    GpioMcuWrite                             0x08000eaf   Thumb Code    38  gpio-board.o(i.GpioMcuWrite)
    GpioSetInterrupt                         0x08000ed5   Thumb Code    40  gpio.o(i.GpioSetInterrupt)
    GpioToggle                               0x08000efd   Thumb Code    24  gpio.o(i.GpioToggle)
    GpioWrite                                0x08000f15   Thumb Code    28  gpio.o(i.GpioWrite)
    HAL_DBGMCU_EnableDBGSleepMode            0x08000f31   Thumb Code    14  stm32l1xx_hal.o(i.HAL_DBGMCU_EnableDBGSleepMode)
    HAL_DBGMCU_EnableDBGStandbyMode          0x08000f45   Thumb Code    14  stm32l1xx_hal.o(i.HAL_DBGMCU_EnableDBGStandbyMode)
    HAL_DBGMCU_EnableDBGStopMode             0x08000f59   Thumb Code    14  stm32l1xx_hal.o(i.HAL_DBGMCU_EnableDBGStopMode)
    HAL_Delay                                0x08000f6d   Thumb Code    26  stm32l1xx_hal.o(i.HAL_Delay)
    HAL_GPIO_EXTI_Callback                   0x08000f89   Thumb Code    40  gpio-board.o(i.HAL_GPIO_EXTI_Callback)
    HAL_GPIO_EXTI_IRQHandler                 0x08000fb5   Thumb Code    24  stm32l1xx_hal_gpio.o(i.HAL_GPIO_EXTI_IRQHandler)
    HAL_GPIO_Init                            0x08000fd1   Thumb Code   430  stm32l1xx_hal_gpio.o(i.HAL_GPIO_Init)
    HAL_GPIO_TogglePin                       0x080011a1   Thumb Code     8  stm32l1xx_hal_gpio.o(i.HAL_GPIO_TogglePin)
    HAL_GPIO_WritePin                        0x080011a9   Thumb Code    12  stm32l1xx_hal_gpio.o(i.HAL_GPIO_WritePin)
    HAL_GetTick                              0x080011b5   Thumb Code     6  stm32l1xx_hal.o(i.HAL_GetTick)
    HAL_IncTick                              0x080011c1   Thumb Code    12  stm32l1xx_hal.o(i.HAL_IncTick)
    HAL_Init                                 0x080011d1   Thumb Code    22  stm32l1xx_hal.o(i.HAL_Init)
    HAL_InitTick                             0x080011e9   Thumb Code    36  stm32l1xx_hal.o(i.HAL_InitTick)
    HAL_MspInit                              0x08001211   Thumb Code     2  stm32l1xx_hal.o(i.HAL_MspInit)
    HAL_NVIC_EnableIRQ                       0x08001213   Thumb Code    26  stm32l1xx_hal_cortex.o(i.HAL_NVIC_EnableIRQ)
    HAL_NVIC_SetPriority                     0x0800122d   Thumb Code   124  stm32l1xx_hal_cortex.o(i.HAL_NVIC_SetPriority)
    HAL_NVIC_SetPriorityGrouping             0x080012a9   Thumb Code    32  stm32l1xx_hal_cortex.o(i.HAL_NVIC_SetPriorityGrouping)
    HAL_PWREx_EnableFastWakeUp               0x080012d1   Thumb Code    20  stm32l1xx_hal_pwr_ex.o(i.HAL_PWREx_EnableFastWakeUp)
    HAL_PWREx_EnableUltraLowPower            0x080012e9   Thumb Code    20  stm32l1xx_hal_pwr_ex.o(i.HAL_PWREx_EnableUltraLowPower)
    HAL_PWR_DisablePVD                       0x08001301   Thumb Code    20  stm32l1xx_hal_pwr.o(i.HAL_PWR_DisablePVD)
    HAL_PWR_EnterSTOPMode                    0x08001319   Thumb Code    54  stm32l1xx_hal_pwr.o(i.HAL_PWR_EnterSTOPMode)
    HAL_RCCEx_PeriphCLKConfig                0x08001359   Thumb Code   454  stm32l1xx_hal_rcc_ex.o(i.HAL_RCCEx_PeriphCLKConfig)
    HAL_RCC_ClockConfig                      0x0800152d   Thumb Code   728  stm32l1xx_hal_rcc.o(i.HAL_RCC_ClockConfig)
    HAL_RCC_GetHCLKFreq                      0x08001815   Thumb Code     6  stm32l1xx_hal_rcc.o(i.HAL_RCC_GetHCLKFreq)
    HAL_RCC_GetPCLK1Freq                     0x08001821   Thumb Code    36  stm32l1xx_hal_rcc.o(i.HAL_RCC_GetPCLK1Freq)
    HAL_RCC_GetPCLK2Freq                     0x0800184d   Thumb Code    36  stm32l1xx_hal_rcc.o(i.HAL_RCC_GetPCLK2Freq)
    HAL_RCC_GetSysClockFreq                  0x08001879   Thumb Code   164  stm32l1xx_hal_rcc.o(i.HAL_RCC_GetSysClockFreq)
    HAL_RCC_OscConfig                        0x0800192d   Thumb Code  2484  stm32l1xx_hal_rcc.o(i.HAL_RCC_OscConfig)
    HAL_RTCEx_AlarmBEventCallback            0x080022e9   Thumb Code     2  stm32l1xx_hal_rtc_ex.o(i.HAL_RTCEx_AlarmBEventCallback)
    HAL_RTCEx_DeactivateWakeUpTimer          0x080022eb   Thumb Code   152  stm32l1xx_hal_rtc_ex.o(i.HAL_RTCEx_DeactivateWakeUpTimer)
    HAL_RTC_AlarmAEventCallback              0x08002383   Thumb Code     2  stm32l1xx_hal_rtc.o(i.HAL_RTC_AlarmAEventCallback)
    HAL_RTC_AlarmIRQHandler                  0x08002385   Thumb Code   102  stm32l1xx_hal_rtc.o(i.HAL_RTC_AlarmIRQHandler)
    HAL_RTC_DeactivateAlarm                  0x080023f1   Thumb Code   244  stm32l1xx_hal_rtc.o(i.HAL_RTC_DeactivateAlarm)
    HAL_RTC_GetAlarm                         0x080024e5   Thumb Code   130  stm32l1xx_hal_rtc_ex.o(i.HAL_RTC_GetAlarm)
    HAL_RTC_GetDate                          0x08002569   Thumb Code    72  stm32l1xx_hal_rtc.o(i.HAL_RTC_GetDate)
    HAL_RTC_GetTime                          0x080025b5   Thumb Code    80  stm32l1xx_hal_rtc_ex.o(i.HAL_RTC_GetTime)
    HAL_RTC_Init                             0x08002609   Thumb Code   176  stm32l1xx_hal_rtc.o(i.HAL_RTC_Init)
    HAL_RTC_MspInit                          0x080026bd   Thumb Code     2  stm32l1xx_hal_rtc.o(i.HAL_RTC_MspInit)
    HAL_RTC_SetAlarm_IT                      0x080026c1   Thumb Code   522  stm32l1xx_hal_rtc_ex.o(i.HAL_RTC_SetAlarm_IT)
    HAL_RTC_SetDate                          0x080028d1   Thumb Code   260  stm32l1xx_hal_rtc.o(i.HAL_RTC_SetDate)
    HAL_RTC_SetTime                          0x080029d9   Thumb Code   294  stm32l1xx_hal_rtc.o(i.HAL_RTC_SetTime)
    HAL_RTC_WaitForSynchro                   0x08002b05   Thumb Code    58  stm32l1xx_hal_rtc_ex.o(i.HAL_RTC_WaitForSynchro)
    HAL_SPI_DeInit                           0x08002b3f   Thumb Code    48  stm32l1xx_hal_spi.o(i.HAL_SPI_DeInit)
    HAL_SPI_Init                             0x08002b6f   Thumb Code   124  stm32l1xx_hal_spi_ex.o(i.HAL_SPI_Init)
    HAL_SPI_MspDeInit                        0x08002beb   Thumb Code     2  stm32l1xx_hal_spi.o(i.HAL_SPI_MspDeInit)
    HAL_SPI_MspInit                          0x08002bed   Thumb Code     2  stm32l1xx_hal_spi.o(i.HAL_SPI_MspInit)
    HAL_SYSTICK_CLKSourceConfig              0x08002bef   Thumb Code    40  stm32l1xx_hal_cortex.o(i.HAL_SYSTICK_CLKSourceConfig)
    HAL_SYSTICK_Callback                     0x08002c17   Thumb Code     2  stm32l1xx_hal_cortex.o(i.HAL_SYSTICK_Callback)
    HAL_SYSTICK_Config                       0x08002c19   Thumb Code    52  stm32l1xx_hal_cortex.o(i.HAL_SYSTICK_Config)
    HAL_SYSTICK_IRQHandler                   0x08002c4d   Thumb Code     8  stm32l1xx_hal_cortex.o(i.HAL_SYSTICK_IRQHandler)
    HAL_TIM_Base_Init                        0x08002c55   Thumb Code    52  stm32l1xx_hal_tim.o(i.HAL_TIM_Base_Init)
    HAL_TIM_Base_MspInit                     0x08002c89   Thumb Code   166  tim-board.o(i.HAL_TIM_Base_MspInit)
    HAL_TIM_Base_Start_IT                    0x08002d3d   Thumb Code    30  stm32l1xx_hal_tim.o(i.HAL_TIM_Base_Start_IT)
    HAL_TIM_IC_CaptureCallback               0x08002d5b   Thumb Code     2  stm32l1xx_hal_tim.o(i.HAL_TIM_IC_CaptureCallback)
    HAL_TIM_IRQHandler                       0x08002d5d   Thumb Code   338  stm32l1xx_hal_tim.o(i.HAL_TIM_IRQHandler)
    HAL_TIM_OC_DelayElapsedCallback          0x08002eaf   Thumb Code     2  stm32l1xx_hal_tim.o(i.HAL_TIM_OC_DelayElapsedCallback)
    HAL_TIM_PWM_PulseFinishedCallback        0x08002eb1   Thumb Code     2  stm32l1xx_hal_tim.o(i.HAL_TIM_PWM_PulseFinishedCallback)
    HAL_TIM_PeriodElapsedCallback            0x08002eb5   Thumb Code    96  tim-board.o(i.HAL_TIM_PeriodElapsedCallback)
    HAL_TIM_TriggerCallback                  0x08002f31   Thumb Code     2  stm32l1xx_hal_tim.o(i.HAL_TIM_TriggerCallback)
    HAL_UART_Init                            0x08002f33   Thumb Code   110  stm32l1xx_hal_uart.o(i.HAL_UART_Init)
    HAL_UART_MspInit                         0x08002fa1   Thumb Code     2  stm32l1xx_hal_uart.o(i.HAL_UART_MspInit)
    HAL_UART_Receive_IT                      0x08002fa3   Thumb Code   134  stm32l1xx_hal_uart.o(i.HAL_UART_Receive_IT)
    LoRa_DataParse                           0x08003029   Thumb Code   250  main.o(i.LoRa_DataParse)
    LoRa_ReadSensorProcess                   0x08003175   Thumb Code   146  main.o(i.LoRa_ReadSensorProcess)
    LoRa_SendRead                            0x08003259   Thumb Code    62  main.o(i.LoRa_SendRead)
    MemManage_Handler                        0x0800329d   Thumb Code     4  sysirqhandlers.o(i.MemManage_Handler)
    MyRadioRxDoneProcess                     0x080032a1   Thumb Code    36  main.o(i.MyRadioRxDoneProcess)
    NMI_Handler                              0x080032c9   Thumb Code     2  sysirqhandlers.o(i.NMI_Handler)
    NS_RadioEventsInit                       0x080032cd   Thumb Code    34  ns_radio.o(i.NS_RadioEventsInit)
    NS_RadioInit                             0x0800330d   Thumb Code    38  ns_radio.o(i.NS_RadioInit)
    NS_RadioSetTxRxConfig                    0x08003339   Thumb Code   106  ns_radio.o(i.NS_RadioSetTxRxConfig)
    OLED_Clear                               0x080033e1   Thumb Code    64  hal_oled.o(i.OLED_Clear)
    OLED_Init                                0x08003421   Thumb Code   320  hal_oled.o(i.OLED_Init)
    OLED_InitView                            0x08003571   Thumb Code    18  main.o(i.OLED_InitView)
    OLED_Set_Pos                             0x08003595   Thumb Code    46  hal_oled.o(i.OLED_Set_Pos)
    OLED_ShowChar                            0x080035c5   Thumb Code   106  hal_oled.o(i.OLED_ShowChar)
    OLED_ShowString                          0x08003635   Thumb Code    54  hal_oled.o(i.OLED_ShowString)
    OLED_WR_Byte                             0x0800366d   Thumb Code   108  hal_oled.o(i.OLED_WR_Byte)
    OnRxDone                                 0x080036f5   Thumb Code    56  ns_radio.o(i.OnRxDone)
    OnRxError                                0x08003741   Thumb Code    20  ns_radio.o(i.OnRxError)
    OnRxTimeout                              0x08003759   Thumb Code    20  ns_radio.o(i.OnRxTimeout)
    OnTxDone                                 0x08003771   Thumb Code    20  ns_radio.o(i.OnTxDone)
    OnTxTimeout                              0x08003789   Thumb Code    20  ns_radio.o(i.OnTxTimeout)
    PlatformInit                             0x080037a1   Thumb Code    64  main.o(i.PlatformInit)
    RTC_Alarm_IRQHandler                     0x080038b5   Thumb Code    38  rtc-board.o(i.RTC_Alarm_IRQHandler)
    RTC_Bcd2ToByte                           0x080038e1   Thumb Code    22  stm32l1xx_hal_rtc.o(i.RTC_Bcd2ToByte)
    RTC_ByteToBcd2                           0x080038f7   Thumb Code    26  stm32l1xx_hal_rtc.o(i.RTC_ByteToBcd2)
    RTC_EnterInitMode                        0x08003911   Thumb Code    62  stm32l1xx_hal_rtc.o(i.RTC_EnterInitMode)
    ReadRadioRxBuffer                        0x08003951   Thumb Code    36  ns_radio.o(i.ReadRadioRxBuffer)
    RtcEnterLowPowerStopMode                 0x08003e3d   Thumb Code    54  rtc-board.o(i.RtcEnterLowPowerStopMode)
    RtcGetAdjustedTimeoutValue               0x08003e81   Thumb Code    62  rtc-board.o(i.RtcGetAdjustedTimeoutValue)
    RtcGetElapsedAlarmTime                   0x08003f11   Thumb Code    38  rtc-board.o(i.RtcGetElapsedAlarmTime)
    RtcInit                                  0x08003f3d   Thumb Code   158  rtc-board.o(i.RtcInit)
    RtcRecoverMcuStatus                      0x08003fed   Thumb Code    60  rtc-board.o(i.RtcRecoverMcuStatus)
    RtcSetTimeout                            0x08004035   Thumb Code    12  rtc-board.o(i.RtcSetTimeout)
    SX1276AntSwDeInit                        0x08004191   Thumb Code     2  sx1276-board.o(i.SX1276AntSwDeInit)
    SX1276AntSwInit                          0x08004193   Thumb Code     2  sx1276-board.o(i.SX1276AntSwInit)
    SX1276CheckRfFrequency                   0x08004195   Thumb Code     6  sx1276-board.o(i.SX1276CheckRfFrequency)
    SX1276GetPaSelect                        0x0800419d   Thumb Code    16  sx1276-board.o(i.SX1276GetPaSelect)
    SX1276GetStatus                          0x080041b1   Thumb Code     8  sx1276.o(i.SX1276GetStatus)
    SX1276GetTimeOnAir                       0x080041bd   Thumb Code   628  sx1276.o(i.SX1276GetTimeOnAir)
    SX1276Init                               0x08004459   Thumb Code   114  sx1276.o(i.SX1276Init)
    SX1276IoDeInit                           0x080044ed   Thumb Code    64  sx1276-board.o(i.SX1276IoDeInit)
    SX1276IoInit                             0x08004531   Thumb Code    66  sx1276-board.o(i.SX1276IoInit)
    SX1276IoIrqInit                          0x08004579   Thumb Code    32  sx1276-board.o(i.SX1276IoIrqInit)
    SX1276IsChannelFree                      0x0800459d   Thumb Code    62  sx1276.o(i.SX1276IsChannelFree)
    SX1276OnDio0Irq                          0x080045dd   Thumb Code   872  sx1276.o(i.SX1276OnDio0Irq)
    SX1276OnDio1Irq                          0x08004965   Thumb Code   404  sx1276.o(i.SX1276OnDio1Irq)
    SX1276OnDio2Irq                          0x08004b0d   Thumb Code   322  sx1276.o(i.SX1276OnDio2Irq)
    SX1276OnDio3Irq                          0x08004c61   Thumb Code   104  sx1276.o(i.SX1276OnDio3Irq)
    SX1276OnDio4Irq                          0x08004cd1   Thumb Code    40  sx1276.o(i.SX1276OnDio4Irq)
    SX1276OnTimeoutIrq                       0x08004cfd   Thumb Code   252  sx1276.o(i.SX1276OnTimeoutIrq)
    SX1276Random                             0x08004e09   Thumb Code    64  sx1276.o(i.SX1276Random)
    SX1276Read                               0x08004e49   Thumb Code    20  sx1276.o(i.SX1276Read)
    SX1276ReadBuffer                         0x08004e5d   Thumb Code    66  sx1276.o(i.SX1276ReadBuffer)
    SX1276ReadFifo                           0x08004ea5   Thumb Code    18  sx1276.o(i.SX1276ReadFifo)
    SX1276ReadRssi                           0x08004eb9   Thumb Code    74  sx1276.o(i.SX1276ReadRssi)
    SX1276Reset                              0x08004f0d   Thumb Code     2  sx1276.o(i.SX1276Reset)
    SX1276Send                               0x08004f11   Thumb Code   300  sx1276.o(i.SX1276Send)
    SX1276SetAntSw                           0x08005045   Thumb Code    32  sx1276-board.o(i.SX1276SetAntSw)
    SX1276SetAntSwLowPower                   0x08005065   Thumb Code    28  sx1276-board.o(i.SX1276SetAntSwLowPower)
    SX1276SetChannel                         0x08005085   Thumb Code    68  sx1276.o(i.SX1276SetChannel)
    SX1276SetMaxPayloadLength                0x080050d1   Thumb Code    52  sx1276.o(i.SX1276SetMaxPayloadLength)
    SX1276SetModem                           0x08005109   Thumb Code   154  sx1276.o(i.SX1276SetModem)
    SX1276SetOpMode                          0x080051a9   Thumb Code    50  sx1276.o(i.SX1276SetOpMode)
    SX1276SetPublicNetwork                   0x080051dd   Thumb Code    40  sx1276.o(i.SX1276SetPublicNetwork)
    SX1276SetRfTxPower                       0x08005209   Thumb Code   188  sx1276-board.o(i.SX1276SetRfTxPower)
    SX1276SetRx                              0x080052c9   Thumb Code   746  sx1276.o(i.SX1276SetRx)
    SX1276SetRxConfig                        0x080055dd   Thumb Code   784  sx1276.o(i.SX1276SetRxConfig)
    SX1276SetSleep                           0x08005905   Thumb Code    30  sx1276.o(i.SX1276SetSleep)
    SX1276SetStby                            0x08005931   Thumb Code    30  sx1276.o(i.SX1276SetStby)
    SX1276SetTx                              0x0800595d   Thumb Code   182  sx1276.o(i.SX1276SetTx)
    SX1276SetTxConfig                        0x08005a1d   Thumb Code   608  sx1276.o(i.SX1276SetTxConfig)
    SX1276SetTxContinuousWave                0x08005c89   Thumb Code   148  sx1276.o(i.SX1276SetTxContinuousWave)
    SX1276StartCad                           0x08005d29   Thumb Code    66  sx1276.o(i.SX1276StartCad)
    SX1276Write                              0x08005d71   Thumb Code    16  sx1276.o(i.SX1276Write)
    SX1276WriteBuffer                        0x08005d81   Thumb Code    64  sx1276.o(i.SX1276WriteBuffer)
    SX1276WriteFifo                          0x08005dc5   Thumb Code    18  sx1276.o(i.SX1276WriteFifo)
    SpiDeInit                                0x08005dd7   Thumb Code   102  spi-board.o(i.SpiDeInit)
    SpiFormat                                0x08005e3d   Thumb Code    52  spi-board.o(i.SpiFormat)
    SpiFrequency                             0x08005e71   Thumb Code    74  spi-board.o(i.SpiFrequency)
    SpiInOut                                 0x08005ec1   Thumb Code    80  spi-board.o(i.SpiInOut)
    SpiInit                                  0x08005f11   Thumb Code   434  spi-board.o(i.SpiInit)
    SysTick_Handler                          0x080060d5   Thumb Code    12  board.o(i.SysTick_Handler)
    SystemInit                               0x080062a1   Thumb Code    82  system_stm32l1xx.o(i.SystemInit)
    TIM2_IRQHandler                          0x08006305   Thumb Code    10  tim-board.o(i.TIM2_IRQHandler)
    TIM3_IRQHandler                          0x08006315   Thumb Code    10  tim-board.o(i.TIM3_IRQHandler)
    TIM4_IRQHandler                          0x08006325   Thumb Code    10  tim-board.o(i.TIM4_IRQHandler)
    Tim3McuInit                              0x080063a5   Thumb Code    72  tim-board.o(i.Tim3McuInit)
    TimerGetValue                            0x08006449   Thumb Code     8  timer.o(i.TimerGetValue)
    TimerInit                                0x08006451   Thumb Code    14  timer.o(i.TimerInit)
    TimerIrqHandler                          0x080064f9   Thumb Code   136  timer.o(i.TimerIrqHandler)
    TimerLowPowerHandler                     0x08006585   Thumb Code    58  timer.o(i.TimerLowPowerHandler)
    TimerSetValue                            0x080065e9   Thumb Code    18  timer.o(i.TimerSetValue)
    TimerStart                               0x080065fd   Thumb Code   132  timer.o(i.TimerStart)
    TimerStop                                0x08006685   Thumb Code   230  timer.o(i.TimerStop)
    USART1_GetFlagStatus                     0x08006ac9   Thumb Code    20  usart1-board.o(i.USART1_GetFlagStatus)
    USART1_IRQHandler                        0x08006ae1   Thumb Code    58  usart1-board.o(i.USART1_IRQHandler)
    USART1_Init                              0x08006b2d   Thumb Code    38  usart1-board.o(i.USART1_Init)
    USART1_ReceiveData                       0x08006b59   Thumb Code    10  usart1-board.o(i.USART1_ReceiveData)
    UartConfig                               0x08006b69   Thumb Code    52  uart.o(i.UartConfig)
    UartInit                                 0x08006b9d   Thumb Code    40  uart.o(i.UartInit)
    UartMcuConfig                            0x08006bc5   Thumb Code   268  uart-board.o(i.UartMcuConfig)
    UartMcuInit                              0x08006cdd   Thumb Code   114  uart-board.o(i.UartMcuInit)
    UsageFault_Handler                       0x08006d55   Thumb Code     4  sysirqhandlers.o(i.UsageFault_Handler)
    _is_digit                                0x08006d59   Thumb Code    14  __printf_wp.o(i._is_digit)
    _sys_exit                                0x08006d67   Thumb Code     4  usart1-board.o(i._sys_exit)
    ceil                                     0x08006d6d   Thumb Code   204  ceil.o(i.ceil)
    floor                                    0x08006e49   Thumb Code   204  floor.o(i.floor)
    fputc                                    0x08006f25   Thumb Code    24  usart1-board.o(i.fputc)
    main                                     0x08006f41   Thumb Code    20  main.o(i.main)
    memcpy1                                  0x08006f55   Thumb Code    24  utilities.o(i.memcpy1)
    rand1                                    0x08006f6d   Thumb Code    32  utilities.o(i.rand1)
    randr                                    0x08006f95   Thumb Code    26  utilities.o(i.randr)
    round                                    0x08006fb1   Thumb Code   136  round.o(i.round)
    __aeabi_dadd                             0x08007045   Thumb Code     0  daddsub_clz.o(x$fpl$dadd)
    _dadd                                    0x08007045   Thumb Code   332  daddsub_clz.o(x$fpl$dadd)
    __fpl_dcmp_Inf                           0x08007195   Thumb Code    24  dcmpi.o(x$fpl$dcmpinf)
    __aeabi_ddiv                             0x080071ad   Thumb Code     0  ddiv.o(x$fpl$ddiv)
    _ddiv                                    0x080071ad   Thumb Code   552  ddiv.o(x$fpl$ddiv)
    __aeabi_d2iz                             0x0800745d   Thumb Code     0  dfix.o(x$fpl$dfix)
    _dfix                                    0x0800745d   Thumb Code    94  dfix.o(x$fpl$dfix)
    __aeabi_d2uiz                            0x080074bd   Thumb Code     0  dfixu.o(x$fpl$dfixu)
    _dfixu                                   0x080074bd   Thumb Code    90  dfixu.o(x$fpl$dfixu)
    __aeabi_i2d                              0x08007517   Thumb Code     0  dflt_clz.o(x$fpl$dflt)
    _dflt                                    0x08007517   Thumb Code    46  dflt_clz.o(x$fpl$dflt)
    __aeabi_ui2d                             0x08007545   Thumb Code     0  dflt_clz.o(x$fpl$dfltu)
    _dfltu                                   0x08007545   Thumb Code    38  dflt_clz.o(x$fpl$dfltu)
    __aeabi_cdcmple                          0x0800756d   Thumb Code     0  dleqf.o(x$fpl$dleqf)
    _dcmple                                  0x0800756d   Thumb Code   120  dleqf.o(x$fpl$dleqf)
    __fpl_dcmple_InfNaN                      0x080075cf   Thumb Code     0  dleqf.o(x$fpl$dleqf)
    __aeabi_dmul                             0x080075e5   Thumb Code     0  dmul.o(x$fpl$dmul)
    _dmul                                    0x080075e5   Thumb Code   332  dmul.o(x$fpl$dmul)
    __fpl_dnaninf                            0x08007739   Thumb Code   156  dnaninf.o(x$fpl$dnaninf)
    __fpl_dretinf                            0x080077d5   Thumb Code    12  dretinf.o(x$fpl$dretinf)
    __aeabi_cdrcmple                         0x080077e1   Thumb Code     0  drleqf.o(x$fpl$drleqf)
    _drcmple                                 0x080077e1   Thumb Code   108  drleqf.o(x$fpl$drleqf)
    _drnd                                    0x0800784d   Thumb Code   180  drnd.o(x$fpl$drnd)
    __aeabi_drsub                            0x08007901   Thumb Code     0  daddsub_clz.o(x$fpl$drsb)
    _drsb                                    0x08007901   Thumb Code    22  daddsub_clz.o(x$fpl$drsb)
    __aeabi_dsub                             0x08007919   Thumb Code     0  daddsub_clz.o(x$fpl$dsub)
    _dsub                                    0x08007919   Thumb Code   464  daddsub_clz.o(x$fpl$dsub)
    __I$use$fp                               0x08007aec   Number         0  usenofp.o(x$fpl$usenofp)
    Radio                                    0x08007b04   Data          92  sx1276-board.o(.constdata)
    PLLMulTable                              0x08007b60   Data           9  system_stm32l1xx.o(.constdata)
    AHBPrescTable                            0x08007b69   Data          16  system_stm32l1xx.o(.constdata)
    APBPrescTable                            0x08007b79   Data           8  system_stm32l1xx.o(.constdata)
    F6x8                                     0x08007b81   Data         552  hal_oled.o(.constdata)
    F8X16                                    0x08007da9   Data        1520  hal_oled.o(.constdata)
    F8X16_2                                  0x08008399   Data        1520  hal_oled.o(.constdata)
    RadioRegsInit                            0x0800898c   Data          48  sx1276.o(.constdata)
    FskBandwidths                            0x080089bc   Data         176  sx1276.o(.constdata)
    Region$$Table$$Base                      0x08008aa8   Number         0  anon$$obj.o(Region$$Table)
    Region$$Table$$Limit                     0x08008ac8   Number         0  anon$$obj.o(Region$$Table)
    NonScheduledWakeUp                       0x20000013   Data           1  rtc-board.o(.data)
    McuWakeUpTime                            0x20000018   Data           4  rtc-board.o(.data)
    User0Timer_MS                            0x20000022   Data           2  tim-board.o(.data)
    User0Timer_S                             0x20000024   Data           1  tim-board.o(.data)
    USART1_RX_TIMEOUT_COUNT                  0x20000025   Data           1  tim-board.o(.data)
    RxData                                   0x20000026   Data           1  uart-board.o(.data)
    TxData                                   0x20000027   Data           1  uart-board.o(.data)
    USART1_RX_COUNT                          0x20000028   Data           2  usart1-board.o(.data)
    F_USART1_RX_FINISH                       0x2000002a   Data           1  usart1-board.o(.data)
    F_USART1_RX_RECEIVING                    0x2000002b   Data           1  usart1-board.o(.data)
    __stdout                                 0x2000002c   Data           4  usart1-board.o(.data)
    SystemCoreClock                          0x20000030   Data           4  system_stm32l1xx.o(.data)
    uwTick                                   0x20000038   Data           4  stm32l1xx_hal.o(.data)
    DioIrq                                   0x20000040   Data          24  sx1276.o(.data)
    HasLoopedThroughMain                     0x2000005c   Data           1  timer.o(.data)
    Led1                                     0x20000180   Data          12  board.o(.bss)
    Led2                                     0x2000018c   Data          12  board.o(.bss)
    Adc                                      0x20000198   Data          12  board.o(.bss)
    Uart1                                    0x200001a4   Data          56  board.o(.bss)
    RtcCalendarContext                       0x20000230   Data          20  rtc-board.o(.bss)
    RtcHandle                                0x20000244   Data          32  rtc-board.o(.bss)
    Tim2Handle                               0x20000264   Data          56  tim-board.o(.bss)
    Tim3Handle                               0x2000029c   Data          56  tim-board.o(.bss)
    Tim4Handle                               0x200002d4   Data          56  tim-board.o(.bss)
    UartHandle                               0x2000030c   Data          64  uart-board.o(.bss)
    USART1_RX_BUF                            0x2000034c   Data         255  usart1-board.o(.bss)
    OLED_CS_PIN                              0x2000044c   Data          12  hal_oled.o(.bss)
    OLED_DC_PIN                              0x20000458   Data          12  hal_oled.o(.bss)
    OLED_SCLK_PIN                            0x20000464   Data          12  hal_oled.o(.bss)
    OLED_SDIN_PIN                            0x20000470   Data          12  hal_oled.o(.bss)
    SX1276                                   0x2000057c   Data         320  sx1276.o(.bss)
    TxTimeoutTimer                           0x200006bc   Data          20  sx1276.o(.bss)
    RxTimeoutTimer                           0x200006d0   Data          20  sx1276.o(.bss)
    RxTimeoutSyncWord                        0x200006e4   Data          20  sx1276.o(.bss)
    __libspace_start                         0x200006f8   Data          96  libspace.o(.bss)
    __temporary_stack_top$libspace           0x20000758   Data           0  libspace.o(.bss)



==============================================================================

Memory Map of the image

  Image Entry point : 0x080000f5

  Load Region LR_IROM1 (Base: 0x08000000, Size: 0x00008b2c, Max: 0x00010000, ABSOLUTE)

    Execution Region ER_IROM1 (Exec base: 0x08000000, Load base: 0x08000000, Size: 0x00008ac8, Max: 0x00010000, ABSOLUTE)

    Exec Addr    Load Addr    Size         Type   Attr      Idx    E Section Name        Object

    0x08000000   0x08000000   0x000000f4   Data   RO         1348    RESET               startup_stm32l151xb.o
    0x080000f4   0x080000f4   0x00000008   Code   RO         6562  * !!!main             c_w.l(__main.o)
    0x080000fc   0x080000fc   0x00000034   Code   RO         6819    !!!scatter          c_w.l(__scatter.o)
    0x08000130   0x08000130   0x0000001a   Code   RO         6821    !!handler_copy      c_w.l(__scatter_copy.o)
    0x0800014a   0x0800014a   0x00000002   PAD
    0x0800014c   0x0800014c   0x0000001c   Code   RO         6823    !!handler_zi        c_w.l(__scatter_zi.o)
    0x08000168   0x08000168   0x00000000   Code   RO         6547    .ARM.Collect$$_printf_percent$$00000000  c_w.l(_printf_percent.o)
    0x08000168   0x08000168   0x00000006   Code   RO         6546    .ARM.Collect$$_printf_percent$$00000009  c_w.l(_printf_d.o)
    0x0800016e   0x0800016e   0x00000006   Code   RO         6545    .ARM.Collect$$_printf_percent$$0000000C  c_w.l(_printf_x.o)
    0x08000174   0x08000174   0x00000006   Code   RO         6544    .ARM.Collect$$_printf_percent$$00000014  c_w.l(_printf_s.o)
    0x0800017a   0x0800017a   0x00000004   Code   RO         6645    .ARM.Collect$$_printf_percent$$00000017  c_w.l(_printf_percent_end.o)
    0x0800017e   0x0800017e   0x00000002   Code   RO         6693    .ARM.Collect$$libinit$$00000000  c_w.l(libinit.o)
    0x08000180   0x08000180   0x00000000   Code   RO         6700    .ARM.Collect$$libinit$$00000002  c_w.l(libinit2.o)
    0x08000180   0x08000180   0x00000000   Code   RO         6702    .ARM.Collect$$libinit$$00000004  c_w.l(libinit2.o)
    0x08000180   0x08000180   0x00000000   Code   RO         6705    .ARM.Collect$$libinit$$0000000A  c_w.l(libinit2.o)
    0x08000180   0x08000180   0x00000000   Code   RO         6707    .ARM.Collect$$libinit$$0000000C  c_w.l(libinit2.o)
    0x08000180   0x08000180   0x00000000   Code   RO         6709    .ARM.Collect$$libinit$$0000000E  c_w.l(libinit2.o)
    0x08000180   0x08000180   0x00000000   Code   RO         6712    .ARM.Collect$$libinit$$00000011  c_w.l(libinit2.o)
    0x08000180   0x08000180   0x00000000   Code   RO         6714    .ARM.Collect$$libinit$$00000013  c_w.l(libinit2.o)
    0x08000180   0x08000180   0x00000000   Code   RO         6716    .ARM.Collect$$libinit$$00000015  c_w.l(libinit2.o)
    0x08000180   0x08000180   0x00000000   Code   RO         6718    .ARM.Collect$$libinit$$00000017  c_w.l(libinit2.o)
    0x08000180   0x08000180   0x00000000   Code   RO         6720    .ARM.Collect$$libinit$$00000019  c_w.l(libinit2.o)
    0x08000180   0x08000180   0x00000000   Code   RO         6722    .ARM.Collect$$libinit$$0000001B  c_w.l(libinit2.o)
    0x08000180   0x08000180   0x00000000   Code   RO         6724    .ARM.Collect$$libinit$$0000001D  c_w.l(libinit2.o)
    0x08000180   0x08000180   0x00000000   Code   RO         6726    .ARM.Collect$$libinit$$0000001F  c_w.l(libinit2.o)
    0x08000180   0x08000180   0x00000000   Code   RO         6728    .ARM.Collect$$libinit$$00000021  c_w.l(libinit2.o)
    0x08000180   0x08000180   0x00000000   Code   RO         6730    .ARM.Collect$$libinit$$00000023  c_w.l(libinit2.o)
    0x08000180   0x08000180   0x00000000   Code   RO         6732    .ARM.Collect$$libinit$$00000025  c_w.l(libinit2.o)
    0x08000180   0x08000180   0x00000000   Code   RO         6736    .ARM.Collect$$libinit$$0000002C  c_w.l(libinit2.o)
    0x08000180   0x08000180   0x00000000   Code   RO         6738    .ARM.Collect$$libinit$$0000002E  c_w.l(libinit2.o)
    0x08000180   0x08000180   0x00000000   Code   RO         6740    .ARM.Collect$$libinit$$00000030  c_w.l(libinit2.o)
    0x08000180   0x08000180   0x00000000   Code   RO         6742    .ARM.Collect$$libinit$$00000032  c_w.l(libinit2.o)
    0x08000180   0x08000180   0x00000002   Code   RO         6743    .ARM.Collect$$libinit$$00000033  c_w.l(libinit2.o)
    0x08000182   0x08000182   0x00000002   Code   RO         6761    .ARM.Collect$$libshutdown$$00000000  c_w.l(libshutdown.o)
    0x08000184   0x08000184   0x00000000   Code   RO         6771    .ARM.Collect$$libshutdown$$00000002  c_w.l(libshutdown2.o)
    0x08000184   0x08000184   0x00000000   Code   RO         6773    .ARM.Collect$$libshutdown$$00000004  c_w.l(libshutdown2.o)
    0x08000184   0x08000184   0x00000000   Code   RO         6776    .ARM.Collect$$libshutdown$$00000007  c_w.l(libshutdown2.o)
    0x08000184   0x08000184   0x00000000   Code   RO         6779    .ARM.Collect$$libshutdown$$0000000A  c_w.l(libshutdown2.o)
    0x08000184   0x08000184   0x00000000   Code   RO         6781    .ARM.Collect$$libshutdown$$0000000C  c_w.l(libshutdown2.o)
    0x08000184   0x08000184   0x00000000   Code   RO         6784    .ARM.Collect$$libshutdown$$0000000F  c_w.l(libshutdown2.o)
    0x08000184   0x08000184   0x00000002   Code   RO         6785    .ARM.Collect$$libshutdown$$00000010  c_w.l(libshutdown2.o)
    0x08000186   0x08000186   0x00000000   Code   RO         6634    .ARM.Collect$$rtentry$$00000000  c_w.l(__rtentry.o)
    0x08000186   0x08000186   0x00000000   Code   RO         6662    .ARM.Collect$$rtentry$$00000002  c_w.l(__rtentry2.o)
    0x08000186   0x08000186   0x00000006   Code   RO         6674    .ARM.Collect$$rtentry$$00000004  c_w.l(__rtentry4.o)
    0x0800018c   0x0800018c   0x00000000   Code   RO         6664    .ARM.Collect$$rtentry$$00000009  c_w.l(__rtentry2.o)
    0x0800018c   0x0800018c   0x00000004   Code   RO         6665    .ARM.Collect$$rtentry$$0000000A  c_w.l(__rtentry2.o)
    0x08000190   0x08000190   0x00000000   Code   RO         6667    .ARM.Collect$$rtentry$$0000000C  c_w.l(__rtentry2.o)
    0x08000190   0x08000190   0x00000008   Code   RO         6668    .ARM.Collect$$rtentry$$0000000D  c_w.l(__rtentry2.o)
    0x08000198   0x08000198   0x00000002   Code   RO         6697    .ARM.Collect$$rtexit$$00000000  c_w.l(rtexit.o)
    0x0800019a   0x0800019a   0x00000000   Code   RO         6745    .ARM.Collect$$rtexit$$00000002  c_w.l(rtexit2.o)
    0x0800019a   0x0800019a   0x00000004   Code   RO         6746    .ARM.Collect$$rtexit$$00000003  c_w.l(rtexit2.o)
    0x0800019e   0x0800019e   0x00000006   Code   RO         6747    .ARM.Collect$$rtexit$$00000004  c_w.l(rtexit2.o)
    0x080001a4   0x080001a4   0x00000040   Code   RO         1349    .text               startup_stm32l151xb.o
    0x080001e4   0x080001e4   0x00000002   Code   RO         6485    .text               c_w.l(use_no_semi_2.o)
    0x080001e6   0x080001e6   0x00000002   PAD
    0x080001e8   0x080001e8   0x00000018   Code   RO         6491    .text               c_w.l(noretval__2printf.o)
    0x08000200   0x08000200   0x00000028   Code   RO         6493    .text               c_w.l(noretval__2sprintf.o)
    0x08000228   0x08000228   0x0000004e   Code   RO         6497    .text               c_w.l(_printf_pad.o)
    0x08000276   0x08000276   0x00000052   Code   RO         6499    .text               c_w.l(_printf_str.o)
    0x080002c8   0x080002c8   0x00000078   Code   RO         6501    .text               c_w.l(_printf_dec.o)
    0x08000340   0x08000340   0x00000058   Code   RO         6506    .text               c_w.l(_printf_hex_int.o)
    0x08000398   0x08000398   0x00000138   Code   RO         6536    .text               c_w.l(__printf_flags_wp.o)
    0x080004d0   0x080004d0   0x0000003e   Code   RO         6548    .text               c_w.l(strlen.o)
    0x0800050e   0x0800050e   0x0000008a   Code   RO         6550    .text               c_w.l(rt_memcpy_v6.o)
    0x08000598   0x08000598   0x00000064   Code   RO         6552    .text               c_w.l(rt_memcpy_w.o)
    0x080005fc   0x080005fc   0x00000010   Code   RO         6554    .text               c_w.l(aeabi_memset.o)
    0x0800060c   0x0800060c   0x00000044   Code   RO         6556    .text               c_w.l(rt_memclr.o)
    0x08000650   0x08000650   0x0000004e   Code   RO         6558    .text               c_w.l(rt_memclr_w.o)
    0x0800069e   0x0800069e   0x00000006   Code   RO         6560    .text               c_w.l(heapauxi.o)
    0x080006a4   0x080006a4   0x00000002   Code   RO         6632    .text               c_w.l(use_no_semi.o)
    0x080006a6   0x080006a6   0x000000b2   Code   RO         6635    .text               c_w.l(_printf_intcommon.o)
    0x08000758   0x08000758   0x00000030   Code   RO         6637    .text               c_w.l(_printf_char_common.o)
    0x08000788   0x08000788   0x0000000a   Code   RO         6639    .text               c_w.l(_sputc.o)
    0x08000792   0x08000792   0x0000002c   Code   RO         6641    .text               c_w.l(_printf_char.o)
    0x080007be   0x080007be   0x00000002   PAD
    0x080007c0   0x080007c0   0x00000024   Code   RO         6643    .text               c_w.l(_printf_char_file.o)
    0x080007e4   0x080007e4   0x00000008   Code   RO         6678    .text               c_w.l(ferror.o)
    0x080007ec   0x080007ec   0x0000004a   Code   RO         6684    .text               c_w.l(sys_stackheap_outer.o)
    0x08000836   0x08000836   0x00000012   Code   RO         6686    .text               c_w.l(exit.o)
    0x08000848   0x08000848   0x00000008   Code   RO         6694    .text               c_w.l(libspace.o)
    0x08000850   0x08000850   0x0000000c   Code   RO         6150    i.AdcDeInit         adc.o
    0x0800085c   0x0800085c   0x00000018   Code   RO          782    i.BlockLowPowerDuringTask  rtc-board.o
    0x08000874   0x08000874   0x00000068   Code   RO          389    i.BoardDeInitMcu    board.o
    0x080008dc   0x080008dc   0x00000014   Code   RO          390    i.BoardDisableIrq   board.o
    0x080008f0   0x080008f0   0x00000018   Code   RO          391    i.BoardEnableIrq    board.o
    0x08000908   0x08000908   0x00000058   Code   RO          396    i.BoardInitMcu      board.o
    0x08000960   0x08000960   0x00000040   Code   RO          397    i.BoardInitPeriph   board.o
    0x080009a0   0x080009a0   0x00000064   Code   RO          398    i.BoardUnusedIoInit  board.o
    0x08000a04   0x08000a04   0x00000004   Code   RO         1356    i.BusFault_Handler  sysirqhandlers.o
    0x08000a08   0x08000a08   0x0000003c   Code   RO          399    i.CalibrateSystemWakeupTime  board.o
    0x08000a44   0x08000a44   0x0000001c   Code   RO            4    i.CheckSum          main.o
    0x08000a60   0x08000a60   0x00000002   Code   RO         1357    i.DebugMon_Handler  sysirqhandlers.o
    0x08000a62   0x08000a62   0x0000000c   Code   RO         6189    i.DelayMs           delay.o
    0x08000a6e   0x08000a6e   0x0000000e   Code   RO          562    i.EXTI0_IRQHandler  gpio-board.o
    0x08000a7c   0x08000a7c   0x00000038   Code   RO          563    i.EXTI15_10_IRQHandler  gpio-board.o
    0x08000ab4   0x08000ab4   0x0000000e   Code   RO          564    i.EXTI1_IRQHandler  gpio-board.o
    0x08000ac2   0x08000ac2   0x0000000e   Code   RO          565    i.EXTI2_IRQHandler  gpio-board.o
    0x08000ad0   0x08000ad0   0x0000000e   Code   RO          566    i.EXTI3_IRQHandler  gpio-board.o
    0x08000ade   0x08000ade   0x0000000e   Code   RO          567    i.EXTI4_IRQHandler  gpio-board.o
    0x08000aec   0x08000aec   0x0000002a   Code   RO          568    i.EXTI9_5_IRQHandler  gpio-board.o
    0x08000b16   0x08000b16   0x00000022   Code   RO            5    i.ExtractCmdframe   main.o
    0x08000b38   0x08000b38   0x00000004   Code   RO          400    i.GetBoardPowerSource  board.o
    0x08000b3c   0x08000b3c   0x00000038   Code   RO         5910    i.GetFskBandwidthRegValue  sx1276.o
    0x08000b74   0x08000b74   0x0000003c   Code   RO            6    i.GetHexStr         main.o
    0x08000bb0   0x08000bb0   0x0000002c   Code   RO         6265    i.GpioInit          gpio.o
    0x08000bdc   0x08000bdc   0x00000168   Code   RO          569    i.GpioMcuInit       gpio-board.o
    0x08000d44   0x08000d44   0x00000148   Code   RO          572    i.GpioMcuSetInterrupt  gpio-board.o
    0x08000e8c   0x08000e8c   0x00000022   Code   RO          573    i.GpioMcuToggle     gpio-board.o
    0x08000eae   0x08000eae   0x00000026   Code   RO          574    i.GpioMcuWrite      gpio-board.o
    0x08000ed4   0x08000ed4   0x00000028   Code   RO         6268    i.GpioSetInterrupt  gpio.o
    0x08000efc   0x08000efc   0x00000018   Code   RO         6269    i.GpioToggle        gpio.o
    0x08000f14   0x08000f14   0x0000001c   Code   RO         6270    i.GpioWrite         gpio.o
    0x08000f30   0x08000f30   0x00000014   Code   RO         1469    i.HAL_DBGMCU_EnableDBGSleepMode  stm32l1xx_hal.o
    0x08000f44   0x08000f44   0x00000014   Code   RO         1470    i.HAL_DBGMCU_EnableDBGStandbyMode  stm32l1xx_hal.o
    0x08000f58   0x08000f58   0x00000014   Code   RO         1471    i.HAL_DBGMCU_EnableDBGStopMode  stm32l1xx_hal.o
    0x08000f6c   0x08000f6c   0x0000001a   Code   RO         1473    i.HAL_Delay         stm32l1xx_hal.o
    0x08000f86   0x08000f86   0x00000002   PAD
    0x08000f88   0x08000f88   0x0000002c   Code   RO          575    i.HAL_GPIO_EXTI_Callback  gpio-board.o
    0x08000fb4   0x08000fb4   0x0000001c   Code   RO         2507    i.HAL_GPIO_EXTI_IRQHandler  stm32l1xx_hal_gpio.o
    0x08000fd0   0x08000fd0   0x000001d0   Code   RO         2508    i.HAL_GPIO_Init     stm32l1xx_hal_gpio.o
    0x080011a0   0x080011a0   0x00000008   Code   RO         2511    i.HAL_GPIO_TogglePin  stm32l1xx_hal_gpio.o
    0x080011a8   0x080011a8   0x0000000c   Code   RO         2512    i.HAL_GPIO_WritePin  stm32l1xx_hal_gpio.o
    0x080011b4   0x080011b4   0x0000000c   Code   RO         1477    i.HAL_GetTick       stm32l1xx_hal.o
    0x080011c0   0x080011c0   0x00000010   Code   RO         1478    i.HAL_IncTick       stm32l1xx_hal.o
    0x080011d0   0x080011d0   0x00000016   Code   RO         1479    i.HAL_Init          stm32l1xx_hal.o
    0x080011e6   0x080011e6   0x00000002   PAD
    0x080011e8   0x080011e8   0x00000028   Code   RO         1480    i.HAL_InitTick      stm32l1xx_hal.o
    0x08001210   0x08001210   0x00000002   Code   RO         1482    i.HAL_MspInit       stm32l1xx_hal.o
    0x08001212   0x08001212   0x0000001a   Code   RO         1867    i.HAL_NVIC_EnableIRQ  stm32l1xx_hal_cortex.o
    0x0800122c   0x0800122c   0x0000007c   Code   RO         1873    i.HAL_NVIC_SetPriority  stm32l1xx_hal_cortex.o
    0x080012a8   0x080012a8   0x00000028   Code   RO         1874    i.HAL_NVIC_SetPriorityGrouping  stm32l1xx_hal_cortex.o
    0x080012d0   0x080012d0   0x00000018   Code   RO         3520    i.HAL_PWREx_EnableFastWakeUp  stm32l1xx_hal_pwr_ex.o
    0x080012e8   0x080012e8   0x00000018   Code   RO         3522    i.HAL_PWREx_EnableUltraLowPower  stm32l1xx_hal_pwr_ex.o
    0x08001300   0x08001300   0x00000018   Code   RO         3400    i.HAL_PWR_DisablePVD  stm32l1xx_hal_pwr.o
    0x08001318   0x08001318   0x00000040   Code   RO         3411    i.HAL_PWR_EnterSTOPMode  stm32l1xx_hal_pwr.o
    0x08001358   0x08001358   0x000001d4   Code   RO         3686    i.HAL_RCCEx_PeriphCLKConfig  stm32l1xx_hal_rcc_ex.o
    0x0800152c   0x0800152c   0x000002e8   Code   RO         3578    i.HAL_RCC_ClockConfig  stm32l1xx_hal_rcc.o
    0x08001814   0x08001814   0x0000000c   Code   RO         3583    i.HAL_RCC_GetHCLKFreq  stm32l1xx_hal_rcc.o
    0x08001820   0x08001820   0x0000002c   Code   RO         3585    i.HAL_RCC_GetPCLK1Freq  stm32l1xx_hal_rcc.o
    0x0800184c   0x0800184c   0x0000002c   Code   RO         3586    i.HAL_RCC_GetPCLK2Freq  stm32l1xx_hal_rcc.o
    0x08001878   0x08001878   0x000000b4   Code   RO         3587    i.HAL_RCC_GetSysClockFreq  stm32l1xx_hal_rcc.o
    0x0800192c   0x0800192c   0x000009bc   Code   RO         3590    i.HAL_RCC_OscConfig  stm32l1xx_hal_rcc.o
    0x080022e8   0x080022e8   0x00000002   Code   RO         3828    i.HAL_RTCEx_AlarmBEventCallback  stm32l1xx_hal_rtc_ex.o
    0x080022ea   0x080022ea   0x00000098   Code   RO         3836    i.HAL_RTCEx_DeactivateWakeUpTimer  stm32l1xx_hal_rtc_ex.o
    0x08002382   0x08002382   0x00000002   Code   RO         3720    i.HAL_RTC_AlarmAEventCallback  stm32l1xx_hal_rtc.o
    0x08002384   0x08002384   0x0000006c   Code   RO         3721    i.HAL_RTC_AlarmIRQHandler  stm32l1xx_hal_rtc.o
    0x080023f0   0x080023f0   0x000000f4   Code   RO         3723    i.HAL_RTC_DeactivateAlarm  stm32l1xx_hal_rtc.o
    0x080024e4   0x080024e4   0x00000082   Code   RO         3858    i.HAL_RTC_GetAlarm  stm32l1xx_hal_rtc_ex.o
    0x08002566   0x08002566   0x00000002   PAD
    0x08002568   0x08002568   0x0000004c   Code   RO         3724    i.HAL_RTC_GetDate   stm32l1xx_hal_rtc.o
    0x080025b4   0x080025b4   0x00000054   Code   RO         3859    i.HAL_RTC_GetTime   stm32l1xx_hal_rtc_ex.o
    0x08002608   0x08002608   0x000000b4   Code   RO         3726    i.HAL_RTC_Init      stm32l1xx_hal_rtc.o
    0x080026bc   0x080026bc   0x00000002   Code   RO         3728    i.HAL_RTC_MspInit   stm32l1xx_hal_rtc.o
    0x080026be   0x080026be   0x00000002   PAD
    0x080026c0   0x080026c0   0x00000210   Code   RO         3861    i.HAL_RTC_SetAlarm_IT  stm32l1xx_hal_rtc_ex.o
    0x080028d0   0x080028d0   0x00000108   Code   RO         3730    i.HAL_RTC_SetDate   stm32l1xx_hal_rtc.o
    0x080029d8   0x080029d8   0x0000012c   Code   RO         3731    i.HAL_RTC_SetTime   stm32l1xx_hal_rtc.o
    0x08002b04   0x08002b04   0x0000003a   Code   RO         3862    i.HAL_RTC_WaitForSynchro  stm32l1xx_hal_rtc_ex.o
    0x08002b3e   0x08002b3e   0x00000030   Code   RO         4095    i.HAL_SPI_DeInit    stm32l1xx_hal_spi.o
    0x08002b6e   0x08002b6e   0x0000007c   Code   RO         4331    i.HAL_SPI_Init      stm32l1xx_hal_spi_ex.o
    0x08002bea   0x08002bea   0x00000002   Code   RO         4101    i.HAL_SPI_MspDeInit  stm32l1xx_hal_spi.o
    0x08002bec   0x08002bec   0x00000002   Code   RO         4102    i.HAL_SPI_MspInit   stm32l1xx_hal_spi.o
    0x08002bee   0x08002bee   0x00000028   Code   RO         1876    i.HAL_SYSTICK_CLKSourceConfig  stm32l1xx_hal_cortex.o
    0x08002c16   0x08002c16   0x00000002   Code   RO         1877    i.HAL_SYSTICK_Callback  stm32l1xx_hal_cortex.o
    0x08002c18   0x08002c18   0x00000034   Code   RO         1878    i.HAL_SYSTICK_Config  stm32l1xx_hal_cortex.o
    0x08002c4c   0x08002c4c   0x00000008   Code   RO         1879    i.HAL_SYSTICK_IRQHandler  stm32l1xx_hal_cortex.o
    0x08002c54   0x08002c54   0x00000034   Code   RO         4375    i.HAL_TIM_Base_Init  stm32l1xx_hal_tim.o
    0x08002c88   0x08002c88   0x000000b4   Code   RO         1052    i.HAL_TIM_Base_MspInit  tim-board.o
    0x08002d3c   0x08002d3c   0x0000001e   Code   RO         4380    i.HAL_TIM_Base_Start_IT  stm32l1xx_hal_tim.o
    0x08002d5a   0x08002d5a   0x00000002   Code   RO         4404    i.HAL_TIM_IC_CaptureCallback  stm32l1xx_hal_tim.o
    0x08002d5c   0x08002d5c   0x00000152   Code   RO         4417    i.HAL_TIM_IRQHandler  stm32l1xx_hal_tim.o
    0x08002eae   0x08002eae   0x00000002   Code   RO         4420    i.HAL_TIM_OC_DelayElapsedCallback  stm32l1xx_hal_tim.o
    0x08002eb0   0x08002eb0   0x00000002   Code   RO         4447    i.HAL_TIM_PWM_PulseFinishedCallback  stm32l1xx_hal_tim.o
    0x08002eb2   0x08002eb2   0x00000002   PAD
    0x08002eb4   0x08002eb4   0x0000007c   Code   RO         1053    i.HAL_TIM_PeriodElapsedCallback  tim-board.o
    0x08002f30   0x08002f30   0x00000002   Code   RO         4458    i.HAL_TIM_TriggerCallback  stm32l1xx_hal_tim.o
    0x08002f32   0x08002f32   0x0000006e   Code   RO         5056    i.HAL_UART_Init     stm32l1xx_hal_uart.o
    0x08002fa0   0x08002fa0   0x00000002   Code   RO         5058    i.HAL_UART_MspInit  stm32l1xx_hal_uart.o
    0x08002fa2   0x08002fa2   0x00000086   Code   RO         5061    i.HAL_UART_Receive_IT  stm32l1xx_hal_uart.o
    0x08003028   0x08003028   0x0000014c   Code   RO            7    i.LoRa_DataParse    main.o
    0x08003174   0x08003174   0x000000e4   Code   RO            8    i.LoRa_ReadSensorProcess  main.o
    0x08003258   0x08003258   0x00000044   Code   RO           10    i.LoRa_SendRead     main.o
    0x0800329c   0x0800329c   0x00000004   Code   RO         1358    i.MemManage_Handler  sysirqhandlers.o
    0x080032a0   0x080032a0   0x00000028   Code   RO           11    i.MyRadioRxDoneProcess  main.o
    0x080032c8   0x080032c8   0x00000002   Code   RO         1359    i.NMI_Handler       sysirqhandlers.o
    0x080032ca   0x080032ca   0x00000002   PAD
    0x080032cc   0x080032cc   0x00000040   Code   RO          307    i.NS_RadioEventsInit  ns_radio.o
    0x0800330c   0x0800330c   0x0000002c   Code   RO          308    i.NS_RadioInit      ns_radio.o
    0x08003338   0x08003338   0x00000070   Code   RO          309    i.NS_RadioSetTxRxConfig  ns_radio.o
    0x080033a8   0x080033a8   0x00000010   Code   RO         1880    i.NVIC_GetPriorityGrouping  stm32l1xx_hal_cortex.o
    0x080033b8   0x080033b8   0x00000028   Code   RO         1881    i.NVIC_SetPriority  stm32l1xx_hal_cortex.o
    0x080033e0   0x080033e0   0x00000040   Code   RO         5704    i.OLED_Clear        hal_oled.o
    0x08003420   0x08003420   0x00000150   Code   RO         5709    i.OLED_Init         hal_oled.o
    0x08003570   0x08003570   0x00000024   Code   RO           12    i.OLED_InitView     main.o
    0x08003594   0x08003594   0x0000002e   Code   RO         5710    i.OLED_Set_Pos      hal_oled.o
    0x080035c2   0x080035c2   0x00000002   PAD
    0x080035c4   0x080035c4   0x00000070   Code   RO         5712    i.OLED_ShowChar     hal_oled.o
    0x08003634   0x08003634   0x00000036   Code   RO         5717    i.OLED_ShowString   hal_oled.o
    0x0800366a   0x0800366a   0x00000002   PAD
    0x0800366c   0x0800366c   0x0000007c   Code   RO         5719    i.OLED_WR_Byte      hal_oled.o
    0x080036e8   0x080036e8   0x0000000c   Code   RO          401    i.OnCalibrateSystemWakeupTimeTimerEvent  board.o
    0x080036f4   0x080036f4   0x0000004c   Code   RO          310    i.OnRxDone          ns_radio.o
    0x08003740   0x08003740   0x00000018   Code   RO          311    i.OnRxError         ns_radio.o
    0x08003758   0x08003758   0x00000018   Code   RO          312    i.OnRxTimeout       ns_radio.o
    0x08003770   0x08003770   0x00000018   Code   RO          313    i.OnTxDone          ns_radio.o
    0x08003788   0x08003788   0x00000018   Code   RO          314    i.OnTxTimeout       ns_radio.o
    0x080037a0   0x080037a0   0x00000068   Code   RO           13    i.PlatformInit      main.o
    0x08003808   0x08003808   0x000000ac   Code   RO         3591    i.RCC_SetFlashLatencyFromMSIRange  stm32l1xx_hal_rcc.o
    0x080038b4   0x080038b4   0x0000002c   Code   RO          783    i.RTC_Alarm_IRQHandler  rtc-board.o
    0x080038e0   0x080038e0   0x00000016   Code   RO         3732    i.RTC_Bcd2ToByte    stm32l1xx_hal_rtc.o
    0x080038f6   0x080038f6   0x0000001a   Code   RO         3733    i.RTC_ByteToBcd2    stm32l1xx_hal_rtc.o
    0x08003910   0x08003910   0x0000003e   Code   RO         3734    i.RTC_EnterInitMode  stm32l1xx_hal_rtc.o
    0x0800394e   0x0800394e   0x00000002   PAD
    0x08003950   0x08003950   0x0000002c   Code   RO          316    i.ReadRadioRxBuffer  ns_radio.o
    0x0800397c   0x0800397c   0x0000003c   Code   RO          784    i.RtcCheckCalendarRollOver  rtc-board.o
    0x080039b8   0x080039b8   0x0000025c   Code   RO          787    i.RtcComputeTimerTimeToAlarmTick  rtc-board.o
    0x08003c14   0x08003c14   0x000000a4   Code   RO          788    i.RtcComputeWakeUpTime  rtc-board.o
    0x08003cb8   0x08003cb8   0x00000184   Code   RO          789    i.RtcConvertCalendarTickToTimerTime  rtc-board.o
    0x08003e3c   0x08003e3c   0x00000044   Code   RO          791    i.RtcEnterLowPowerStopMode  rtc-board.o
    0x08003e80   0x08003e80   0x0000004c   Code   RO          792    i.RtcGetAdjustedTimeoutValue  rtc-board.o
    0x08003ecc   0x08003ecc   0x00000044   Code   RO          793    i.RtcGetCalendar    rtc-board.o
    0x08003f10   0x08003f10   0x0000002c   Code   RO          794    i.RtcGetElapsedAlarmTime  rtc-board.o
    0x08003f3c   0x08003f3c   0x000000b0   Code   RO          796    i.RtcInit           rtc-board.o
    0x08003fec   0x08003fec   0x00000048   Code   RO          797    i.RtcRecoverMcuStatus  rtc-board.o
    0x08004034   0x08004034   0x0000000c   Code   RO          798    i.RtcSetTimeout     rtc-board.o
    0x08004040   0x08004040   0x00000098   Code   RO          799    i.RtcStartWakeUpAlarm  rtc-board.o
    0x080040d8   0x080040d8   0x000000b8   Code   RO         5911    i.RxChainCalibration  sx1276.o
    0x08004190   0x08004190   0x00000002   Code   RO          959    i.SX1276AntSwDeInit  sx1276-board.o
    0x08004192   0x08004192   0x00000002   Code   RO          960    i.SX1276AntSwInit   sx1276-board.o
    0x08004194   0x08004194   0x00000006   Code   RO          961    i.SX1276CheckRfFrequency  sx1276-board.o
    0x0800419a   0x0800419a   0x00000002   PAD
    0x0800419c   0x0800419c   0x00000014   Code   RO          962    i.SX1276GetPaSelect  sx1276-board.o
    0x080041b0   0x080041b0   0x0000000c   Code   RO         5912    i.SX1276GetStatus   sx1276.o
    0x080041bc   0x080041bc   0x0000029c   Code   RO         5913    i.SX1276GetTimeOnAir  sx1276.o
    0x08004458   0x08004458   0x00000094   Code   RO         5914    i.SX1276Init        sx1276.o
    0x080044ec   0x080044ec   0x00000044   Code   RO          963    i.SX1276IoDeInit    sx1276-board.o
    0x08004530   0x08004530   0x00000048   Code   RO          964    i.SX1276IoInit      sx1276-board.o
    0x08004578   0x08004578   0x00000024   Code   RO          965    i.SX1276IoIrqInit   sx1276-board.o
    0x0800459c   0x0800459c   0x0000003e   Code   RO         5915    i.SX1276IsChannelFree  sx1276.o
    0x080045da   0x080045da   0x00000002   PAD
    0x080045dc   0x080045dc   0x00000388   Code   RO         5916    i.SX1276OnDio0Irq   sx1276.o
    0x08004964   0x08004964   0x000001a8   Code   RO         5917    i.SX1276OnDio1Irq   sx1276.o
    0x08004b0c   0x08004b0c   0x00000154   Code   RO         5918    i.SX1276OnDio2Irq   sx1276.o
    0x08004c60   0x08004c60   0x00000070   Code   RO         5919    i.SX1276OnDio3Irq   sx1276.o
    0x08004cd0   0x08004cd0   0x0000002c   Code   RO         5920    i.SX1276OnDio4Irq   sx1276.o
    0x08004cfc   0x08004cfc   0x0000010c   Code   RO         5922    i.SX1276OnTimeoutIrq  sx1276.o
    0x08004e08   0x08004e08   0x00000040   Code   RO         5923    i.SX1276Random      sx1276.o
    0x08004e48   0x08004e48   0x00000014   Code   RO         5924    i.SX1276Read        sx1276.o
    0x08004e5c   0x08004e5c   0x00000048   Code   RO         5925    i.SX1276ReadBuffer  sx1276.o
    0x08004ea4   0x08004ea4   0x00000012   Code   RO         5926    i.SX1276ReadFifo    sx1276.o
    0x08004eb6   0x08004eb6   0x00000002   PAD
    0x08004eb8   0x08004eb8   0x00000054   Code   RO         5927    i.SX1276ReadRssi    sx1276.o
    0x08004f0c   0x08004f0c   0x00000002   Code   RO         5928    i.SX1276Reset       sx1276.o
    0x08004f0e   0x08004f0e   0x00000002   PAD
    0x08004f10   0x08004f10   0x00000134   Code   RO         5929    i.SX1276Send        sx1276.o
    0x08005044   0x08005044   0x00000020   Code   RO          966    i.SX1276SetAntSw    sx1276-board.o
    0x08005064   0x08005064   0x00000020   Code   RO          967    i.SX1276SetAntSwLowPower  sx1276-board.o
    0x08005084   0x08005084   0x0000004c   Code   RO         5930    i.SX1276SetChannel  sx1276.o
    0x080050d0   0x080050d0   0x00000038   Code   RO         5931    i.SX1276SetMaxPayloadLength  sx1276.o
    0x08005108   0x08005108   0x000000a0   Code   RO         5932    i.SX1276SetModem    sx1276.o
    0x080051a8   0x080051a8   0x00000032   Code   RO         5933    i.SX1276SetOpMode   sx1276.o
    0x080051da   0x080051da   0x00000002   PAD
    0x080051dc   0x080051dc   0x0000002c   Code   RO         5934    i.SX1276SetPublicNetwork  sx1276.o
    0x08005208   0x08005208   0x000000c0   Code   RO          968    i.SX1276SetRfTxPower  sx1276-board.o
    0x080052c8   0x080052c8   0x00000314   Code   RO         5935    i.SX1276SetRx       sx1276.o
    0x080055dc   0x080055dc   0x00000328   Code   RO         5936    i.SX1276SetRxConfig  sx1276.o
    0x08005904   0x08005904   0x0000002c   Code   RO         5937    i.SX1276SetSleep    sx1276.o
    0x08005930   0x08005930   0x0000002c   Code   RO         5938    i.SX1276SetStby     sx1276.o
    0x0800595c   0x0800595c   0x000000c0   Code   RO         5939    i.SX1276SetTx       sx1276.o
    0x08005a1c   0x08005a1c   0x0000026c   Code   RO         5940    i.SX1276SetTxConfig  sx1276.o
    0x08005c88   0x08005c88   0x000000a0   Code   RO         5941    i.SX1276SetTxContinuousWave  sx1276.o
    0x08005d28   0x08005d28   0x00000048   Code   RO         5942    i.SX1276StartCad    sx1276.o
    0x08005d70   0x08005d70   0x00000010   Code   RO         5943    i.SX1276Write       sx1276.o
    0x08005d80   0x08005d80   0x00000044   Code   RO         5944    i.SX1276WriteBuffer  sx1276.o
    0x08005dc4   0x08005dc4   0x00000012   Code   RO         5945    i.SX1276WriteFifo   sx1276.o
    0x08005dd6   0x08005dd6   0x00000066   Code   RO          911    i.SpiDeInit         spi-board.o
    0x08005e3c   0x08005e3c   0x00000034   Code   RO          912    i.SpiFormat         spi-board.o
    0x08005e70   0x08005e70   0x00000050   Code   RO          913    i.SpiFrequency      spi-board.o
    0x08005ec0   0x08005ec0   0x00000050   Code   RO          914    i.SpiInOut          spi-board.o
    0x08005f10   0x08005f10   0x000001c4   Code   RO          915    i.SpiInit           spi-board.o
    0x080060d4   0x080060d4   0x0000000c   Code   RO          402    i.SysTick_Handler   board.o
    0x080060e0   0x080060e0   0x000000b8   Code   RO          403    i.SystemClockConfig  board.o
    0x08006198   0x08006198   0x00000108   Code   RO          404    i.SystemClockReConfig  board.o
    0x080062a0   0x080062a0   0x00000064   Code   RO         1279    i.SystemInit        system_stm32l1xx.o
    0x08006304   0x08006304   0x00000010   Code   RO         1054    i.TIM2_IRQHandler   tim-board.o
    0x08006314   0x08006314   0x00000010   Code   RO         1055    i.TIM3_IRQHandler   tim-board.o
    0x08006324   0x08006324   0x00000010   Code   RO         1056    i.TIM4_IRQHandler   tim-board.o
    0x08006334   0x08006334   0x00000070   Code   RO         4459    i.TIM_Base_SetConfig  stm32l1xx_hal_tim.o
    0x080063a4   0x080063a4   0x00000084   Code   RO         1058    i.Tim3McuInit       tim-board.o
    0x08006428   0x08006428   0x00000020   Code   RO         6319    i.TimerExists       timer.o
    0x08006448   0x08006448   0x00000008   Code   RO         6323    i.TimerGetValue     timer.o
    0x08006450   0x08006450   0x0000000e   Code   RO         6324    i.TimerInit         timer.o
    0x0800645e   0x0800645e   0x00000002   PAD
    0x08006460   0x08006460   0x0000002c   Code   RO         6325    i.TimerInsertNewHeadTimer  timer.o
    0x0800648c   0x0800648c   0x0000006c   Code   RO         6326    i.TimerInsertTimer  timer.o
    0x080064f8   0x080064f8   0x0000008c   Code   RO         6327    i.TimerIrqHandler   timer.o
    0x08006584   0x08006584   0x00000044   Code   RO         6328    i.TimerLowPowerHandler  timer.o
    0x080065c8   0x080065c8   0x00000020   Code   RO         6330    i.TimerSetTimeout   timer.o
    0x080065e8   0x080065e8   0x00000012   Code   RO         6331    i.TimerSetValue     timer.o
    0x080065fa   0x080065fa   0x00000002   PAD
    0x080065fc   0x080065fc   0x00000088   Code   RO         6332    i.TimerStart        timer.o
    0x08006684   0x08006684   0x000000ec   Code   RO         6333    i.TimerStop         timer.o
    0x08006770   0x08006770   0x00000358   Code   RO         5076    i.UART_SetConfig    stm32l1xx_hal_uart.o
    0x08006ac8   0x08006ac8   0x00000018   Code   RO         1195    i.USART1_GetFlagStatus  usart1-board.o
    0x08006ae0   0x08006ae0   0x0000004c   Code   RO         1196    i.USART1_IRQHandler  usart1-board.o
    0x08006b2c   0x08006b2c   0x0000002c   Code   RO         1197    i.USART1_Init       usart1-board.o
    0x08006b58   0x08006b58   0x00000010   Code   RO         1199    i.USART1_ReceiveData  usart1-board.o
    0x08006b68   0x08006b68   0x00000034   Code   RO         6426    i.UartConfig        uart.o
    0x08006b9c   0x08006b9c   0x00000028   Code   RO         6430    i.UartInit          uart.o
    0x08006bc4   0x08006bc4   0x00000118   Code   RO         1128    i.UartMcuConfig     uart-board.o
    0x08006cdc   0x08006cdc   0x00000078   Code   RO         1131    i.UartMcuInit       uart-board.o
    0x08006d54   0x08006d54   0x00000004   Code   RO         1360    i.UsageFault_Handler  sysirqhandlers.o
    0x08006d58   0x08006d58   0x0000000e   Code   RO         6534    i._is_digit         c_w.l(__printf_wp.o)
    0x08006d66   0x08006d66   0x00000004   Code   RO         1202    i._sys_exit         usart1-board.o
    0x08006d6a   0x08006d6a   0x00000002   PAD
    0x08006d6c   0x08006d6c   0x000000dc   Code   RO         6623    i.ceil              m_ws.l(ceil.o)
    0x08006e48   0x08006e48   0x000000dc   Code   RO         6627    i.floor             m_ws.l(floor.o)
    0x08006f24   0x08006f24   0x0000001c   Code   RO         1203    i.fputc             usart1-board.o
    0x08006f40   0x08006f40   0x00000014   Code   RO           14    i.main              main.o
    0x08006f54   0x08006f54   0x00000018   Code   RO         1405    i.memcpy1           utilities.o
    0x08006f6c   0x08006f6c   0x00000028   Code   RO         1408    i.rand1             utilities.o
    0x08006f94   0x08006f94   0x0000001a   Code   RO         1409    i.randr             utilities.o
    0x08006fae   0x08006fae   0x00000002   PAD
    0x08006fb0   0x08006fb0   0x00000094   Code   RO         6630    i.round             m_ws.l(round.o)
    0x08007044   0x08007044   0x00000150   Code   RO         6566    x$fpl$dadd          fz_ws.l(daddsub_clz.o)
    0x08007194   0x08007194   0x00000018   Code   RO         6646    x$fpl$dcmpinf       fz_ws.l(dcmpi.o)
    0x080071ac   0x080071ac   0x000002b0   Code   RO         6573    x$fpl$ddiv          fz_ws.l(ddiv.o)
    0x0800745c   0x0800745c   0x0000005e   Code   RO         6576    x$fpl$dfix          fz_ws.l(dfix.o)
    0x080074ba   0x080074ba   0x00000002   PAD
    0x080074bc   0x080074bc   0x0000005a   Code   RO         6580    x$fpl$dfixu         fz_ws.l(dfixu.o)
    0x08007516   0x08007516   0x0000002e   Code   RO         6585    x$fpl$dflt          fz_ws.l(dflt_clz.o)
    0x08007544   0x08007544   0x00000026   Code   RO         6584    x$fpl$dfltu         fz_ws.l(dflt_clz.o)
    0x0800756a   0x0800756a   0x00000002   PAD
    0x0800756c   0x0800756c   0x00000078   Code   RO         6590    x$fpl$dleqf         fz_ws.l(dleqf.o)
    0x080075e4   0x080075e4   0x00000154   Code   RO         6592    x$fpl$dmul          fz_ws.l(dmul.o)
    0x08007738   0x08007738   0x0000009c   Code   RO         6648    x$fpl$dnaninf       fz_ws.l(dnaninf.o)
    0x080077d4   0x080077d4   0x0000000c   Code   RO         6650    x$fpl$dretinf       fz_ws.l(dretinf.o)
    0x080077e0   0x080077e0   0x0000006c   Code   RO         6594    x$fpl$drleqf        fz_ws.l(drleqf.o)
    0x0800784c   0x0800784c   0x000000b4   Code   RO         6652    x$fpl$drnd          fz_ws.l(drnd.o)
    0x08007900   0x08007900   0x00000016   Code   RO         6567    x$fpl$drsb          fz_ws.l(daddsub_clz.o)
    0x08007916   0x08007916   0x00000002   PAD
    0x08007918   0x08007918   0x000001d4   Code   RO         6568    x$fpl$dsub          fz_ws.l(daddsub_clz.o)
    0x08007aec   0x08007aec   0x00000000   Code   RO         6660    x$fpl$usenofp       fz_ws.l(usenofp.o)
    0x08007aec   0x08007aec   0x00000018   Data   RO          801    .constdata          rtc-board.o
    0x08007b04   0x08007b04   0x0000005c   Data   RO          970    .constdata          sx1276-board.o
    0x08007b60   0x08007b60   0x00000021   Data   RO         1280    .constdata          system_stm32l1xx.o
    0x08007b81   0x08007b81   0x00000e08   Data   RO         5722    .constdata          hal_oled.o
    0x08008989   0x08008989   0x00000003   PAD
    0x0800898c   0x0800898c   0x000000e0   Data   RO         5947    .constdata          sx1276.o
    0x08008a6c   0x08008a6c   0x00000028   Data   RO         6507    .constdata          c_w.l(_printf_hex_int.o)
    0x08008a94   0x08008a94   0x00000011   Data   RO         6537    .constdata          c_w.l(__printf_flags_wp.o)
    0x08008aa5   0x08008aa5   0x00000003   PAD
    0x08008aa8   0x08008aa8   0x00000020   Data   RO         6817    Region$$Table       anon$$obj.o


    Execution Region RW_IRAM1 (Exec base: 0x20000000, Load base: 0x08008ac8, Size: 0x00001358, Max: 0x00002800, ABSOLUTE)

    Exec Addr    Load Addr    Size         Type   Attr      Idx    E Section Name        Object

    0x20000000   0x08008ac8   0x00000003   Data   RW           16    .data               main.o
    0x20000003   0x08008acb   0x00000001   PAD
    0x20000004   0x08008acc   0x00000004   Data   RW          318    .data               ns_radio.o
    0x20000008   0x08008ad0   0x00000006   Data   RW          406    .data               board.o
    0x2000000e   0x08008ad6   0x00000002   PAD
    0x20000010   0x08008ad8   0x00000010   Data   RW          802    .data               rtc-board.o
    0x20000020   0x08008ae8   0x00000001   Data   RW          971    .data               sx1276-board.o
    0x20000021   0x08008ae9   0x00000001   PAD
    0x20000022   0x08008aea   0x00000004   Data   RW         1061    .data               tim-board.o
    0x20000026   0x08008aee   0x00000002   Data   RW         1134    .data               uart-board.o
    0x20000028   0x08008af0   0x00000008   Data   RW         1205    .data               usart1-board.o
    0x20000030   0x08008af8   0x00000004   Data   RW         1281    .data               system_stm32l1xx.o
    0x20000034   0x08008afc   0x00000004   Data   RW         1411    .data               utilities.o
    0x20000038   0x08008b00   0x00000004   Data   RW         1485    .data               stm32l1xx_hal.o
    0x2000003c   0x08008b04   0x0000001c   Data   RW         5948    .data               sx1276.o
    0x20000058   0x08008b20   0x00000001   Data   RW         6153    .data               adc.o
    0x20000059   0x08008b21   0x00000003   PAD
    0x2000005c   0x08008b24   0x00000008   Data   RW         6334    .data               timer.o
    0x20000064        -       0x0000011b   Zero   RW          317    .bss                ns_radio.o
    0x2000017f   0x08008b2c   0x00000001   PAD
    0x20000180        -       0x00000070   Zero   RW          405    .bss                board.o
    0x200001f0        -       0x00000040   Zero   RW          576    .bss                gpio-board.o
    0x20000230        -       0x00000034   Zero   RW          800    .bss                rtc-board.o
    0x20000264        -       0x000000a8   Zero   RW         1060    .bss                tim-board.o
    0x2000030c        -       0x00000040   Zero   RW         1133    .bss                uart-board.o
    0x2000034c        -       0x000000ff   Zero   RW         1204    .bss                usart1-board.o
    0x2000044b   0x08008b2c   0x00000001   PAD
    0x2000044c        -       0x00000030   Zero   RW         5721    .bss                hal_oled.o
    0x2000047c        -       0x0000027c   Zero   RW         5946    .bss                sx1276.o
    0x200006f8        -       0x00000060   Zero   RW         6695    .bss                c_w.l(libspace.o)
    0x20000758        -       0x00000800   Zero   RW         1347    HEAP                startup_stm32l151xb.o
    0x20000f58        -       0x00000400   Zero   RW         1346    STACK               startup_stm32l151xb.o


==============================================================================

Image component sizes


      Code (inc. data)   RO Data    RW Data    ZI Data      Debug   Object Name

        12          4          0          1          0       1136   adc.o
       936         72          0          6        112       7859   board.o
        12          0          0          0          0        538   delay.o
       972         52          0          0         64       8771   gpio-board.o
       136          0          0          0          0       3023   gpio.o
       736         38       3592          0         48       5646   hal_oled.o
         0          0          0          0          0      63592   iwdg-board.o
       950        242          0          3          0     397900   main.o
       436         86          0          4        283       6222   ns_radio.o
      1952        194         24         16         52      11358   rtc-board.o
       766         24          0          0          0       4252   spi-board.o
        64         26        244          0       3072        884   startup_stm32l151xb.o
       178         32          0          4          0       6446   stm32l1xx_hal.o
       348         22          0          0          0      30197   stm32l1xx_hal_cortex.o
       512         38          0          0          0       3764   stm32l1xx_hal_gpio.o
        88         14          0          0          0       1257   stm32l1xx_hal_pwr.o
        48          8          0          0          0       1197   stm32l1xx_hal_pwr_ex.o
      3688        106          0          0          0       7528   stm32l1xx_hal_rcc.o
       468         14          0          0          0       1588   stm32l1xx_hal_rcc_ex.o
      1286         24          0          0          0       9019   stm32l1xx_hal_rtc.o
       954         10          0          0          0       5666   stm32l1xx_hal_rtc_ex.o
        52          0          0          0          0       2415   stm32l1xx_hal_spi.o
       124          0          0          0          0       1207   stm32l1xx_hal_spi_ex.o
       540         22          0          0          0       5990   stm32l1xx_hal_tim.o
      1102          6          0          0          0       3465   stm32l1xx_hal_uart.o
       462         26         92          1          0      10216   sx1276-board.o
      7006        386        224         28        636      26542   sx1276.o
        16          0          0          0          0       2553   sysirqhandlers.o
       100         18         33          4          0      54263   system_stm32l1xx.o
       484        120          0          4        168       4605   tim-board.o
       836         44          0          8          0       7897   timer.o
       400         18          0          2         64       2613   uart-board.o
        92          0          0          0          0       1972   uart.o
       192         38          0          8        255       5651   usart1-board.o
        90          8          0          4          0       2510   utilities.o

    ----------------------------------------------------------------------
     26074       1692       4244        100       4756     709742   Object Totals
         0          0         32          0          0          0   (incl. Generated)
        36          0          3          7          2          0   (incl. Padding)

    ----------------------------------------------------------------------

      Code (inc. data)   RO Data    RW Data    ZI Data      Debug   Library Member Name

         8          0          0          0          0         68   __main.o
       312          4         17          0          0         92   __printf_flags_wp.o
        14          0          0          0          0         68   __printf_wp.o
         0          0          0          0          0          0   __rtentry.o
        12          0          0          0          0          0   __rtentry2.o
         6          0          0          0          0          0   __rtentry4.o
        52          8          0          0          0          0   __scatter.o
        26          0          0          0          0          0   __scatter_copy.o
        28          0          0          0          0          0   __scatter_zi.o
        44          0          0          0          0        108   _printf_char.o
        48          6          0          0          0         96   _printf_char_common.o
        36          4          0          0          0         80   _printf_char_file.o
         6          0          0          0          0          0   _printf_d.o
       120         16          0          0          0         92   _printf_dec.o
        88          4         40          0          0         88   _printf_hex_int.o
       178          0          0          0          0         88   _printf_intcommon.o
        78          0          0          0          0        108   _printf_pad.o
         0          0          0          0          0          0   _printf_percent.o
         4          0          0          0          0          0   _printf_percent_end.o
         6          0          0          0          0          0   _printf_s.o
        82          0          0          0          0         80   _printf_str.o
         6          0          0          0          0          0   _printf_x.o
        10          0          0          0          0         68   _sputc.o
        16          0          0          0          0         68   aeabi_memset.o
        18          0          0          0          0         80   exit.o
         8          0          0          0          0         68   ferror.o
         6          0          0          0          0        152   heapauxi.o
         2          0          0          0          0          0   libinit.o
         2          0          0          0          0          0   libinit2.o
         2          0          0          0          0          0   libshutdown.o
         2          0          0          0          0          0   libshutdown2.o
         8          4          0          0         96         68   libspace.o
        24          4          0          0          0         84   noretval__2printf.o
        40          6          0          0          0         84   noretval__2sprintf.o
        68          0          0          0          0         68   rt_memclr.o
        78          0          0          0          0         80   rt_memclr_w.o
       138          0          0          0          0         68   rt_memcpy_v6.o
       100          0          0          0          0         80   rt_memcpy_w.o
         2          0          0          0          0          0   rtexit.o
        10          0          0          0          0          0   rtexit2.o
        62          0          0          0          0         76   strlen.o
        74          0          0          0          0         80   sys_stackheap_outer.o
         2          0          0          0          0         68   use_no_semi.o
         2          0          0          0          0         68   use_no_semi_2.o
       826         16          0          0          0        348   daddsub_clz.o
        24          0          0          0          0         68   dcmpi.o
       688        140          0          0          0        208   ddiv.o
        94          4          0          0          0         92   dfix.o
        90          4          0          0          0         92   dfixu.o
        84          0          0          0          0        136   dflt_clz.o
       120          4          0          0          0         92   dleqf.o
       340         12          0          0          0        104   dmul.o
       156          4          0          0          0         92   dnaninf.o
        12          0          0          0          0         68   dretinf.o
       108          0          0          0          0         80   drleqf.o
       180          4          0          0          0         80   drnd.o
         0          0          0          0          0          0   usenofp.o
       220         16          0          0          0         84   ceil.o
       220         16          0          0          0         84   floor.o
       148         12          0          0          0         88   round.o

    ----------------------------------------------------------------------
      5150        288         60          0         96       3944   Library Totals
        12          0          3          0          0          0   (incl. Padding)

    ----------------------------------------------------------------------

      Code (inc. data)   RO Data    RW Data    ZI Data      Debug   Library Name

      1828         56         57          0         96       2228   c_w.l
      2722        188          0          0          0       1460   fz_ws.l
       588         44          0          0          0        256   m_ws.l

    ----------------------------------------------------------------------
      5150        288         60          0         96       3944   Library Totals

    ----------------------------------------------------------------------

==============================================================================


      Code (inc. data)   RO Data    RW Data    ZI Data      Debug   

     31224       1980       4304        100       4852     700266   Grand Totals
     31224       1980       4304        100       4852     700266   ELF Image Totals
     31224       1980       4304        100          0          0   ROM Totals

==============================================================================

    Total RO  Size (Code + RO Data)                35528 (  34.70kB)
    Total RW  Size (RW Data + ZI Data)              4952 (   4.84kB)
    Total ROM Size (Code + RO Data + RW Data)      35628 (  34.79kB)

==============================================================================

