<html>
<body>
<pre>
<h1>µVision Build Log</h1>
<h2>Tool Versions:</h2>
IDE-Version: ¦ÌVision V5.25.2.0
Copyright (C) 2018 ARM Ltd and ARM Germany GmbH. All rights reserved.
License Information: Micro Soft, MicroSoft, LIC=FQQNN-Y2MWL-796G1-CC0PA-21WV8-JBPFX
 
Tool Versions:
Toolchain:       MDK-ARM Professional  Version: 5.25.2.0
Toolchain Path:  C:\Keil_v5\ARM\ARMCC\Bin
C Compiler:      Armcc.exe V5.06 update 6 (build 750)
Assembler:       Armasm.exe V5.06 update 6 (build 750)
Linker/Locator:  ArmLink.exe V5.06 update 6 (build 750)
Library Manager: ArmAr.exe V5.06 update 6 (build 750)
Hex Converter:   FromElf.exe V5.06 update 6 (build 750)
CPU DLL:         SARMCM3.DLL V5.25.2.0
Dialog DLL:      DCM.DLL V1.17.1.0
Target DLL:      STLink\ST-LINKIII-KEIL_SWO.dll V3.0.1.0
Dialog DLL:      TCM.DLL V1.35.1.0
 
<h2>Project:</h2>
E:\jidonghao\jidonghao_16\1.STM32\test01\MDK-ARM\test01.uvprojx
Project File Date:  05/19/2022

<h2>Output:</h2>
*** Using Compiler 'V5.06 update 6 (build 750)', folder: 'C:\Keil_v5\ARM\ARMCC\Bin'
Rebuild target 'test01'
assembling startup_stm32f103xe.s...
compiling gpio.c...
../Inc/main.h(57): warning:  #1295-D: Deprecated declaration USER_UART_IRQHandler - give arg types
  void USER_UART_IRQHandler();
../Src/gpio.c: 1 warning, 0 errors
compiling adc.c...
../Inc/main.h(57): warning:  #1295-D: Deprecated declaration USER_UART_IRQHandler - give arg types
  void USER_UART_IRQHandler();
../Src/adc.c: 1 warning, 0 errors
compiling tim.c...
../Inc/main.h(57): warning:  #1295-D: Deprecated declaration USER_UART_IRQHandler - give arg types
  void USER_UART_IRQHandler();
../Src/tim.c: 1 warning, 0 errors
compiling main.c...
../Inc/main.h(57): warning:  #1295-D: Deprecated declaration USER_UART_IRQHandler - give arg types
  void USER_UART_IRQHandler();
../Src/main.c(185): warning:  #188-D: enumerated type mixed with another type
  			HAL_GPIO_WritePin(GPIOE,0xff,1);
../Src/main.c(186): warning:  #188-D: enumerated type mixed with another type
  			HAL_GPIO_WritePin(GPIOE,num,0);
../Src/main.c(188): warning:  #188-D: enumerated type mixed with another type
  			HAL_GPIO_WritePin(GPIOE,0xff,1);
../Src/main.c: 4 warnings, 0 errors
compiling usart.c...
../Inc/main.h(57): warning:  #1295-D: Deprecated declaration USER_UART_IRQHandler - give arg types
  void USER_UART_IRQHandler();
../Src/usart.c: 1 warning, 0 errors
compiling stm32f1xx_hal_gpio_ex.c...
compiling stm32f1xx_hal_msp.c...
../Inc/main.h(57): warning:  #1295-D: Deprecated declaration USER_UART_IRQHandler - give arg types
  void USER_UART_IRQHandler();
../Src/stm32f1xx_hal_msp.c: 1 warning, 0 errors
compiling stm32f1xx_it.c...
../Inc/main.h(57): warning:  #1295-D: Deprecated declaration USER_UART_IRQHandler - give arg types
  void USER_UART_IRQHandler();
../Src/stm32f1xx_it.c: 1 warning, 0 errors
compiling stm32f1xx_hal_adc_ex.c...
compiling stm32f1xx_hal_adc.c...
compiling stm32f1xx_hal_rcc.c...
compiling stm32f1xx_hal.c...
compiling stm32f1xx_hal_tim_ex.c...
compiling stm32f1xx_hal_uart.c...
compiling stm32f1xx_hal_tim.c...
compiling stm32f1xx_hal_cortex.c...
compiling stm32f1xx_hal_gpio.c...
compiling stm32f1xx_hal_pwr.c...
compiling stm32f1xx_hal_rcc_ex.c...
compiling stm32f1xx_hal_dma.c...
compiling system_stm32f1xx.c...
compiling stm32f1xx_hal_exti.c...
compiling stm32f1xx_hal_flash_ex.c...
compiling stm32f1xx_hal_flash.c...
linking...
Program Size: Code=11164 RO-data=360 RW-data=28 ZI-data=1252  
FromELF: creating hex file...
"test01\test01.axf" - 0 Error(s), 10 Warning(s).

<h2>Software Packages used:</h2>

Package Vendor: ARM
                http://www.keil.com/pack/ARM.CMSIS.5.4.0.pack
                ARM.CMSIS.5.4.0
                CMSIS (Cortex Microcontroller Software Interface Standard)
   * Component: CORE Version: 5.1.2

Package Vendor: Keil
                http://www.keil.com/pack/Keil.STM32F1xx_DFP.2.2.0.pack
                Keil.STM32F1xx_DFP.2.2.0
                STMicroelectronics STM32F1 Series Device Support, Drivers and Examples

<h2>Collection of Component include folders:</h2>
  .\RTE\_test01
  C:\Keil_v5\ARM\PACK\ARM\CMSIS\5.4.0\CMSIS\Core\Include
  C:\Keil_v5\ARM\PACK\Keil\STM32F1xx_DFP\2.2.0\Device\Include

<h2>Collection of Component Files used:</h2>

   * Component: ARM::CMSIS:CORE:5.1.2
Build Time Elapsed:  00:00:06
</pre>
</body>
</html>
