<html>
<body>
<pre>
<h1>礦ision Build Log</h1>
<h2>Tool Versions:</h2>
IDE-Version: μVision V5.25.2.0
Copyright (C) 2018 ARM Ltd and ARM Germany GmbH. All rights reserved.
License Information: Micro Soft, MicroSoft, LIC=FQQNN-Y2MWL-796G1-CC0PA-21WV8-JBPFX
 
Tool Versions:
Toolchain:       MDK-ARM Professional  Version: 5.25.2.0
Toolchain Path:  C:\Keil_v5\ARM\ARMCC\Bin
C Compiler:      Armcc.exe V5.06 update 6 (build 750)
Assembler:       Armasm.exe V5.06 update 6 (build 750)
Linker/Locator:  ArmLink.exe V5.06 update 6 (build 750)
Library Manager: ArmAr.exe V5.06 update 6 (build 750)
Hex Converter:   FromElf.exe V5.06 update 6 (build 750)
CPU DLL:         SARMCM3.DLL V5.25.2.0
Dialog DLL:      DCM.DLL V1.17.1.0
Target DLL:      STLink\ST-LINKIII-KEIL_SWO.dll V3.0.1.0
Dialog DLL:      TCM.DLL V1.35.1.0
 
<h2>Project:</h2>
E:\jidonghao\Tencent\document\2855953048\FileRecv\03 RS-485总线通信开发\03 RS-485总线通信开发\Newlab_HAL_master\MDK-ARM\Newlab_HAL_slave.uvprojx
Project File Date:  09/02/2019

<h2>Output:</h2>
*** Using Compiler 'V5.06 update 6 (build 750)', folder: 'C:\Keil_v5\ARM\ARMCC\Bin'
Rebuild target 'Newlab_HAL_master'
assembling startup_stm32f103xe.s...
compiling usmart_str.c...
compiling main.c...
../Src/main.c(106): warning:  #223-D: function "master_get_slave" declared implicitly
      master_get_slave();
../Src/main.c(118): warning:  #223-D: function "modbus_master_rec" declared implicitly
          modbus_master_rec();
../Src/main.c(119): warning:  #223-D: function "master_task" declared implicitly
          master_task();
../Src/main.c: 3 warnings, 0 errors
compiling usmart_config.c...
compiling gpio.c...
compiling usmart.c...
compiling adc.c...
compiling iwdg.c...
compiling dma.c...
compiling tim.c...
compiling usart.c...
compiling stm32f1xx_it.c...
compiling app_test.c...
..\Src\TEST\app_test.c(19): warning:  #177-D: variable "i"  was declared but never referenced
      u8 i=0;
..\Src\TEST\app_test.c(75): warning:  #223-D: function "masterreadDiscRegister" declared implicitly
          masterreadDiscRegister(1,1,1);
..\Src\TEST\app_test.c(116): warning:  #223-D: function "clr485rxbuf" declared implicitly
          clr485rxbuf();
..\Src\TEST\app_test.c: 3 warnings, 0 errors
compiling wwdg.c...
compiling stm32f1xx_hal_msp.c...
compiling flash.c...
compiling holdregister_m.c...
compiling funcdisc_m.c...
compiling app_master.c...
..\Src\app_master.c(56): warning:  #223-D: function "modbus_show_result" declared implicitly
              modbus_show_result(&m_rev_frame);
..\Src\app_master.c(70): warning:  #223-D: function "clr485rxbuf" declared implicitly
          clr485rxbuf();
..\Src\app_master.c(107): warning:  #223-D: function "masterreadDiscRegister" declared implicitly
          masterreadDiscRegister(i+1,0,1);
..\Src\app_master.c(223): warning:  #188-D: enumerated type mixed with another type
          class_sen[rx->address-1].senty=(u8)m_ctrl_dev.rxbuf[4];
..\Src\app_master.c(206): warning:  #177-D: variable "regaddress"  was declared but never referenced
      u16 regaddress;
..\Src\app_master.c(252): warning:  #188-D: enumerated type mixed with another type
          class_sen[rx->address-1].senty=(u8)m_ctrl_dev.rxbuf[4];
..\Src\app_master.c(243): warning:  #177-D: variable "regaddress"  was declared but never referenced
      u16 regaddress;
..\Src\app_master.c(270): warning:  #177-D: variable "regaddress"  was declared but never referenced
      u16 regaddress;
..\Src\app_master.c(317): warning:  #177-D: variable "regaddress"  was declared but never referenced
      u16 regaddress;
..\Src\app_master.c: 9 warnings, 0 errors
compiling malloc.c...
compiling app_slave.c...
compiling mcheck.c...
compiling protocol.c...
..\Src\modbusmaster\protocol.c(57): warning:  #177-D: variable "recbyte"  was declared but never referenced
  	  u8 recbyte=0;
..\Src\modbusmaster\protocol.c(58): warning:  #550-D: variable "res"  was set but never used
      u8 res;
..\Src\modbusmaster\protocol.c: 2 warnings, 0 errors
compiling stm32f1xx_hal_gpio_ex.c...
compiling inputregister_m.c...
compiling stm32f1xx_hal_adc.c...
compiling stm32f1xx_hal_adc_ex.c...
compiling stm32f1xx_hal_iwdg.c...
compiling stm32f1xx_hal_tim_ex.c...
compiling stm32f1xx_hal_uart.c...
compiling stm32f1xx_hal_tim.c...
compiling stm32f1xx_hal_wwdg.c...
compiling stm32f1xx_hal.c...
compiling stm32f1xx_hal_rcc.c...
compiling stm32f1xx_hal_rcc_ex.c...
compiling stm32f1xx_hal_gpio.c...
compiling stm32f1xx_hal_flash.c...
compiling stm32f1xx_hal_dma.c...
compiling stm32f1xx_hal_cortex.c...
compiling stm32f1xx_hal_pwr.c...
compiling stm32f1xx_hal_flash_ex.c...
compiling kfifo.c...
compiling system_stm32f1xx.c...
compiling stm32f1xx_hal_exti.c...
compiling sys.c...
compiling max485.c...
linking...
Program Size: Code=40198 RO-data=2726 RW-data=448 ZI-data=29760  
FromELF: creating hex file...
"Newlab_HAL_slave\Newlab_HAL_master.axf" - 0 Error(s), 17 Warning(s).

<h2>Software Packages used:</h2>

Package Vendor: ARM
                http://www.keil.com/pack/ARM.CMSIS.5.4.0.pack
                ARM.CMSIS.5.4.0
                CMSIS (Cortex Microcontroller Software Interface Standard)
   * Component: CORE Version: 5.1.2

Package Vendor: Keil
                http://www.keil.com/pack/Keil.STM32F1xx_DFP.2.2.0.pack
                Keil.STM32F1xx_DFP.2.2.0
                STMicroelectronics STM32F1 Series Device Support, Drivers and Examples

<h2>Collection of Component include folders:</h2>
  .\RTE\_Newlab_HAL_master
  C:\Keil_v5\ARM\PACK\ARM\CMSIS\5.4.0\CMSIS\Core\Include
  C:\Keil_v5\ARM\PACK\Keil\STM32F1xx_DFP\2.2.0\Device\Include

<h2>Collection of Component Files used:</h2>

   * Component: ARM::CMSIS:CORE:5.1.2
Build Time Elapsed:  00:00:15
</pre>
</body>
</html>
