Component: ARM Compiler 5.06 update 6 (build 750) Tool: armlink [4d35ed]

==============================================================================

Section Cross References

    startup_stm32f103xe.o(RESET) refers to startup_stm32f103xe.o(STACK) for __initial_sp
    startup_stm32f103xe.o(RESET) refers to startup_stm32f103xe.o(.text) for Reset_Handler
    startup_stm32f103xe.o(RESET) refers to stm32f1xx_it.o(i.NMI_Handler) for NMI_Handler
    startup_stm32f103xe.o(RESET) refers to stm32f1xx_it.o(i.HardFault_Handler) for HardFault_Handler
    startup_stm32f103xe.o(RESET) refers to stm32f1xx_it.o(i.MemManage_Handler) for MemManage_Handler
    startup_stm32f103xe.o(RESET) refers to stm32f1xx_it.o(i.BusFault_Handler) for BusFault_Handler
    startup_stm32f103xe.o(RESET) refers to stm32f1xx_it.o(i.UsageFault_Handler) for UsageFault_Handler
    startup_stm32f103xe.o(RESET) refers to stm32f1xx_it.o(i.SVC_Handler) for SVC_Handler
    startup_stm32f103xe.o(RESET) refers to stm32f1xx_it.o(i.DebugMon_Handler) for DebugMon_Handler
    startup_stm32f103xe.o(RESET) refers to stm32f1xx_it.o(i.PendSV_Handler) for PendSV_Handler
    startup_stm32f103xe.o(RESET) refers to stm32f1xx_it.o(i.SysTick_Handler) for SysTick_Handler
    startup_stm32f103xe.o(RESET) refers to stm32f1xx_it.o(i.USB_LP_CAN1_RX0_IRQHandler) for USB_LP_CAN1_RX0_IRQHandler
    startup_stm32f103xe.o(RESET) refers to stm32f1xx_it.o(i.TIM2_IRQHandler) for TIM2_IRQHandler
    startup_stm32f103xe.o(RESET) refers to stm32f1xx_it.o(i.USART1_IRQHandler) for USART1_IRQHandler
    startup_stm32f103xe.o(RESET) refers to stm32f1xx_it.o(i.USART2_IRQHandler) for USART2_IRQHandler
    startup_stm32f103xe.o(.text) refers to system_stm32f1xx.o(i.SystemInit) for SystemInit
    startup_stm32f103xe.o(.text) refers to entry.o(.ARM.Collect$$$$00000000) for __main
    main.o(i.HAL_UART_ErrorCallback) refers to printfa.o(i.__0printf) for __2printf
    main.o(i.HAL_UART_ErrorCallback) refers to stm32f1xx_hal_uart.o(i.HAL_UART_Receive_IT) for HAL_UART_Receive_IT
    main.o(i.HAL_UART_ErrorCallback) refers to main.o(.bss) for .bss
    main.o(i.HAL_UART_ErrorCallback) refers to user_usart1.o(.data) for usart1RxBuf
    main.o(i.HAL_UART_ErrorCallback) refers to user_usart2.o(.data) for usart2RxBuf
    main.o(i.HAL_UART_RxCpltCallback) refers to user_usart1.o(i.usart1_data_fifo_put) for usart1_data_fifo_put
    main.o(i.HAL_UART_RxCpltCallback) refers to stm32f1xx_hal_uart.o(i.HAL_UART_Receive_IT) for HAL_UART_Receive_IT
    main.o(i.HAL_UART_RxCpltCallback) refers to user_usart2.o(i.usart2_data_fifo_put) for usart2_data_fifo_put
    main.o(i.HAL_UART_RxCpltCallback) refers to main.o(.bss) for .bss
    main.o(i.HAL_UART_RxCpltCallback) refers to user_usart1.o(.data) for usart1RxBuf
    main.o(i.HAL_UART_RxCpltCallback) refers to user_usart2.o(.data) for usart2RxBuf
    main.o(i.MX_ADC1_Init) refers to stm32f1xx_hal_adc.o(i.HAL_ADC_Init) for HAL_ADC_Init
    main.o(i.MX_ADC1_Init) refers to stm32f1xx_hal_adc.o(i.HAL_ADC_ConfigChannel) for HAL_ADC_ConfigChannel
    main.o(i.MX_ADC1_Init) refers to main.o(.bss) for .bss
    main.o(i.MX_CAN_Init) refers to stm32f1xx_hal_can.o(i.HAL_CAN_Init) for HAL_CAN_Init
    main.o(i.MX_CAN_Init) refers to main.o(.bss) for .bss
    main.o(i.MX_TIM2_Init) refers to stm32f1xx_hal_tim.o(i.HAL_TIM_Base_Init) for HAL_TIM_Base_Init
    main.o(i.MX_TIM2_Init) refers to stm32f1xx_hal_tim.o(i.HAL_TIM_ConfigClockSource) for HAL_TIM_ConfigClockSource
    main.o(i.MX_TIM2_Init) refers to stm32f1xx_hal_tim_ex.o(i.HAL_TIMEx_MasterConfigSynchronization) for HAL_TIMEx_MasterConfigSynchronization
    main.o(i.MX_TIM2_Init) refers to main.o(.bss) for .bss
    main.o(i.SystemClock_Config) refers to memseta.o(.text) for __aeabi_memclr4
    main.o(i.SystemClock_Config) refers to stm32f1xx_hal_rcc.o(i.HAL_RCC_OscConfig) for HAL_RCC_OscConfig
    main.o(i.SystemClock_Config) refers to stm32f1xx_hal_rcc.o(i.HAL_RCC_ClockConfig) for HAL_RCC_ClockConfig
    main.o(i.SystemClock_Config) refers to stm32f1xx_hal_rcc_ex.o(i.HAL_RCCEx_PeriphCLKConfig) for HAL_RCCEx_PeriphCLKConfig
    main.o(i.main) refers to stm32f1xx_hal.o(i.HAL_Init) for HAL_Init
    main.o(i.main) refers to main.o(i.SystemClock_Config) for SystemClock_Config
    main.o(i.main) refers to max3485.o(i.MAX3485_INIT) for MAX3485_INIT
    main.o(i.main) refers to main.o(i.MX_CAN_Init) for MX_CAN_Init
    main.o(i.main) refers to main.o(i.MX_ADC1_Init) for MX_ADC1_Init
    main.o(i.main) refers to stm32f1xx_hal_uart.o(i.HAL_UART_Init) for HAL_UART_Init
    main.o(i.main) refers to main.o(i.MX_TIM2_Init) for MX_TIM2_Init
    main.o(i.main) refers to user_can.o(i.CAN_User_Init) for CAN_User_Init
    main.o(i.main) refers to user_flash.o(i.STMFLASH_ReadHalfWord) for STMFLASH_ReadHalfWord
    main.o(i.main) refers to user_usart1.o(i.open_usart1_receive_interrupt) for open_usart1_receive_interrupt
    main.o(i.main) refers to user_can.o(i.can_start) for can_start
[...]
    ../clib/microlib/init/entry.s            0x00000000   Number         0  entry9a.o ABSOLUTE
    ../clib/microlib/init/entry.s            0x00000000   Number         0  entry8b.o ABSOLUTE
    ../clib/microlib/init/entry.s            0x00000000   Number         0  entry5.o ABSOLUTE
    ../clib/microlib/init/entry.s            0x00000000   Number         0  entry8a.o ABSOLUTE
    ../clib/microlib/longlong.c              0x00000000   Number         0  llushr.o ABSOLUTE
    ../clib/microlib/longlong.c              0x00000000   Number         0  llsshr.o ABSOLUTE
    ../clib/microlib/longlong.c              0x00000000   Number         0  llshl.o ABSOLUTE
    ../clib/microlib/printf/printf.c         0x00000000   Number         0  printfb.o ABSOLUTE
    ../clib/microlib/printf/printf.c         0x00000000   Number         0  printf7.o ABSOLUTE
    ../clib/microlib/printf/printf.c         0x00000000   Number         0  printf3.o ABSOLUTE
    ../clib/microlib/printf/printf.c         0x00000000   Number         0  printf5.o ABSOLUTE
    ../clib/microlib/printf/printf.c         0x00000000   Number         0  printf8.o ABSOLUTE
    ../clib/microlib/printf/printf.c         0x00000000   Number         0  printf4.o ABSOLUTE
    ../clib/microlib/printf/printf.c         0x00000000   Number         0  printf2.o ABSOLUTE
    ../clib/microlib/printf/printf.c         0x00000000   Number         0  printf0.o ABSOLUTE
    ../clib/microlib/printf/printf.c         0x00000000   Number         0  printfa.o ABSOLUTE
    ../clib/microlib/printf/printf.c         0x00000000   Number         0  printf1.o ABSOLUTE
    ../clib/microlib/printf/printf.c         0x00000000   Number         0  printf6.o ABSOLUTE
    ../clib/microlib/printf/stubs.s          0x00000000   Number         0  stubs.o ABSOLUTE
    ../clib/microlib/stdio/streams.c         0x00000000   Number         0  stdout.o ABSOLUTE
    ../clib/microlib/string/memcpy.c         0x00000000   Number         0  memcpyb.o ABSOLUTE
    ../clib/microlib/string/memcpy.c         0x00000000   Number         0  memcpya.o ABSOLUTE
    ../clib/microlib/string/memset.c         0x00000000   Number         0  memseta.o ABSOLUTE
    ../clib/microlib/string/strcpy.c         0x00000000   Number         0  strcpy.o ABSOLUTE
    ../clib/microlib/stubs.s                 0x00000000   Number         0  iusefp.o ABSOLUTE
    ../fplib/microlib/d2f.c                  0x00000000   Number         0  d2f.o ABSOLUTE
    ../fplib/microlib/f2d.c                  0x00000000   Number         0  f2d.o ABSOLUTE
    ../fplib/microlib/fpadd.c                0x00000000   Number         0  dadd.o ABSOLUTE
    ../fplib/microlib/fpdiv.c                0x00000000   Number         0  ddiv.o ABSOLUTE
    ../fplib/microlib/fpepilogue.c           0x00000000   Number         0  depilogue.o ABSOLUTE
    ../fplib/microlib/fpepilogue.c           0x00000000   Number         0  fepilogue.o ABSOLUTE
    ../fplib/microlib/fpfix.c                0x00000000   Number         0  ffixui.o ABSOLUTE
    ../fplib/microlib/fpfix.c                0x00000000   Number         0  dfixul.o ABSOLUTE
    ../fplib/microlib/fpflt.c                0x00000000   Number         0  dflti.o ABSOLUTE
    ../fplib/microlib/fpmul.c                0x00000000   Number         0  dmul.o ABSOLUTE
    ..\Drivers\STM32F1xx_HAL_Driver\Src\stm32f1xx_hal.c 0x00000000   Number         0  stm32f1xx_hal.o ABSOLUTE
    ..\Drivers\STM32F1xx_HAL_Driver\Src\stm32f1xx_hal_adc.c 0x00000000   Number         0  stm32f1xx_hal_adc.o ABSOLUTE
    ..\Drivers\STM32F1xx_HAL_Driver\Src\stm32f1xx_hal_adc_ex.c 0x00000000   Number         0  stm32f1xx_hal_adc_ex.o ABSOLUTE
    ..\Drivers\STM32F1xx_HAL_Driver\Src\stm32f1xx_hal_can.c 0x00000000   Number         0  stm32f1xx_hal_can.o ABSOLUTE
    ..\Drivers\STM32F1xx_HAL_Driver\Src\stm32f1xx_hal_cortex.c 0x00000000   Number         0  stm32f1xx_hal_cortex.o ABSOLUTE
    ..\Drivers\STM32F1xx_HAL_Driver\Src\stm32f1xx_hal_dma.c 0x00000000   Number         0  stm32f1xx_hal_dma.o ABSOLUTE
    ..\Drivers\STM32F1xx_HAL_Driver\Src\stm32f1xx_hal_flash.c 0x00000000   Number         0  stm32f1xx_hal_flash.o ABSOLUTE
    ..\Drivers\STM32F1xx_HAL_Driver\Src\stm32f1xx_hal_flash_ex.c 0x00000000   Number         0  stm32f1xx_hal_flash_ex.o ABSOLUTE
    ..\Drivers\STM32F1xx_HAL_Driver\Src\stm32f1xx_hal_gpio.c 0x00000000   Number         0  stm32f1xx_hal_gpio.o ABSOLUTE
    ..\Drivers\STM32F1xx_HAL_Driver\Src\stm32f1xx_hal_gpio_ex.c 0x00000000   Number         0  stm32f1xx_hal_gpio_ex.o ABSOLUTE
    ..\Drivers\STM32F1xx_HAL_Driver\Src\stm32f1xx_hal_pwr.c 0x00000000   Number         0  stm32f1xx_hal_pwr.o ABSOLUTE
    ..\Drivers\STM32F1xx_HAL_Driver\Src\stm32f1xx_hal_rcc.c 0x00000000   Number         0  stm32f1xx_hal_rcc.o ABSOLUTE
    ..\Drivers\STM32F1xx_HAL_Driver\Src\stm32f1xx_hal_rcc_ex.c 0x00000000   Number         0  stm32f1xx_hal_rcc_ex.o ABSOLUTE
    ..\Drivers\STM32F1xx_HAL_Driver\Src\stm32f1xx_hal_tim.c 0x00000000   Number         0  stm32f1xx_hal_tim.o ABSOLUTE
    ..\Drivers\STM32F1xx_HAL_Driver\Src\stm32f1xx_hal_tim_ex.c 0x00000000   Number         0  stm32f1xx_hal_tim_ex.o ABSOLUTE
    ..\Drivers\STM32F1xx_HAL_Driver\Src\stm32f1xx_hal_uart.c 0x00000000   Number         0  stm32f1xx_hal_uart.o ABSOLUTE
    ..\Src\InfraredSensor.c                  0x00000000   Number         0  infraredsensor.o ABSOLUTE
    ..\Src\MAX3485.c                         0x00000000   Number         0  max3485.o ABSOLUTE
    ..\Src\SHT1x.c                           0x00000000   Number         0  sht1x.o ABSOLUTE
    ..\Src\main.c                            0x00000000   Number         0  main.o ABSOLUTE
    ..\Src\process_m3.c                      0x00000000   Number         0  process_m3.o ABSOLUTE
    ..\Src\stm32f1xx_hal_msp.c               0x00000000   Number         0  stm32f1xx_hal_msp.o ABSOLUTE
    ..\Src\stm32f1xx_it.c                    0x00000000   Number         0  stm32f1xx_it.o ABSOLUTE
    ..\Src\system_stm32f1xx.c                0x00000000   Number         0  system_stm32f1xx.o ABSOLUTE
    ..\Src\upper_computer.c                  0x00000000   Number         0  upper_computer.o ABSOLUTE
    ..\Src\user_adc.c                        0x00000000   Number         0  user_adc.o ABSOLUTE
    ..\Src\user_can.c                        0x00000000   Number         0  user_can.o ABSOLUTE
    ..\Src\user_delay.c                      0x00000000   Number         0  user_delay.o ABSOLUTE
    ..\Src\user_flash.c                      0x00000000   Number         0  user_flash.o ABSOLUTE
    ..\Src\user_time.c                       0x00000000   Number         0  user_time.o ABSOLUTE
    ..\Src\user_usart1.c                     0x00000000   Number         0  user_usart1.o ABSOLUTE
    ..\Src\user_usart2.c                     0x00000000   Number         0  user_usart2.o ABSOLUTE
    ..\\Src\\InfraredSensor.c                0x00000000   Number         0  infraredsensor.o ABSOLUTE
    ..\\Src\\MAX3485.c                       0x00000000   Number         0  max3485.o ABSOLUTE
    ..\\Src\\SHT1x.c                         0x00000000   Number         0  sht1x.o ABSOLUTE
    ..\\Src\\process_m3.c                    0x00000000   Number         0  process_m3.o ABSOLUTE
    ..\\Src\\upper_computer.c                0x00000000   Number         0  upper_computer.o ABSOLUTE
    ..\\Src\\user_adc.c                      0x00000000   Number         0  user_adc.o ABSOLUTE
    ..\\Src\\user_can.c                      0x00000000   Number         0  user_can.o ABSOLUTE
    ..\\Src\\user_delay.c                    0x00000000   Number         0  user_delay.o ABSOLUTE
    ..\\Src\\user_flash.c                    0x00000000   Number         0  user_flash.o ABSOLUTE
    ..\\Src\\user_time.c                     0x00000000   Number         0  user_time.o ABSOLUTE
    ..\\Src\\user_usart1.c                   0x00000000   Number         0  user_usart1.o ABSOLUTE
    ..\\Src\\user_usart2.c                   0x00000000   Number         0  user_usart2.o ABSOLUTE
    cdrcmple.s                               0x00000000   Number         0  cdrcmple.o ABSOLUTE
    dc.s                                     0x00000000   Number         0  dc.o ABSOLUTE
    handlers.s                               0x00000000   Number         0  handlers.o ABSOLUTE
    init.s                                   0x00000000   Number         0  init.o ABSOLUTE
    startup_stm32f103xe.s                    0x00000000   Number         0  startup_stm32f103xe.o ABSOLUTE
    RESET                                    0x08000000   Section      304  startup_stm32f103xe.o(RESET)
    .ARM.Collect$$$$00000000                 0x08000130   Section        0  entry.o(.ARM.Collect$$$$00000000)
    .ARM.Collect$$$$00000001                 0x08000130   Section        4  entry2.o(.ARM.Collect$$$$00000001)
    .ARM.Collect$$$$00000004                 0x08000134   Section        4  entry5.o(.ARM.Collect$$$$00000004)
    .ARM.Collect$$$$00000008                 0x08000138   Section        0  entry7b.o(.ARM.Collect$$$$00000008)
    .ARM.Collect$$$$0000000A                 0x08000138   Section        0  entry8b.o(.ARM.Collect$$$$0000000A)
    .ARM.Collect$$$$0000000B                 0x08000138   Section        8  entry9a.o(.ARM.Collect$$$$0000000B)
    .ARM.Collect$$$$0000000D                 0x08000140   Section        0  entry10a.o(.ARM.Collect$$$$0000000D)
    .ARM.Collect$$$$0000000F                 0x08000140   Section        0  entry11a.o(.ARM.Collect$$$$0000000F)
    .ARM.Collect$$$$00002712                 0x08000140   Section        4  entry2.o(.ARM.Collect$$$$00002712)
    __lit__00000000                          0x08000140   Data           4  entry2.o(.ARM.Collect$$$$00002712)
    .text                                    0x08000144   Section       36  startup_stm32f103xe.o(.text)
    .text                                    0x08000168   Section        0  llushr.o(.text)
    .text                                    0x08000188   Section        0  memcpya.o(.text)
    .text                                    0x080001ac   Section        0  memseta.o(.text)
    .text                                    0x080001d0   Section        0  dadd.o(.text)
    .text                                    0x0800031e   Section        0  dmul.o(.text)
    .text                                    0x08000402   Section        0  ffixui.o(.text)
    .text                                    0x0800042a   Section        0  uidiv.o(.text)
    .text                                    0x08000456   Section        0  uldiv.o(.text)
    .text                                    0x080004b8   Section        0  llshl.o(.text)
    .text                                    0x080004d6   Section        0  llsshr.o(.text)
    .text                                    0x080004fa   Section        0  depilogue.o(.text)
    .text                                    0x080004fa   Section        0  iusefp.o(.text)
    .text                                    0x080005b4   Section        0  ddiv.o(.text)
    .text                                    0x08000692   Section        0  dfixul.o(.text)
    .text                                    0x080006c4   Section       48  cdrcmple.o(.text)
    .text                                    0x080006f4   Section       36  init.o(.text)
    i.ADC_ConversionStop_Disable             0x08000718   Section        0  stm32f1xx_hal_adc.o(i.ADC_ConversionStop_Disable)
    i.ADC_Enable                             0x08000764   Section        0  stm32f1xx_hal_adc.o(i.ADC_Enable)
    i.BusFault_Handler                       0x080007d4   Section        0  stm32f1xx_it.o(i.BusFault_Handler)
    i.CAN_User_Init                          0x080007d8   Section        0  user_can.o(i.CAN_User_Init)
    i.CHK_XOR                                0x08000844   Section        0  upper_computer.o(i.CHK_XOR)
    i.Can_Send_Msg_StdId                     0x0800085c   Section        0  user_can.o(i.Can_Send_Msg_StdId)
    i.DebugMon_Handler                       0x08000adc   Section        0  stm32f1xx_it.o(i.DebugMon_Handler)
    i.FLASH_ErasePage                        0x08000ade   Section        0  user_flash.o(i.FLASH_ErasePage)
    i.FLASH_MassErase                        0x08000afc   Section        0  stm32f1xx_hal_flash_ex.o(i.FLASH_MassErase)
    FLASH_MassErase                          0x08000afd   Thumb Code    26  stm32f1xx_hal_flash_ex.o(i.FLASH_MassErase)
    i.FLASH_PageErase                        0x08000b20   Section        0  stm32f1xx_hal_flash_ex.o(i.FLASH_PageErase)
    i.FLASH_Program_HalfWord                 0x08000b44   Section        0  stm32f1xx_hal_flash.o(i.FLASH_Program_HalfWord)
    FLASH_Program_HalfWord                   0x08000b45   Thumb Code    20  stm32f1xx_hal_flash.o(i.FLASH_Program_HalfWord)
    i.FLASH_SetErrorCode                     0x08000b60   Section        0  stm32f1xx_hal_flash.o(i.FLASH_SetErrorCode)
    FLASH_SetErrorCode                       0x08000b61   Thumb Code    84  stm32f1xx_hal_flash.o(i.FLASH_SetErrorCode)
    i.FLASH_WaitForLastOperation             0x08000bbc   Section        0  stm32f1xx_hal_flash.o(i.FLASH_WaitForLastOperation)
    i.Flash_Write                            0x08000c10   Section        0  user_flash.o(i.Flash_Write)
    i.Get_Voltage                            0x08000c1c   Section        0  user_adc.o(i.Get_Voltage)
    i.HAL_ADC_ConfigChannel                  0x08000c4c   Section        0  stm32f1xx_hal_adc.o(i.HAL_ADC_ConfigChannel)
    i.HAL_ADC_GetValue                       0x08000d48   Section        0  stm32f1xx_hal_adc.o(i.HAL_ADC_GetValue)
    i.HAL_ADC_Init                           0x08000d50   Section        0  stm32f1xx_hal_adc.o(i.HAL_ADC_Init)
    i.HAL_ADC_MspInit                        0x08000e70   Section        0  stm32f1xx_hal_msp.o(i.HAL_ADC_MspInit)
    i.HAL_ADC_PollForConversion              0x08000ec8   Section        0  stm32f1xx_hal_adc.o(i.HAL_ADC_PollForConversion)
    i.HAL_ADC_Start                          0x08000ff8   Section        0  stm32f1xx_hal_adc.o(i.HAL_ADC_Start)
    i.HAL_ADC_Stop                           0x080010b8   Section        0  stm32f1xx_hal_adc.o(i.HAL_ADC_Stop)
    i.HAL_CAN_ActivateNotification           0x080010ec   Section        0  stm32f1xx_hal_can.o(i.HAL_CAN_ActivateNotification)
    i.HAL_CAN_AddTxMessage                   0x08001110   Section        0  stm32f1xx_hal_can.o(i.HAL_CAN_AddTxMessage)
    i.HAL_CAN_ConfigFilter                   0x080011d8   Section        0  stm32f1xx_hal_can.o(i.HAL_CAN_ConfigFilter)
    i.HAL_CAN_ErrorCallback                  0x080012c6   Section        0  stm32f1xx_hal_can.o(i.HAL_CAN_ErrorCallback)
    i.HAL_CAN_GetRxMessage                   0x080012c8   Section        0  stm32f1xx_hal_can.o(i.HAL_CAN_GetRxMessage)
    i.HAL_CAN_IRQHandler                     0x080013b0   Section        0  stm32f1xx_hal_can.o(i.HAL_CAN_IRQHandler)
    i.HAL_CAN_Init                           0x080015ac   Section        0  stm32f1xx_hal_can.o(i.HAL_CAN_Init)
    i.HAL_CAN_MspInit                        0x080016c8   Section        0  stm32f1xx_hal_msp.o(i.HAL_CAN_MspInit)
    i.HAL_CAN_RxFifo0FullCallback            0x08001744   Section        0  stm32f1xx_hal_can.o(i.HAL_CAN_RxFifo0FullCallback)
    i.HAL_CAN_RxFifo0MsgPendingCallback      0x08001748   Section        0  user_can.o(i.HAL_CAN_RxFifo0MsgPendingCallback)
    i.HAL_CAN_RxFifo1FullCallback            0x080017a4   Section        0  stm32f1xx_hal_can.o(i.HAL_CAN_RxFifo1FullCallback)
    i.HAL_CAN_RxFifo1MsgPendingCallback      0x080017a6   Section        0  stm32f1xx_hal_can.o(i.HAL_CAN_RxFifo1MsgPendingCallback)
    i.HAL_CAN_SleepCallback                  0x080017a8   Section        0  stm32f1xx_hal_can.o(i.HAL_CAN_SleepCallback)
    i.HAL_CAN_Start                          0x080017ac   Section        0  stm32f1xx_hal_can.o(i.HAL_CAN_Start)
    i.HAL_CAN_TxMailbox0AbortCallback        0x08001804   Section        0  stm32f1xx_hal_can.o(i.HAL_CAN_TxMailbox0AbortCallback)
    i.HAL_CAN_TxMailbox0CompleteCallback     0x08001806   Section        0  stm32f1xx_hal_can.o(i.HAL_CAN_TxMailbox0CompleteCallback)
    i.HAL_CAN_TxMailbox1AbortCallback        0x08001808   Section        0  stm32f1xx_hal_can.o(i.HAL_CAN_TxMailbox1AbortCallback)
    i.HAL_CAN_TxMailbox1CompleteCallback     0x0800180a   Section        0  stm32f1xx_hal_can.o(i.HAL_CAN_TxMailbox1CompleteCallback)
    i.HAL_CAN_TxMailbox2AbortCallback        0x0800180c   Section        0  stm32f1xx_hal_can.o(i.HAL_CAN_TxMailbox2AbortCallback)
    i.HAL_CAN_TxMailbox2CompleteCallback     0x0800180e   Section        0  stm32f1xx_hal_can.o(i.HAL_CAN_TxMailbox2CompleteCallback)
    i.HAL_CAN_WakeUpFromRxMsgCallback        0x08001810   Section        0  stm32f1xx_hal_can.o(i.HAL_CAN_WakeUpFromRxMsgCallback)
    i.HAL_DMA_Abort_IT                       0x08001814   Section        0  stm32f1xx_hal_dma.o(i.HAL_DMA_Abort_IT)
    i.HAL_Delay                              0x08001944   Section        0  stm32f1xx_hal.o(i.HAL_Delay)
    i.HAL_FLASHEx_Erase                      0x08001968   Section        0  stm32f1xx_hal_flash_ex.o(i.HAL_FLASHEx_Erase)
    i.HAL_FLASH_Lock                         0x08001a10   Section        0  stm32f1xx_hal_flash.o(i.HAL_FLASH_Lock)
    i.HAL_FLASH_Program                      0x08001a24   Section        0  stm32f1xx_hal_flash.o(i.HAL_FLASH_Program)
    i.HAL_FLASH_Unlock                       0x08001aa4   Section        0  stm32f1xx_hal_flash.o(i.HAL_FLASH_Unlock)
    i.HAL_GPIO_Init                          0x08001acc   Section        0  stm32f1xx_hal_gpio.o(i.HAL_GPIO_Init)
    i.HAL_GPIO_WritePin                      0x08001cc4   Section        0  stm32f1xx_hal_gpio.o(i.HAL_GPIO_WritePin)
    i.HAL_GetTick                            0x08001cd0   Section        0  stm32f1xx_hal.o(i.HAL_GetTick)
    i.HAL_IncTick                            0x08001cdc   Section        0  stm32f1xx_hal.o(i.HAL_IncTick)
    i.HAL_Init                               0x08001cec   Section        0  stm32f1xx_hal.o(i.HAL_Init)
    i.HAL_InitTick                           0x08001d10   Section        0  stm32f1xx_hal.o(i.HAL_InitTick)
    i.HAL_MspInit                            0x08001d50   Section        0  stm32f1xx_hal_msp.o(i.HAL_MspInit)
    i.HAL_NVIC_EnableIRQ                     0x08001d8c   Section        0  stm32f1xx_hal_cortex.o(i.HAL_NVIC_EnableIRQ)
    i.HAL_NVIC_SetPriority                   0x08001da8   Section        0  stm32f1xx_hal_cortex.o(i.HAL_NVIC_SetPriority)
    i.HAL_NVIC_SetPriorityGrouping           0x08001de8   Section        0  stm32f1xx_hal_cortex.o(i.HAL_NVIC_SetPriorityGrouping)
    i.HAL_RCCEx_GetPeriphCLKFreq             0x08001e0c   Section        0  stm32f1xx_hal_rcc_ex.o(i.HAL_RCCEx_GetPeriphCLKFreq)
    i.HAL_RCCEx_PeriphCLKConfig              0x08001ee0   Section        0  stm32f1xx_hal_rcc_ex.o(i.HAL_RCCEx_PeriphCLKConfig)
    i.HAL_RCC_ClockConfig                    0x08001fcc   Section        0  stm32f1xx_hal_rcc.o(i.HAL_RCC_ClockConfig)
    i.HAL_RCC_GetPCLK1Freq                   0x080020f8   Section        0  stm32f1xx_hal_rcc.o(i.HAL_RCC_GetPCLK1Freq)
    i.HAL_RCC_GetPCLK2Freq                   0x08002118   Section        0  stm32f1xx_hal_rcc.o(i.HAL_RCC_GetPCLK2Freq)
    i.HAL_RCC_GetSysClockFreq                0x08002138   Section        0  stm32f1xx_hal_rcc.o(i.HAL_RCC_GetSysClockFreq)
    i.HAL_RCC_OscConfig                      0x080021a4   Section        0  stm32f1xx_hal_rcc.o(i.HAL_RCC_OscConfig)
    i.HAL_SYSTICK_Config                     0x080024c4   Section        0  stm32f1xx_hal_cortex.o(i.HAL_SYSTICK_Config)
    i.HAL_TIMEx_BreakCallback                0x080024ec   Section        0  stm32f1xx_hal_tim_ex.o(i.HAL_TIMEx_BreakCallback)
    i.HAL_TIMEx_CommutCallback               0x080024ee   Section        0  stm32f1xx_hal_tim_ex.o(i.HAL_TIMEx_CommutCallback)
    i.HAL_TIMEx_MasterConfigSynchronization  0x080024f0   Section        0  stm32f1xx_hal_tim_ex.o(i.HAL_TIMEx_MasterConfigSynchronization)
    i.HAL_TIM_Base_Init                      0x08002532   Section        0  stm32f1xx_hal_tim.o(i.HAL_TIM_Base_Init)
    i.HAL_TIM_Base_MspInit                   0x08002568   Section        0  stm32f1xx_hal_msp.o(i.HAL_TIM_Base_MspInit)
    i.HAL_TIM_ConfigClockSource              0x080025a0   Section        0  stm32f1xx_hal_tim.o(i.HAL_TIM_ConfigClockSource)
    i.HAL_TIM_IC_CaptureCallback             0x08002676   Section        0  stm32f1xx_hal_tim.o(i.HAL_TIM_IC_CaptureCallback)
    i.HAL_TIM_IRQHandler                     0x08002678   Section        0  stm32f1xx_hal_tim.o(i.HAL_TIM_IRQHandler)
    i.HAL_TIM_OC_DelayElapsedCallback        0x080027de   Section        0  stm32f1xx_hal_tim.o(i.HAL_TIM_OC_DelayElapsedCallback)
    i.HAL_TIM_PWM_PulseFinishedCallback      0x080027e0   Section        0  stm32f1xx_hal_tim.o(i.HAL_TIM_PWM_PulseFinishedCallback)
    i.HAL_TIM_PeriodElapsedCallback          0x080027e2   Section        0  user_time.o(i.HAL_TIM_PeriodElapsedCallback)
    i.HAL_TIM_TriggerCallback                0x080027e4   Section        0  stm32f1xx_hal_tim.o(i.HAL_TIM_TriggerCallback)
    i.HAL_UART_ErrorCallback                 0x080027e8   Section        0  main.o(i.HAL_UART_ErrorCallback)
    i.HAL_UART_IRQHandler                    0x08002838   Section        0  stm32f1xx_hal_uart.o(i.HAL_UART_IRQHandler)
    i.HAL_UART_Init                          0x08002948   Section        0  stm32f1xx_hal_uart.o(i.HAL_UART_Init)
    i.HAL_UART_MspInit                       0x080029ac   Section        0  stm32f1xx_hal_msp.o(i.HAL_UART_MspInit)
    i.HAL_UART_Receive_IT                    0x08002a84   Section        0  stm32f1xx_hal_uart.o(i.HAL_UART_Receive_IT)
    i.HAL_UART_RxCpltCallback                0x08002ad8   Section        0  main.o(i.HAL_UART_RxCpltCallback)
    i.HAL_UART_Transmit                      0x08002b24   Section        0  stm32f1xx_hal_uart.o(i.HAL_UART_Transmit)
    i.HAL_UART_TxCpltCallback                0x08002bde   Section        0  stm32f1xx_hal_uart.o(i.HAL_UART_TxCpltCallback)
    i.HardFault_Handler                      0x08002be0   Section        0  stm32f1xx_it.o(i.HardFault_Handler)
    i.MAX3485_INIT                           0x08002be4   Section        0  max3485.o(i.MAX3485_INIT)
    i.MX_ADC1_Init                           0x08002c2c   Section        0  main.o(i.MX_ADC1_Init)
    MX_ADC1_Init                             0x08002c2d   Thumb Code    68  main.o(i.MX_ADC1_Init)
    i.MX_CAN_Init                            0x08002c78   Section        0  main.o(i.MX_CAN_Init)
    MX_CAN_Init                              0x08002c79   Thumb Code    46  main.o(i.MX_CAN_Init)
    i.MX_TIM2_Init                           0x08002cb0   Section        0  main.o(i.MX_TIM2_Init)
    MX_TIM2_Init                             0x08002cb1   Thumb Code    78  main.o(i.MX_TIM2_Init)
    i.MemManage_Handler                      0x08002d04   Section        0  stm32f1xx_it.o(i.MemManage_Handler)
    i.NMI_Handler                            0x08002d06   Section        0  stm32f1xx_it.o(i.NMI_Handler)
    i.PendSV_Handler                         0x08002d08   Section        0  stm32f1xx_it.o(i.PendSV_Handler)
    i.STMFLASH_Read                          0x08002d0c   Section        0  user_flash.o(i.STMFLASH_Read)
    i.STMFLASH_ReadHalfWord                  0x08002d26   Section        0  user_flash.o(i.STMFLASH_ReadHalfWord)
    i.STMFLASH_Write                         0x08002d2c   Section        0  user_flash.o(i.STMFLASH_Write)
    i.STMFLASH_Write_NoCheck                 0x08002df0   Section        0  user_flash.o(i.STMFLASH_Write_NoCheck)
    i.SVC_Handler                            0x08002e1c   Section        0  stm32f1xx_it.o(i.SVC_Handler)
    i.SysTick_Handler                        0x08002e1e   Section        0  stm32f1xx_it.o(i.SysTick_Handler)
    i.SystemClock_Config                     0x08002e22   Section        0  main.o(i.SystemClock_Config)
    i.SystemInit                             0x08002e84   Section        0  system_stm32f1xx.o(i.SystemInit)
    i.TIM2_IRQHandler                        0x08002ecc   Section        0  stm32f1xx_it.o(i.TIM2_IRQHandler)
    i.TIM_Base_SetConfig                     0x08002ed8   Section        0  stm32f1xx_hal_tim.o(i.TIM_Base_SetConfig)
    i.TIM_ETR_SetConfig                      0x08002f64   Section        0  stm32f1xx_hal_tim.o(i.TIM_ETR_SetConfig)
    i.TIM_ITRx_SetConfig                     0x08002f78   Section        0  stm32f1xx_hal_tim.o(i.TIM_ITRx_SetConfig)
    TIM_ITRx_SetConfig                       0x08002f79   Thumb Code    16  stm32f1xx_hal_tim.o(i.TIM_ITRx_SetConfig)
    i.TIM_TI1_ConfigInputStage               0x08002f88   Section        0  stm32f1xx_hal_tim.o(i.TIM_TI1_ConfigInputStage)
    TIM_TI1_ConfigInputStage                 0x08002f89   Thumb Code    34  stm32f1xx_hal_tim.o(i.TIM_TI1_ConfigInputStage)
    i.TIM_TI2_ConfigInputStage               0x08002faa   Section        0  stm32f1xx_hal_tim.o(i.TIM_TI2_ConfigInputStage)
    TIM_TI2_ConfigInputStage                 0x08002fab   Thumb Code    36  stm32f1xx_hal_tim.o(i.TIM_TI2_ConfigInputStage)
    i.UART_DMAAbortOnError                   0x08002fce   Section        0  stm32f1xx_hal_uart.o(i.UART_DMAAbortOnError)
    UART_DMAAbortOnError                     0x08002fcf   Thumb Code    16  stm32f1xx_hal_uart.o(i.UART_DMAAbortOnError)
    i.UART_EndRxTransfer                     0x08002fde   Section        0  stm32f1xx_hal_uart.o(i.UART_EndRxTransfer)
    UART_EndRxTransfer                       0x08002fdf   Thumb Code    28  stm32f1xx_hal_uart.o(i.UART_EndRxTransfer)
    i.UART_Receive_IT                        0x08002ffa   Section        0  stm32f1xx_hal_uart.o(i.UART_Receive_IT)
    UART_Receive_IT                          0x08002ffb   Thumb Code   150  stm32f1xx_hal_uart.o(i.UART_Receive_IT)
    i.UART_SetConfig                         0x08003090   Section        0  stm32f1xx_hal_uart.o(i.UART_SetConfig)
    UART_SetConfig                           0x08003091   Thumb Code   178  stm32f1xx_hal_uart.o(i.UART_SetConfig)
    i.UART_Transmit_IT                       0x08003148   Section        0  stm32f1xx_hal_uart.o(i.UART_Transmit_IT)
    UART_Transmit_IT                         0x08003149   Thumb Code    98  stm32f1xx_hal_uart.o(i.UART_Transmit_IT)
    i.UART_WaitOnFlagUntilTimeout            0x080031aa   Section        0  stm32f1xx_hal_uart.o(i.UART_WaitOnFlagUntilTimeout)
    UART_WaitOnFlagUntilTimeout              0x080031ab   Thumb Code   100  stm32f1xx_hal_uart.o(i.UART_WaitOnFlagUntilTimeout)
    i.USART1_IRQHandler                      0x08003210   Section        0  stm32f1xx_it.o(i.USART1_IRQHandler)
    i.USART1_SendArr                         0x0800321c   Section        0  user_usart1.o(i.USART1_SendArr)
    i.USART2_IRQHandler                      0x08003230   Section        0  stm32f1xx_it.o(i.USART2_IRQHandler)
    i.USB_LP_CAN1_RX0_IRQHandler             0x0800323c   Section        0  stm32f1xx_it.o(i.USB_LP_CAN1_RX0_IRQHandler)
    i.UsageFault_Handler                     0x08003248   Section        0  stm32f1xx_it.o(i.UsageFault_Handler)
    i.ValueTypes                             0x0800324a   Section        0  process_m3.o(i.ValueTypes)
    i.__0printf                              0x08003268   Section        0  printfa.o(i.__0printf)
    i.__NVIC_SetPriority                     0x08003288   Section        0  stm32f1xx_hal_cortex.o(i.__NVIC_SetPriority)
    __NVIC_SetPriority                       0x08003289   Thumb Code    32  stm32f1xx_hal_cortex.o(i.__NVIC_SetPriority)
    i.__scatterload_copy                     0x080032a8   Section       14  handlers.o(i.__scatterload_copy)
    i.__scatterload_null                     0x080032b6   Section        2  handlers.o(i.__scatterload_null)
    i.__scatterload_zeroinit                 0x080032b8   Section       14  handlers.o(i.__scatterload_zeroinit)
    i._fp_digits                             0x080032c8   Section        0  printfa.o(i._fp_digits)
    _fp_digits                               0x080032c9   Thumb Code   366  printfa.o(i._fp_digits)
    i._printf_core                           0x0800344c   Section        0  printfa.o(i._printf_core)
    _printf_core                             0x0800344d   Thumb Code  1744  printfa.o(i._printf_core)
    i._printf_post_padding                   0x08003b28   Section        0  printfa.o(i._printf_post_padding)
    _printf_post_padding                     0x08003b29   Thumb Code    36  printfa.o(i._printf_post_padding)
    i._printf_pre_padding                    0x08003b4c   Section        0  printfa.o(i._printf_pre_padding)
    _printf_pre_padding                      0x08003b4d   Thumb Code    46  printfa.o(i._printf_pre_padding)
    i.can_start                              0x08003b7c   Section        0  user_can.o(i.can_start)
    i.fputc                                  0x08003b88   Section        0  user_usart1.o(i.fputc)
    i.main                                   0x08003ba0   Section        0  main.o(i.main)
    i.open_usart1_receive_interrupt          0x08003cac   Section        0  user_usart1.o(i.open_usart1_receive_interrupt)
    i.process_up                             0x08003cc0   Section        0  upper_computer.o(i.process_up)
    i.usart1_data_fifo_get                   0x08003e0c   Section        0  user_usart1.o(i.usart1_data_fifo_get)
    i.usart1_data_fifo_is_empty              0x08003e44   Section        0  user_usart1.o(i.usart1_data_fifo_is_empty)
    i.usart1_data_fifo_is_full               0x08003e5c   Section        0  user_usart1.o(i.usart1_data_fifo_is_full)
    i.usart1_data_fifo_len                   0x08003e74   Section        0  user_usart1.o(i.usart1_data_fifo_len)
    i.usart1_data_fifo_put                   0x08003e84   Section        0  user_usart1.o(i.usart1_data_fifo_put)
    i.usart1_data_fifo_read                  0x08003eb8   Section        0  user_usart1.o(i.usart1_data_fifo_read)
    i.usart2_data_fifo_is_full               0x08003ed8   Section        0  user_usart2.o(i.usart2_data_fifo_is_full)
    i.usart2_data_fifo_put                   0x08003ef0   Section        0  user_usart2.o(i.usart2_data_fifo_put)
    .constdata                               0x08003f24   Section       16  system_stm32f1xx.o(.constdata)
    .constdata                               0x08003f34   Section        8  system_stm32f1xx.o(.constdata)
    .data                                    0x20000000   Section        4  main.o(.data)
    .data                                    0x20000004   Section        4  main.o(.data)
    .data                                    0x20000008   Section        4  main.o(.data)
    .data                                    0x2000000c   Section        1  main.o(.data)
    .data                                    0x2000000d   Section        1  main.o(.data)
    .data                                    0x2000000e   Section        8  main.o(.data)
    .data                                    0x20000016   Section        9  upper_computer.o(.data)
    .data                                    0x20000020   Section        4  user_can.o(.data)
    .data                                    0x20000024   Section       12  user_usart1.o(.data)
    .data                                    0x20000030   Section       12  user_usart2.o(.data)
    .data                                    0x2000003c   Section       12  stm32f1xx_hal.o(.data)
    .data                                    0x20000048   Section        4  system_stm32f1xx.o(.data)
    .data                                    0x2000004c   Section        4  stdout.o(.data)
    .bss                                     0x20000050   Section      280  main.o(.bss)
    .bss                                     0x20000168   Section     2048  user_flash.o(.bss)
    .bss                                     0x20000968   Section      256  user_usart1.o(.bss)
    .bss                                     0x20000a68   Section      256  user_usart2.o(.bss)
    .bss                                     0x20000b68   Section       32  stm32f1xx_hal_flash.o(.bss)
    STACK                                    0x20000b88   Section     4096  startup_stm32f103xe.o(STACK)

    Global Symbols

    Symbol Name                              Value     Ov Type        Size  Object(Section)

    BuildAttributes$$THM_ISAv4$P$D$K$B$S$PE$A:L22UL41UL21$X:L11$S22US41US21$IEEE1$IW$USESV6$~STKCKD$USESV7$~SHL$OTIME$ROPI$EBA8$MICROLIB$REQ8$PRES8$EABIv2 0x00000000   Number         0  anon$$obj.o ABSOLUTE
    __ARM_use_no_argv                        0x00000000   Number         0  main.o ABSOLUTE
    _printf_a                                0x00000000   Number         0  stubs.o ABSOLUTE
    _printf_c                                0x00000000   Number         0  stubs.o ABSOLUTE
    _printf_charcount                        0x00000000   Number         0  stubs.o ABSOLUTE
    _printf_d                                0x00000000   Number         0  stubs.o ABSOLUTE
    _printf_e                                0x00000000   Number         0  stubs.o ABSOLUTE
    _printf_f                                0x00000000   Number         0  stubs.o ABSOLUTE
    _printf_flags                            0x00000000   Number         0  stubs.o ABSOLUTE
    _printf_fp_dec                           0x00000000   Number         0  stubs.o ABSOLUTE
    _printf_fp_hex                           0x00000000   Number         0  stubs.o ABSOLUTE
    _printf_g                                0x00000000   Number         0  stubs.o ABSOLUTE
    _printf_i                                0x00000000   Number         0  stubs.o ABSOLUTE
    _printf_int_dec                          0x00000000   Number         0  stubs.o ABSOLUTE
    _printf_l                                0x00000000   Number         0  stubs.o ABSOLUTE
    _printf_lc                               0x00000000   Number         0  stubs.o ABSOLUTE
    _printf_ll                               0x00000000   Number         0  stubs.o ABSOLUTE
    _printf_lld                              0x00000000   Number         0  stubs.o ABSOLUTE
    _printf_lli                              0x00000000   Number         0  stubs.o ABSOLUTE
    _printf_llo                              0x00000000   Number         0  stubs.o ABSOLUTE
    _printf_llu                              0x00000000   Number         0  stubs.o ABSOLUTE
    _printf_llx                              0x00000000   Number         0  stubs.o ABSOLUTE
    _printf_longlong_dec                     0x00000000   Number         0  stubs.o ABSOLUTE
    _printf_longlong_hex                     0x00000000   Number         0  stubs.o ABSOLUTE
    _printf_longlong_oct                     0x00000000   Number         0  stubs.o ABSOLUTE
    _printf_ls                               0x00000000   Number         0  stubs.o ABSOLUTE
    _printf_mbtowc                           0x00000000   Number         0  stubs.o ABSOLUTE
    _printf_n                                0x00000000   Number         0  stubs.o ABSOLUTE
    _printf_o                                0x00000000   Number         0  stubs.o ABSOLUTE
    _printf_p                                0x00000000   Number         0  stubs.o ABSOLUTE
    _printf_percent                          0x00000000   Number         0  stubs.o ABSOLUTE
    _printf_pre_padding                      0x00000000   Number         0  stubs.o ABSOLUTE
    _printf_return_value                     0x00000000   Number         0  stubs.o ABSOLUTE
    _printf_s                                0x00000000   Number         0  stubs.o ABSOLUTE
    _printf_sizespec                         0x00000000   Number         0  stubs.o ABSOLUTE
    _printf_str                              0x00000000   Number         0  stubs.o ABSOLUTE
    _printf_truncate_signed                  0x00000000   Number         0  stubs.o ABSOLUTE
    _printf_truncate_unsigned                0x00000000   Number         0  stubs.o ABSOLUTE
    _printf_u                                0x00000000   Number         0  stubs.o ABSOLUTE
    _printf_wc                               0x00000000   Number         0  stubs.o ABSOLUTE
    _printf_wctomb                           0x00000000   Number         0  stubs.o ABSOLUTE
    _printf_widthprec                        0x00000000   Number         0  stubs.o ABSOLUTE
    _printf_x                                0x00000000   Number         0  stubs.o ABSOLUTE
    __cpp_initialize__aeabi_                  - Undefined Weak Reference
    __cxa_finalize                            - Undefined Weak Reference
    __decompress                              - Undefined Weak Reference
    _clock_init                               - Undefined Weak Reference
    _microlib_exit                            - Undefined Weak Reference
    __Vectors_Size                           0x00000130   Number         0  startup_stm32f103xe.o ABSOLUTE
    __Vectors                                0x08000000   Data           4  startup_stm32f103xe.o(RESET)
    __Vectors_End                            0x08000130   Data           0  startup_stm32f103xe.o(RESET)
    __main                                   0x08000131   Thumb Code     0  entry.o(.ARM.Collect$$$$00000000)
    _main_stk                                0x08000131   Thumb Code     0  entry2.o(.ARM.Collect$$$$00000001)
    _main_scatterload                        0x08000135   Thumb Code     0  entry5.o(.ARM.Collect$$$$00000004)
    __main_after_scatterload                 0x08000139   Thumb Code     0  entry5.o(.ARM.Collect$$$$00000004)
    _main_clock                              0x08000139   Thumb Code     0  entry7b.o(.ARM.Collect$$$$00000008)
    _main_cpp_init                           0x08000139   Thumb Code     0  entry8b.o(.ARM.Collect$$$$0000000A)
    _main_init                               0x08000139   Thumb Code     0  entry9a.o(.ARM.Collect$$$$0000000B)
    __rt_final_cpp                           0x08000141   Thumb Code     0  entry10a.o(.ARM.Collect$$$$0000000D)
    __rt_final_exit                          0x08000141   Thumb Code     0  entry11a.o(.ARM.Collect$$$$0000000F)
    Reset_Handler                            0x08000145   Thumb Code     8  startup_stm32f103xe.o(.text)
    ADC1_2_IRQHandler                        0x0800015f   Thumb Code     0  startup_stm32f103xe.o(.text)
    ADC3_IRQHandler                          0x0800015f   Thumb Code     0  startup_stm32f103xe.o(.text)
    CAN1_RX1_IRQHandler                      0x0800015f   Thumb Code     0  startup_stm32f103xe.o(.text)
    CAN1_SCE_IRQHandler                      0x0800015f   Thumb Code     0  startup_stm32f103xe.o(.text)
    DMA1_Channel1_IRQHandler                 0x0800015f   Thumb Code     0  startup_stm32f103xe.o(.text)
    DMA1_Channel2_IRQHandler                 0x0800015f   Thumb Code     0  startup_stm32f103xe.o(.text)
    DMA1_Channel3_IRQHandler                 0x0800015f   Thumb Code     0  startup_stm32f103xe.o(.text)
    DMA1_Channel4_IRQHandler                 0x0800015f   Thumb Code     0  startup_stm32f103xe.o(.text)
    DMA1_Channel5_IRQHandler                 0x0800015f   Thumb Code     0  startup_stm32f103xe.o(.text)
    DMA1_Channel6_IRQHandler                 0x0800015f   Thumb Code     0  startup_stm32f103xe.o(.text)
    DMA1_Channel7_IRQHandler                 0x0800015f   Thumb Code     0  startup_stm32f103xe.o(.text)
    DMA2_Channel1_IRQHandler                 0x0800015f   Thumb Code     0  startup_stm32f103xe.o(.text)
    DMA2_Channel2_IRQHandler                 0x0800015f   Thumb Code     0  startup_stm32f103xe.o(.text)
    DMA2_Channel3_IRQHandler                 0x0800015f   Thumb Code     0  startup_stm32f103xe.o(.text)
    DMA2_Channel4_5_IRQHandler               0x0800015f   Thumb Code     0  startup_stm32f103xe.o(.text)
    EXTI0_IRQHandler                         0x0800015f   Thumb Code     0  startup_stm32f103xe.o(.text)
    EXTI15_10_IRQHandler                     0x0800015f   Thumb Code     0  startup_stm32f103xe.o(.text)
    EXTI1_IRQHandler                         0x0800015f   Thumb Code     0  startup_stm32f103xe.o(.text)
    EXTI2_IRQHandler                         0x0800015f   Thumb Code     0  startup_stm32f103xe.o(.text)
    EXTI3_IRQHandler                         0x0800015f   Thumb Code     0  startup_stm32f103xe.o(.text)
    EXTI4_IRQHandler                         0x0800015f   Thumb Code     0  startup_stm32f103xe.o(.text)
    EXTI9_5_IRQHandler                       0x0800015f   Thumb Code     0  startup_stm32f103xe.o(.text)
    FLASH_IRQHandler                         0x0800015f   Thumb Code     0  startup_stm32f103xe.o(.text)
    FSMC_IRQHandler                          0x0800015f   Thumb Code     0  startup_stm32f103xe.o(.text)
    I2C1_ER_IRQHandler                       0x0800015f   Thumb Code     0  startup_stm32f103xe.o(.text)
    I2C1_EV_IRQHandler                       0x0800015f   Thumb Code     0  startup_stm32f103xe.o(.text)
    I2C2_ER_IRQHandler                       0x0800015f   Thumb Code     0  startup_stm32f103xe.o(.text)
    I2C2_EV_IRQHandler                       0x0800015f   Thumb Code     0  startup_stm32f103xe.o(.text)
    PVD_IRQHandler                           0x0800015f   Thumb Code     0  startup_stm32f103xe.o(.text)
    RCC_IRQHandler                           0x0800015f   Thumb Code     0  startup_stm32f103xe.o(.text)
    RTC_Alarm_IRQHandler                     0x0800015f   Thumb Code     0  startup_stm32f103xe.o(.text)
    RTC_IRQHandler                           0x0800015f   Thumb Code     0  startup_stm32f103xe.o(.text)
    SDIO_IRQHandler                          0x0800015f   Thumb Code     0  startup_stm32f103xe.o(.text)
    SPI1_IRQHandler                          0x0800015f   Thumb Code     0  startup_stm32f103xe.o(.text)
    SPI2_IRQHandler                          0x0800015f   Thumb Code     0  startup_stm32f103xe.o(.text)
    SPI3_IRQHandler                          0x0800015f   Thumb Code     0  startup_stm32f103xe.o(.text)
    TAMPER_IRQHandler                        0x0800015f   Thumb Code     0  startup_stm32f103xe.o(.text)
    TIM1_BRK_IRQHandler                      0x0800015f   Thumb Code     0  startup_stm32f103xe.o(.text)
    TIM1_CC_IRQHandler                       0x0800015f   Thumb Code     0  startup_stm32f103xe.o(.text)
    TIM1_TRG_COM_IRQHandler                  0x0800015f   Thumb Code     0  startup_stm32f103xe.o(.text)
    TIM1_UP_IRQHandler                       0x0800015f   Thumb Code     0  startup_stm32f103xe.o(.text)
    TIM3_IRQHandler                          0x0800015f   Thumb Code     0  startup_stm32f103xe.o(.text)
    TIM4_IRQHandler                          0x0800015f   Thumb Code     0  startup_stm32f103xe.o(.text)
    TIM5_IRQHandler                          0x0800015f   Thumb Code     0  startup_stm32f103xe.o(.text)
    TIM6_IRQHandler                          0x0800015f   Thumb Code     0  startup_stm32f103xe.o(.text)
    TIM7_IRQHandler                          0x0800015f   Thumb Code     0  startup_stm32f103xe.o(.text)
    TIM8_BRK_IRQHandler                      0x0800015f   Thumb Code     0  startup_stm32f103xe.o(.text)
    TIM8_CC_IRQHandler                       0x0800015f   Thumb Code     0  startup_stm32f103xe.o(.text)
    TIM8_TRG_COM_IRQHandler                  0x0800015f   Thumb Code     0  startup_stm32f103xe.o(.text)
    TIM8_UP_IRQHandler                       0x0800015f   Thumb Code     0  startup_stm32f103xe.o(.text)
    UART4_IRQHandler                         0x0800015f   Thumb Code     0  startup_stm32f103xe.o(.text)
    UART5_IRQHandler                         0x0800015f   Thumb Code     0  startup_stm32f103xe.o(.text)
    USART3_IRQHandler                        0x0800015f   Thumb Code     0  startup_stm32f103xe.o(.text)
    USBWakeUp_IRQHandler                     0x0800015f   Thumb Code     0  startup_stm32f103xe.o(.text)
    USB_HP_CAN1_TX_IRQHandler                0x0800015f   Thumb Code     0  startup_stm32f103xe.o(.text)
    WWDG_IRQHandler                          0x0800015f   Thumb Code     0  startup_stm32f103xe.o(.text)
    __aeabi_llsr                             0x08000169   Thumb Code    32  llushr.o(.text)
    _ll_ushift_r                             0x08000169   Thumb Code     0  llushr.o(.text)
    __aeabi_memcpy                           0x08000189   Thumb Code    36  memcpya.o(.text)
    __aeabi_memcpy4                          0x08000189   Thumb Code     0  memcpya.o(.text)
    __aeabi_memcpy8                          0x08000189   Thumb Code     0  memcpya.o(.text)
    __aeabi_memset                           0x080001ad   Thumb Code    14  memseta.o(.text)
    __aeabi_memset4                          0x080001ad   Thumb Code     0  memseta.o(.text)
    __aeabi_memset8                          0x080001ad   Thumb Code     0  memseta.o(.text)
    __aeabi_memclr                           0x080001bb   Thumb Code     4  memseta.o(.text)
    __aeabi_memclr4                          0x080001bb   Thumb Code     0  memseta.o(.text)
    __aeabi_memclr8                          0x080001bb   Thumb Code     0  memseta.o(.text)
    _memset$wrapper                          0x080001bf   Thumb Code    18  memseta.o(.text)
    __aeabi_dadd                             0x080001d1   Thumb Code   322  dadd.o(.text)
    __aeabi_dsub                             0x08000313   Thumb Code     6  dadd.o(.text)
    __aeabi_drsub                            0x08000319   Thumb Code     6  dadd.o(.text)
    __aeabi_dmul                             0x0800031f   Thumb Code   228  dmul.o(.text)
    __aeabi_f2uiz                            0x08000403   Thumb Code    40  ffixui.o(.text)
    __aeabi_uidiv                            0x0800042b   Thumb Code     0  uidiv.o(.text)
    __aeabi_uidivmod                         0x0800042b   Thumb Code    44  uidiv.o(.text)
    __aeabi_uldivmod                         0x08000457   Thumb Code    98  uldiv.o(.text)
    __aeabi_llsl                             0x080004b9   Thumb Code    30  llshl.o(.text)
    _ll_shift_l                              0x080004b9   Thumb Code     0  llshl.o(.text)
    __aeabi_lasr                             0x080004d7   Thumb Code    36  llsshr.o(.text)
    _ll_sshift_r                             0x080004d7   Thumb Code     0  llsshr.o(.text)
    __I$use$fp                               0x080004fb   Thumb Code     0  iusefp.o(.text)
    _double_round                            0x080004fb   Thumb Code    30  depilogue.o(.text)
    _double_epilogue                         0x08000519   Thumb Code   156  depilogue.o(.text)
    __aeabi_ddiv                             0x080005b5   Thumb Code   222  ddiv.o(.text)
    __aeabi_d2ulz                            0x08000693   Thumb Code    48  dfixul.o(.text)
    __aeabi_cdrcmple                         0x080006c5   Thumb Code    48  cdrcmple.o(.text)
    __scatterload                            0x080006f5   Thumb Code    28  init.o(.text)
    __scatterload_rt2                        0x080006f5   Thumb Code     0  init.o(.text)
    ADC_ConversionStop_Disable               0x08000719   Thumb Code    76  stm32f1xx_hal_adc.o(i.ADC_ConversionStop_Disable)
    ADC_Enable                               0x08000765   Thumb Code   104  stm32f1xx_hal_adc.o(i.ADC_Enable)
    BusFault_Handler                         0x080007d5   Thumb Code     2  stm32f1xx_it.o(i.BusFault_Handler)
    CAN_User_Init                            0x080007d9   Thumb Code    68  user_can.o(i.CAN_User_Init)
    CHK_XOR                                  0x08000845   Thumb Code    22  upper_computer.o(i.CHK_XOR)
    Can_Send_Msg_StdId                       0x0800085d   Thumb Code   210  user_can.o(i.Can_Send_Msg_StdId)
    DebugMon_Handler                         0x08000add   Thumb Code     2  stm32f1xx_it.o(i.DebugMon_Handler)
    FLASH_ErasePage                          0x08000adf   Thumb Code    28  user_flash.o(i.FLASH_ErasePage)
    FLASH_PageErase                          0x08000b21   Thumb Code    28  stm32f1xx_hal_flash_ex.o(i.FLASH_PageErase)
    FLASH_WaitForLastOperation               0x08000bbd   Thumb Code    80  stm32f1xx_hal_flash.o(i.FLASH_WaitForLastOperation)
    Flash_Write                              0x08000c11   Thumb Code    12  user_flash.o(i.Flash_Write)
    Get_Voltage                              0x08000c1d   Thumb Code    42  user_adc.o(i.Get_Voltage)
    HAL_ADC_ConfigChannel                    0x08000c4d   Thumb Code   240  stm32f1xx_hal_adc.o(i.HAL_ADC_ConfigChannel)
    HAL_ADC_GetValue                         0x08000d49   Thumb Code     6  stm32f1xx_hal_adc.o(i.HAL_ADC_GetValue)
    HAL_ADC_Init                             0x08000d51   Thumb Code   272  stm32f1xx_hal_adc.o(i.HAL_ADC_Init)
    HAL_ADC_MspInit                          0x08000e71   Thumb Code    76  stm32f1xx_hal_msp.o(i.HAL_ADC_MspInit)
    HAL_ADC_PollForConversion                0x08000ec9   Thumb Code   290  stm32f1xx_hal_adc.o(i.HAL_ADC_PollForConversion)
    HAL_ADC_Start                            0x08000ff9   Thumb Code   184  stm32f1xx_hal_adc.o(i.HAL_ADC_Start)
    HAL_ADC_Stop                             0x080010b9   Thumb Code    52  stm32f1xx_hal_adc.o(i.HAL_ADC_Stop)
    HAL_CAN_ActivateNotification             0x080010ed   Thumb Code    36  stm32f1xx_hal_can.o(i.HAL_CAN_ActivateNotification)
    HAL_CAN_AddTxMessage                     0x08001111   Thumb Code   200  stm32f1xx_hal_can.o(i.HAL_CAN_AddTxMessage)
    HAL_CAN_ConfigFilter                     0x080011d9   Thumb Code   238  stm32f1xx_hal_can.o(i.HAL_CAN_ConfigFilter)
    HAL_CAN_ErrorCallback                    0x080012c7   Thumb Code     2  stm32f1xx_hal_can.o(i.HAL_CAN_ErrorCallback)
    HAL_CAN_GetRxMessage                     0x080012c9   Thumb Code   232  stm32f1xx_hal_can.o(i.HAL_CAN_GetRxMessage)
    HAL_CAN_IRQHandler                       0x080013b1   Thumb Code   508  stm32f1xx_hal_can.o(i.HAL_CAN_IRQHandler)
    HAL_CAN_Init                             0x080015ad   Thumb Code   282  stm32f1xx_hal_can.o(i.HAL_CAN_Init)
    HAL_CAN_MspInit                          0x080016c9   Thumb Code   112  stm32f1xx_hal_msp.o(i.HAL_CAN_MspInit)
    HAL_CAN_RxFifo0FullCallback              0x08001745   Thumb Code     2  stm32f1xx_hal_can.o(i.HAL_CAN_RxFifo0FullCallback)
    HAL_CAN_RxFifo0MsgPendingCallback        0x08001749   Thumb Code    72  user_can.o(i.HAL_CAN_RxFifo0MsgPendingCallback)
    HAL_CAN_RxFifo1FullCallback              0x080017a5   Thumb Code     2  stm32f1xx_hal_can.o(i.HAL_CAN_RxFifo1FullCallback)
    HAL_CAN_RxFifo1MsgPendingCallback        0x080017a7   Thumb Code     2  stm32f1xx_hal_can.o(i.HAL_CAN_RxFifo1MsgPendingCallback)
    HAL_CAN_SleepCallback                    0x080017a9   Thumb Code     2  stm32f1xx_hal_can.o(i.HAL_CAN_SleepCallback)
    HAL_CAN_Start                            0x080017ad   Thumb Code    88  stm32f1xx_hal_can.o(i.HAL_CAN_Start)
    HAL_CAN_TxMailbox0AbortCallback          0x08001805   Thumb Code     2  stm32f1xx_hal_can.o(i.HAL_CAN_TxMailbox0AbortCallback)
    HAL_CAN_TxMailbox0CompleteCallback       0x08001807   Thumb Code     2  stm32f1xx_hal_can.o(i.HAL_CAN_TxMailbox0CompleteCallback)
    HAL_CAN_TxMailbox1AbortCallback          0x08001809   Thumb Code     2  stm32f1xx_hal_can.o(i.HAL_CAN_TxMailbox1AbortCallback)
    HAL_CAN_TxMailbox1CompleteCallback       0x0800180b   Thumb Code     2  stm32f1xx_hal_can.o(i.HAL_CAN_TxMailbox1CompleteCallback)
    HAL_CAN_TxMailbox2AbortCallback          0x0800180d   Thumb Code     2  stm32f1xx_hal_can.o(i.HAL_CAN_TxMailbox2AbortCallback)
    HAL_CAN_TxMailbox2CompleteCallback       0x0800180f   Thumb Code     2  stm32f1xx_hal_can.o(i.HAL_CAN_TxMailbox2CompleteCallback)
    HAL_CAN_WakeUpFromRxMsgCallback          0x08001811   Thumb Code     2  stm32f1xx_hal_can.o(i.HAL_CAN_WakeUpFromRxMsgCallback)
    HAL_DMA_Abort_IT                         0x08001815   Thumb Code   296  stm32f1xx_hal_dma.o(i.HAL_DMA_Abort_IT)
    HAL_Delay                                0x08001945   Thumb Code    32  stm32f1xx_hal.o(i.HAL_Delay)
    HAL_FLASHEx_Erase                        0x08001969   Thumb Code   160  stm32f1xx_hal_flash_ex.o(i.HAL_FLASHEx_Erase)
    HAL_FLASH_Lock                           0x08001a11   Thumb Code    14  stm32f1xx_hal_flash.o(i.HAL_FLASH_Lock)
    HAL_FLASH_Program                        0x08001a25   Thumb Code   120  stm32f1xx_hal_flash.o(i.HAL_FLASH_Program)
    HAL_FLASH_Unlock                         0x08001aa5   Thumb Code    28  stm32f1xx_hal_flash.o(i.HAL_FLASH_Unlock)
    HAL_GPIO_Init                            0x08001acd   Thumb Code   462  stm32f1xx_hal_gpio.o(i.HAL_GPIO_Init)
    HAL_GPIO_WritePin                        0x08001cc5   Thumb Code    10  stm32f1xx_hal_gpio.o(i.HAL_GPIO_WritePin)
    HAL_GetTick                              0x08001cd1   Thumb Code     6  stm32f1xx_hal.o(i.HAL_GetTick)
    HAL_IncTick                              0x08001cdd   Thumb Code    12  stm32f1xx_hal.o(i.HAL_IncTick)
    HAL_Init                                 0x08001ced   Thumb Code    32  stm32f1xx_hal.o(i.HAL_Init)
    HAL_InitTick                             0x08001d11   Thumb Code    54  stm32f1xx_hal.o(i.HAL_InitTick)
    HAL_MspInit                              0x08001d51   Thumb Code    52  stm32f1xx_hal_msp.o(i.HAL_MspInit)
    HAL_NVIC_EnableIRQ                       0x08001d8d   Thumb Code    26  stm32f1xx_hal_cortex.o(i.HAL_NVIC_EnableIRQ)
    HAL_NVIC_SetPriority                     0x08001da9   Thumb Code    60  stm32f1xx_hal_cortex.o(i.HAL_NVIC_SetPriority)
    HAL_NVIC_SetPriorityGrouping             0x08001de9   Thumb Code    26  stm32f1xx_hal_cortex.o(i.HAL_NVIC_SetPriorityGrouping)
    HAL_RCCEx_GetPeriphCLKFreq               0x08001e0d   Thumb Code   180  stm32f1xx_hal_rcc_ex.o(i.HAL_RCCEx_GetPeriphCLKFreq)
    HAL_RCCEx_PeriphCLKConfig                0x08001ee1   Thumb Code   224  stm32f1xx_hal_rcc_ex.o(i.HAL_RCCEx_PeriphCLKConfig)
    HAL_RCC_ClockConfig                      0x08001fcd   Thumb Code   280  stm32f1xx_hal_rcc.o(i.HAL_RCC_ClockConfig)
    HAL_RCC_GetPCLK1Freq                     0x080020f9   Thumb Code    20  stm32f1xx_hal_rcc.o(i.HAL_RCC_GetPCLK1Freq)
    HAL_RCC_GetPCLK2Freq                     0x08002119   Thumb Code    20  stm32f1xx_hal_rcc.o(i.HAL_RCC_GetPCLK2Freq)
    HAL_RCC_GetSysClockFreq                  0x08002139   Thumb Code    74  stm32f1xx_hal_rcc.o(i.HAL_RCC_GetSysClockFreq)
    HAL_RCC_OscConfig                        0x080021a5   Thumb Code   778  stm32f1xx_hal_rcc.o(i.HAL_RCC_OscConfig)
    HAL_SYSTICK_Config                       0x080024c5   Thumb Code    40  stm32f1xx_hal_cortex.o(i.HAL_SYSTICK_Config)
    HAL_TIMEx_BreakCallback                  0x080024ed   Thumb Code     2  stm32f1xx_hal_tim_ex.o(i.HAL_TIMEx_BreakCallback)
    HAL_TIMEx_CommutCallback                 0x080024ef   Thumb Code     2  stm32f1xx_hal_tim_ex.o(i.HAL_TIMEx_CommutCallback)
    HAL_TIMEx_MasterConfigSynchronization    0x080024f1   Thumb Code    66  stm32f1xx_hal_tim_ex.o(i.HAL_TIMEx_MasterConfigSynchronization)
    HAL_TIM_Base_Init                        0x08002533   Thumb Code    54  stm32f1xx_hal_tim.o(i.HAL_TIM_Base_Init)
    HAL_TIM_Base_MspInit                     0x08002569   Thumb Code    50  stm32f1xx_hal_msp.o(i.HAL_TIM_Base_MspInit)
    HAL_TIM_ConfigClockSource                0x080025a1   Thumb Code   214  stm32f1xx_hal_tim.o(i.HAL_TIM_ConfigClockSource)
    HAL_TIM_IC_CaptureCallback               0x08002677   Thumb Code     2  stm32f1xx_hal_tim.o(i.HAL_TIM_IC_CaptureCallback)
    HAL_TIM_IRQHandler                       0x08002679   Thumb Code   358  stm32f1xx_hal_tim.o(i.HAL_TIM_IRQHandler)
    HAL_TIM_OC_DelayElapsedCallback          0x080027df   Thumb Code     2  stm32f1xx_hal_tim.o(i.HAL_TIM_OC_DelayElapsedCallback)
    HAL_TIM_PWM_PulseFinishedCallback        0x080027e1   Thumb Code     2  stm32f1xx_hal_tim.o(i.HAL_TIM_PWM_PulseFinishedCallback)
    HAL_TIM_PeriodElapsedCallback            0x080027e3   Thumb Code     2  user_time.o(i.HAL_TIM_PeriodElapsedCallback)
    HAL_TIM_TriggerCallback                  0x080027e5   Thumb Code     2  stm32f1xx_hal_tim.o(i.HAL_TIM_TriggerCallback)
    HAL_UART_ErrorCallback                   0x080027e9   Thumb Code    52  main.o(i.HAL_UART_ErrorCallback)
    HAL_UART_IRQHandler                      0x08002839   Thumb Code   266  stm32f1xx_hal_uart.o(i.HAL_UART_IRQHandler)
    HAL_UART_Init                            0x08002949   Thumb Code    98  stm32f1xx_hal_uart.o(i.HAL_UART_Init)
    HAL_UART_MspInit                         0x080029ad   Thumb Code   198  stm32f1xx_hal_msp.o(i.HAL_UART_MspInit)
    HAL_UART_Receive_IT                      0x08002a85   Thumb Code    82  stm32f1xx_hal_uart.o(i.HAL_UART_Receive_IT)
    HAL_UART_RxCpltCallback                  0x08002ad9   Thumb Code    62  main.o(i.HAL_UART_RxCpltCallback)
    HAL_UART_Transmit                        0x08002b25   Thumb Code   186  stm32f1xx_hal_uart.o(i.HAL_UART_Transmit)
    HAL_UART_TxCpltCallback                  0x08002bdf   Thumb Code     2  stm32f1xx_hal_uart.o(i.HAL_UART_TxCpltCallback)
    HardFault_Handler                        0x08002be1   Thumb Code     2  stm32f1xx_it.o(i.HardFault_Handler)
    MAX3485_INIT                             0x08002be5   Thumb Code    62  max3485.o(i.MAX3485_INIT)
    MemManage_Handler                        0x08002d05   Thumb Code     2  stm32f1xx_it.o(i.MemManage_Handler)
    NMI_Handler                              0x08002d07   Thumb Code     2  stm32f1xx_it.o(i.NMI_Handler)
    PendSV_Handler                           0x08002d09   Thumb Code     2  stm32f1xx_it.o(i.PendSV_Handler)
    STMFLASH_Read                            0x08002d0d   Thumb Code    26  user_flash.o(i.STMFLASH_Read)
    STMFLASH_ReadHalfWord                    0x08002d27   Thumb Code     4  user_flash.o(i.STMFLASH_ReadHalfWord)
    STMFLASH_Write                           0x08002d2d   Thumb Code   190  user_flash.o(i.STMFLASH_Write)
    STMFLASH_Write_NoCheck                   0x08002df1   Thumb Code    44  user_flash.o(i.STMFLASH_Write_NoCheck)
    SVC_Handler                              0x08002e1d   Thumb Code     2  stm32f1xx_it.o(i.SVC_Handler)
    SysTick_Handler                          0x08002e1f   Thumb Code     4  stm32f1xx_it.o(i.SysTick_Handler)
    SystemClock_Config                       0x08002e23   Thumb Code    98  main.o(i.SystemClock_Config)
    SystemInit                               0x08002e85   Thumb Code    56  system_stm32f1xx.o(i.SystemInit)
    TIM2_IRQHandler                          0x08002ecd   Thumb Code     6  stm32f1xx_it.o(i.TIM2_IRQHandler)
    TIM_Base_SetConfig                       0x08002ed9   Thumb Code   120  stm32f1xx_hal_tim.o(i.TIM_Base_SetConfig)
    TIM_ETR_SetConfig                        0x08002f65   Thumb Code    20  stm32f1xx_hal_tim.o(i.TIM_ETR_SetConfig)
    USART1_IRQHandler                        0x08003211   Thumb Code     6  stm32f1xx_it.o(i.USART1_IRQHandler)
    USART1_SendArr                           0x0800321d   Thumb Code    16  user_usart1.o(i.USART1_SendArr)
    USART2_IRQHandler                        0x08003231   Thumb Code     6  stm32f1xx_it.o(i.USART2_IRQHandler)
    USB_LP_CAN1_RX0_IRQHandler               0x0800323d   Thumb Code     6  stm32f1xx_it.o(i.USB_LP_CAN1_RX0_IRQHandler)
    UsageFault_Handler                       0x08003249   Thumb Code     2  stm32f1xx_it.o(i.UsageFault_Handler)
    ValueTypes                               0x0800324b   Thumb Code    28  process_m3.o(i.ValueTypes)
    __0printf                                0x08003269   Thumb Code    22  printfa.o(i.__0printf)
    __1printf                                0x08003269   Thumb Code     0  printfa.o(i.__0printf)
    __2printf                                0x08003269   Thumb Code     0  printfa.o(i.__0printf)
    __c89printf                              0x08003269   Thumb Code     0  printfa.o(i.__0printf)
    printf                                   0x08003269   Thumb Code     0  printfa.o(i.__0printf)
    __scatterload_copy                       0x080032a9   Thumb Code    14  handlers.o(i.__scatterload_copy)
    __scatterload_null                       0x080032b7   Thumb Code     2  handlers.o(i.__scatterload_null)
    __scatterload_zeroinit                   0x080032b9   Thumb Code    14  handlers.o(i.__scatterload_zeroinit)
    can_start                                0x08003b7d   Thumb Code     6  user_can.o(i.can_start)
    fputc                                    0x08003b89   Thumb Code    18  user_usart1.o(i.fputc)
    main                                     0x08003ba1   Thumb Code   206  main.o(i.main)
    open_usart1_receive_interrupt            0x08003cad   Thumb Code    10  user_usart1.o(i.open_usart1_receive_interrupt)
    process_up                               0x08003cc1   Thumb Code   316  upper_computer.o(i.process_up)
    usart1_data_fifo_get                     0x08003e0d   Thumb Code    46  user_usart1.o(i.usart1_data_fifo_get)
    usart1_data_fifo_is_empty                0x08003e45   Thumb Code    18  user_usart1.o(i.usart1_data_fifo_is_empty)
    usart1_data_fifo_is_full                 0x08003e5d   Thumb Code    20  user_usart1.o(i.usart1_data_fifo_is_full)
    usart1_data_fifo_len                     0x08003e75   Thumb Code    10  user_usart1.o(i.usart1_data_fifo_len)
    usart1_data_fifo_put                     0x08003e85   Thumb Code    44  user_usart1.o(i.usart1_data_fifo_put)
    usart1_data_fifo_read                    0x08003eb9   Thumb Code    30  user_usart1.o(i.usart1_data_fifo_read)
    usart2_data_fifo_is_full                 0x08003ed9   Thumb Code    20  user_usart2.o(i.usart2_data_fifo_is_full)
    usart2_data_fifo_put                     0x08003ef1   Thumb Code    44  user_usart2.o(i.usart2_data_fifo_put)
    AHBPrescTable                            0x08003f24   Data          16  system_stm32f1xx.o(.constdata)
    APBPrescTable                            0x08003f34   Data           8  system_stm32f1xx.o(.constdata)
    Region$$Table$$Base                      0x08003f3c   Number         0  anon$$obj.o(Region$$Table)
    Region$$Table$$Limit                     0x08003f5c   Number         0  anon$$obj.o(Region$$Table)
    vol                                      0x20000000   Data           2  main.o(.data)
    Can_STD_ID                               0x20000002   Data           2  main.o(.data)
    sensor_hum                               0x20000004   Data           4  main.o(.data)
    sensor_tem                               0x20000008   Data           4  main.o(.data)
    switching                                0x2000000c   Data           1  main.o(.data)
    flag_send_data                           0x2000000d   Data           1  main.o(.data)
    Can_data                                 0x2000000e   Data           8  main.o(.data)
    Sensor_Type_t                            0x20000016   Data           1  upper_computer.o(.data)
    connect_buf                              0x20000017   Data           8  upper_computer.o(.data)
    TxMailbox                                0x20000020   Data           4  user_can.o(.data)
    usart1_data_frame_put_index              0x20000024   Data           1  user_usart1.o(.data)
    usart1_data_frame_get_index              0x20000025   Data           1  user_usart1.o(.data)
    usart1RxBuf                              0x20000026   Data           1  user_usart1.o(.data)
    usart1_data_fifo_buf_in                  0x20000028   Data           4  user_usart1.o(.data)
    usart1_data_fifo_buf_out                 0x2000002c   Data           4  user_usart1.o(.data)
    usart2_data_frame_put_index              0x20000030   Data           1  user_usart2.o(.data)
    usart2_data_frame_get_index              0x20000031   Data           1  user_usart2.o(.data)
    usart2RxBuf                              0x20000032   Data           1  user_usart2.o(.data)
    usart2_data_fifo_buf_in                  0x20000034   Data           4  user_usart2.o(.data)
    usart2_data_fifo_buf_out                 0x20000038   Data           4  user_usart2.o(.data)
    uwTickFreq                               0x2000003c   Data           1  stm32f1xx_hal.o(.data)
    uwTickPrio                               0x20000040   Data           4  stm32f1xx_hal.o(.data)
    uwTick                                   0x20000044   Data           4  stm32f1xx_hal.o(.data)
    SystemCoreClock                          0x20000048   Data           4  system_stm32f1xx.o(.data)
    __stdout                                 0x2000004c   Data           4  stdout.o(.data)
    hadc1                                    0x20000050   Data          48  main.o(.bss)
    hcan                                     0x20000080   Data          40  main.o(.bss)
    htim2                                    0x200000a8   Data          64  main.o(.bss)
    huart1                                   0x200000e8   Data          64  main.o(.bss)
    huart2                                   0x20000128   Data          64  main.o(.bss)
    STMFLASH_BUF                             0x20000168   Data        2048  user_flash.o(.bss)
    usart1_data_fifo_buf                     0x20000968   Data         256  user_usart1.o(.bss)
    usart2_data_fifo_buf                     0x20000a68   Data         256  user_usart2.o(.bss)
    pFlash                                   0x20000b68   Data          32  stm32f1xx_hal_flash.o(.bss)
    __initial_sp                             0x20001b88   Data           0  startup_stm32f103xe.o(STACK)



==============================================================================

Memory Map of the image

  Image Entry point : 0x08000131

  Load Region LR_IROM1 (Base: 0x08000000, Size: 0x00003fac, Max: 0x00080000, ABSOLUTE)

    Execution Region ER_IROM1 (Exec base: 0x08000000, Load base: 0x08000000, Size: 0x00003f5c, Max: 0x00080000, ABSOLUTE)

    Exec Addr    Load Addr    Size         Type   Attr      Idx    E Section Name        Object

    0x08000000   0x08000000   0x00000130   Data   RO            3    RESET               startup_stm32f103xe.o
    0x08000130   0x08000130   0x00000000   Code   RO         3896  * .ARM.Collect$$$$00000000  mc_w.l(entry.o)
    0x08000130   0x08000130   0x00000004   Code   RO         4182    .ARM.Collect$$$$00000001  mc_w.l(entry2.o)
    0x08000134   0x08000134   0x00000004   Code   RO         4185    .ARM.Collect$$$$00000004  mc_w.l(entry5.o)
    0x08000138   0x08000138   0x00000000   Code   RO         4187    .ARM.Collect$$$$00000008  mc_w.l(entry7b.o)
    0x08000138   0x08000138   0x00000000   Code   RO         4189    .ARM.Collect$$$$0000000A  mc_w.l(entry8b.o)
    0x08000138   0x08000138   0x00000008   Code   RO         4190    .ARM.Collect$$$$0000000B  mc_w.l(entry9a.o)
    0x08000140   0x08000140   0x00000000   Code   RO         4192    .ARM.Collect$$$$0000000D  mc_w.l(entry10a.o)
    0x08000140   0x08000140   0x00000000   Code   RO         4194    .ARM.Collect$$$$0000000F  mc_w.l(entry11a.o)
    0x08000140   0x08000140   0x00000004   Code   RO         4183    .ARM.Collect$$$$00002712  mc_w.l(entry2.o)
    0x08000144   0x08000144   0x00000024   Code   RO            4    .text               startup_stm32f103xe.o
    0x08000168   0x08000168   0x00000020   Code   RO         3899    .text               mc_w.l(llushr.o)
    0x08000188   0x08000188   0x00000024   Code   RO         3901    .text               mc_w.l(memcpya.o)
    0x080001ac   0x080001ac   0x00000024   Code   RO         3903    .text               mc_w.l(memseta.o)
    0x080001d0   0x080001d0   0x0000014e   Code   RO         4170    .text               mf_w.l(dadd.o)
    0x0800031e   0x0800031e   0x000000e4   Code   RO         4172    .text               mf_w.l(dmul.o)
    0x08000402   0x08000402   0x00000028   Code   RO         4176    .text               mf_w.l(ffixui.o)
    0x0800042a   0x0800042a   0x0000002c   Code   RO         4197    .text               mc_w.l(uidiv.o)
    0x08000456   0x08000456   0x00000062   Code   RO         4199    .text               mc_w.l(uldiv.o)
    0x080004b8   0x080004b8   0x0000001e   Code   RO         4201    .text               mc_w.l(llshl.o)
    0x080004d6   0x080004d6   0x00000024   Code   RO         4203    .text               mc_w.l(llsshr.o)
    0x080004fa   0x080004fa   0x00000000   Code   RO         4205    .text               mc_w.l(iusefp.o)
    0x080004fa   0x080004fa   0x000000ba   Code   RO         4208    .text               mf_w.l(depilogue.o)
    0x080005b4   0x080005b4   0x000000de   Code   RO         4210    .text               mf_w.l(ddiv.o)
    0x08000692   0x08000692   0x00000030   Code   RO         4212    .text               mf_w.l(dfixul.o)
    0x080006c2   0x080006c2   0x00000002   PAD
    0x080006c4   0x080006c4   0x00000030   Code   RO         4214    .text               mf_w.l(cdrcmple.o)
    0x080006f4   0x080006f4   0x00000024   Code   RO         4216    .text               mc_w.l(init.o)
    0x08000718   0x08000718   0x0000004c   Code   RO         1194    i.ADC_ConversionStop_Disable  stm32f1xx_hal_adc.o
    0x08000764   0x08000764   0x00000070   Code   RO         1198    i.ADC_Enable        stm32f1xx_hal_adc.o
    0x080007d4   0x080007d4   0x00000002   Code   RO          235    i.BusFault_Handler  stm32f1xx_it.o
    0x080007d6   0x080007d6   0x00000002   PAD
    0x080007d8   0x080007d8   0x0000006c   Code   RO          756    i.CAN_User_Init     user_can.o
    0x08000844   0x08000844   0x00000016   Code   RO          679    i.CHK_XOR           upper_computer.o
    0x0800085a   0x0800085a   0x00000002   PAD
    0x0800085c   0x0800085c   0x00000280   Code   RO          758    i.Can_Send_Msg_StdId  user_can.o
    0x08000adc   0x08000adc   0x00000002   Code   RO          236    i.DebugMon_Handler  stm32f1xx_it.o
    0x08000ade   0x08000ade   0x0000001c   Code   RO          856    i.FLASH_ErasePage   user_flash.o
    0x08000afa   0x08000afa   0x00000002   PAD
    0x08000afc   0x08000afc   0x00000024   Code   RO         3776    i.FLASH_MassErase   stm32f1xx_hal_flash_ex.o
    0x08000b20   0x08000b20   0x00000024   Code   RO         3781    i.FLASH_PageErase   stm32f1xx_hal_flash_ex.o
    0x08000b44   0x08000b44   0x0000001c   Code   RO         3673    i.FLASH_Program_HalfWord  stm32f1xx_hal_flash.o
    0x08000b60   0x08000b60   0x0000005c   Code   RO         3674    i.FLASH_SetErrorCode  stm32f1xx_hal_flash.o
    0x08000bbc   0x08000bbc   0x00000054   Code   RO         3675    i.FLASH_WaitForLastOperation  stm32f1xx_hal_flash.o
    0x08000c10   0x08000c10   0x0000000c   Code   RO          857    i.Flash_Write       user_flash.o
    0x08000c1c   0x08000c1c   0x00000030   Code   RO          727    i.Get_Voltage       user_adc.o
    0x08000c4c   0x08000c4c   0x000000fc   Code   RO         1200    i.HAL_ADC_ConfigChannel  stm32f1xx_hal_adc.o
    0x08000d48   0x08000d48   0x00000006   Code   RO         1207    i.HAL_ADC_GetValue  stm32f1xx_hal_adc.o
    0x08000d4e   0x08000d4e   0x00000002   PAD
    0x08000d50   0x08000d50   0x00000120   Code   RO         1209    i.HAL_ADC_Init      stm32f1xx_hal_adc.o
    0x08000e70   0x08000e70   0x00000058   Code   RO          336    i.HAL_ADC_MspInit   stm32f1xx_hal_msp.o
    0x08000ec8   0x08000ec8   0x00000130   Code   RO         1213    i.HAL_ADC_PollForConversion  stm32f1xx_hal_adc.o
    0x08000ff8   0x08000ff8   0x000000c0   Code   RO         1215    i.HAL_ADC_Start     stm32f1xx_hal_adc.o
    0x080010b8   0x080010b8   0x00000034   Code   RO         1218    i.HAL_ADC_Stop      stm32f1xx_hal_adc.o
    0x080010ec   0x080010ec   0x00000024   Code   RO         1471    i.HAL_CAN_ActivateNotification  stm32f1xx_hal_can.o
    0x08001110   0x08001110   0x000000c8   Code   RO         1472    i.HAL_CAN_AddTxMessage  stm32f1xx_hal_can.o
    0x080011d8   0x080011d8   0x000000ee   Code   RO         1473    i.HAL_CAN_ConfigFilter  stm32f1xx_hal_can.o
    0x080012c6   0x080012c6   0x00000002   Code   RO         1476    i.HAL_CAN_ErrorCallback  stm32f1xx_hal_can.o
    0x080012c8   0x080012c8   0x000000e8   Code   RO         1479    i.HAL_CAN_GetRxMessage  stm32f1xx_hal_can.o
    0x080013b0   0x080013b0   0x000001fc   Code   RO         1483    i.HAL_CAN_IRQHandler  stm32f1xx_hal_can.o
    0x080015ac   0x080015ac   0x0000011a   Code   RO         1484    i.HAL_CAN_Init      stm32f1xx_hal_can.o
    0x080016c6   0x080016c6   0x00000002   PAD
    0x080016c8   0x080016c8   0x0000007c   Code   RO          338    i.HAL_CAN_MspInit   stm32f1xx_hal_msp.o
    0x08001744   0x08001744   0x00000002   Code   RO         1491    i.HAL_CAN_RxFifo0FullCallback  stm32f1xx_hal_can.o
    0x08001746   0x08001746   0x00000002   PAD
    0x08001748   0x08001748   0x0000005c   Code   RO          760    i.HAL_CAN_RxFifo0MsgPendingCallback  user_can.o
    0x080017a4   0x080017a4   0x00000002   Code   RO         1493    i.HAL_CAN_RxFifo1FullCallback  stm32f1xx_hal_can.o
    0x080017a6   0x080017a6   0x00000002   Code   RO         1494    i.HAL_CAN_RxFifo1MsgPendingCallback  stm32f1xx_hal_can.o
    0x080017a8   0x080017a8   0x00000002   Code   RO         1495    i.HAL_CAN_SleepCallback  stm32f1xx_hal_can.o
    0x080017aa   0x080017aa   0x00000002   PAD
    0x080017ac   0x080017ac   0x00000058   Code   RO         1496    i.HAL_CAN_Start     stm32f1xx_hal_can.o
    0x08001804   0x08001804   0x00000002   Code   RO         1498    i.HAL_CAN_TxMailbox0AbortCallback  stm32f1xx_hal_can.o
    0x08001806   0x08001806   0x00000002   Code   RO         1499    i.HAL_CAN_TxMailbox0CompleteCallback  stm32f1xx_hal_can.o
    0x08001808   0x08001808   0x00000002   Code   RO         1500    i.HAL_CAN_TxMailbox1AbortCallback  stm32f1xx_hal_can.o
    0x0800180a   0x0800180a   0x00000002   Code   RO         1501    i.HAL_CAN_TxMailbox1CompleteCallback  stm32f1xx_hal_can.o
    0x0800180c   0x0800180c   0x00000002   Code   RO         1502    i.HAL_CAN_TxMailbox2AbortCallback  stm32f1xx_hal_can.o
    0x0800180e   0x0800180e   0x00000002   Code   RO         1503    i.HAL_CAN_TxMailbox2CompleteCallback  stm32f1xx_hal_can.o
    0x08001810   0x08001810   0x00000002   Code   RO         1505    i.HAL_CAN_WakeUpFromRxMsgCallback  stm32f1xx_hal_can.o
    0x08001812   0x08001812   0x00000002   PAD
    0x08001814   0x08001814   0x00000130   Code   RO         3338    i.HAL_DMA_Abort_IT  stm32f1xx_hal_dma.o
    0x08001944   0x08001944   0x00000024   Code   RO         2965    i.HAL_Delay         stm32f1xx_hal.o
    0x08001968   0x08001968   0x000000a8   Code   RO         3782    i.HAL_FLASHEx_Erase  stm32f1xx_hal_flash_ex.o
    0x08001a10   0x08001a10   0x00000014   Code   RO         3679    i.HAL_FLASH_Lock    stm32f1xx_hal_flash.o
    0x08001a24   0x08001a24   0x00000080   Code   RO         3684    i.HAL_FLASH_Program  stm32f1xx_hal_flash.o
    0x08001aa4   0x08001aa4   0x00000028   Code   RO         3686    i.HAL_FLASH_Unlock  stm32f1xx_hal_flash.o
    0x08001acc   0x08001acc   0x000001f8   Code   RO         3273    i.HAL_GPIO_Init     stm32f1xx_hal_gpio.o
    0x08001cc4   0x08001cc4   0x0000000a   Code   RO         3277    i.HAL_GPIO_WritePin  stm32f1xx_hal_gpio.o
    0x08001cce   0x08001cce   0x00000002   PAD
    0x08001cd0   0x08001cd0   0x0000000c   Code   RO         2969    i.HAL_GetTick       stm32f1xx_hal.o
    0x08001cdc   0x08001cdc   0x00000010   Code   RO         2975    i.HAL_IncTick       stm32f1xx_hal.o
    0x08001cec   0x08001cec   0x00000024   Code   RO         2976    i.HAL_Init          stm32f1xx_hal.o
    0x08001d10   0x08001d10   0x00000040   Code   RO         2977    i.HAL_InitTick      stm32f1xx_hal.o
    0x08001d50   0x08001d50   0x0000003c   Code   RO          339    i.HAL_MspInit       stm32f1xx_hal_msp.o
    0x08001d8c   0x08001d8c   0x0000001a   Code   RO         3433    i.HAL_NVIC_EnableIRQ  stm32f1xx_hal_cortex.o
    0x08001da6   0x08001da6   0x00000002   PAD
    0x08001da8   0x08001da8   0x00000040   Code   RO         3439    i.HAL_NVIC_SetPriority  stm32f1xx_hal_cortex.o
    0x08001de8   0x08001de8   0x00000024   Code   RO         3440    i.HAL_NVIC_SetPriorityGrouping  stm32f1xx_hal_cortex.o
    0x08001e0c   0x08001e0c   0x000000d4   Code   RO         3235    i.HAL_RCCEx_GetPeriphCLKFreq  stm32f1xx_hal_rcc_ex.o
    0x08001ee0   0x08001ee0   0x000000ec   Code   RO         3236    i.HAL_RCCEx_PeriphCLKConfig  stm32f1xx_hal_rcc_ex.o
    0x08001fcc   0x08001fcc   0x0000012c   Code   RO         3133    i.HAL_RCC_ClockConfig  stm32f1xx_hal_rcc.o
    0x080020f8   0x080020f8   0x00000020   Code   RO         3140    i.HAL_RCC_GetPCLK1Freq  stm32f1xx_hal_rcc.o
    0x08002118   0x08002118   0x00000020   Code   RO         3141    i.HAL_RCC_GetPCLK2Freq  stm32f1xx_hal_rcc.o
    0x08002138   0x08002138   0x0000006c   Code   RO         3142    i.HAL_RCC_GetSysClockFreq  stm32f1xx_hal_rcc.o
    0x080021a4   0x080021a4   0x00000320   Code   RO         3145    i.HAL_RCC_OscConfig  stm32f1xx_hal_rcc.o
    0x080024c4   0x080024c4   0x00000028   Code   RO         3444    i.HAL_SYSTICK_Config  stm32f1xx_hal_cortex.o
    0x080024ec   0x080024ec   0x00000002   Code   RO         2381    i.HAL_TIMEx_BreakCallback  stm32f1xx_hal_tim_ex.o
    0x080024ee   0x080024ee   0x00000002   Code   RO         2382    i.HAL_TIMEx_CommutCallback  stm32f1xx_hal_tim_ex.o
    0x080024f0   0x080024f0   0x00000042   Code   RO         2399    i.HAL_TIMEx_MasterConfigSynchronization  stm32f1xx_hal_tim_ex.o
    0x08002532   0x08002532   0x00000036   Code   RO         1706    i.HAL_TIM_Base_Init  stm32f1xx_hal_tim.o
    0x08002568   0x08002568   0x00000038   Code   RO          341    i.HAL_TIM_Base_MspInit  stm32f1xx_hal_msp.o
    0x080025a0   0x080025a0   0x000000d6   Code   RO         1715    i.HAL_TIM_ConfigClockSource  stm32f1xx_hal_tim.o
    0x08002676   0x08002676   0x00000002   Code   RO         1735    i.HAL_TIM_IC_CaptureCallback  stm32f1xx_hal_tim.o
    0x08002678   0x08002678   0x00000166   Code   RO         1749    i.HAL_TIM_IRQHandler  stm32f1xx_hal_tim.o
    0x080027de   0x080027de   0x00000002   Code   RO         1752    i.HAL_TIM_OC_DelayElapsedCallback  stm32f1xx_hal_tim.o
    0x080027e0   0x080027e0   0x00000002   Code   RO         1779    i.HAL_TIM_PWM_PulseFinishedCallback  stm32f1xx_hal_tim.o
    0x080027e2   0x080027e2   0x00000002   Code   RO          910    i.HAL_TIM_PeriodElapsedCallback  user_time.o
    0x080027e4   0x080027e4   0x00000002   Code   RO         1792    i.HAL_TIM_TriggerCallback  stm32f1xx_hal_tim.o
    0x080027e6   0x080027e6   0x00000002   PAD
    0x080027e8   0x080027e8   0x00000050   Code   RO           14    i.HAL_UART_ErrorCallback  main.o
    0x08002838   0x08002838   0x00000110   Code   RO         2656    i.HAL_UART_IRQHandler  stm32f1xx_hal_uart.o
    0x08002948   0x08002948   0x00000062   Code   RO         2657    i.HAL_UART_Init     stm32f1xx_hal_uart.o
    0x080029aa   0x080029aa   0x00000002   PAD
    0x080029ac   0x080029ac   0x000000d8   Code   RO          343    i.HAL_UART_MspInit  stm32f1xx_hal_msp.o
    0x08002a84   0x08002a84   0x00000052   Code   RO         2662    i.HAL_UART_Receive_IT  stm32f1xx_hal_uart.o
    0x08002ad6   0x08002ad6   0x00000002   PAD
    0x08002ad8   0x08002ad8   0x0000004c   Code   RO           15    i.HAL_UART_RxCpltCallback  main.o
    0x08002b24   0x08002b24   0x000000ba   Code   RO         2665    i.HAL_UART_Transmit  stm32f1xx_hal_uart.o
    0x08002bde   0x08002bde   0x00000002   Code   RO         2668    i.HAL_UART_TxCpltCallback  stm32f1xx_hal_uart.o
    0x08002be0   0x08002be0   0x00000002   Code   RO          237    i.HardFault_Handler  stm32f1xx_it.o
    0x08002be2   0x08002be2   0x00000002   PAD
    0x08002be4   0x08002be4   0x00000048   Code   RO          437    i.MAX3485_INIT      max3485.o
    0x08002c2c   0x08002c2c   0x0000004c   Code   RO           16    i.MX_ADC1_Init      main.o
    0x08002c78   0x08002c78   0x00000038   Code   RO           17    i.MX_CAN_Init       main.o
    0x08002cb0   0x08002cb0   0x00000054   Code   RO           18    i.MX_TIM2_Init      main.o
    0x08002d04   0x08002d04   0x00000002   Code   RO          238    i.MemManage_Handler  stm32f1xx_it.o
    0x08002d06   0x08002d06   0x00000002   Code   RO          239    i.NMI_Handler       stm32f1xx_it.o
    0x08002d08   0x08002d08   0x00000002   Code   RO          240    i.PendSV_Handler    stm32f1xx_it.o
    0x08002d0a   0x08002d0a   0x00000002   PAD
    0x08002d0c   0x08002d0c   0x0000001a   Code   RO          858    i.STMFLASH_Read     user_flash.o
    0x08002d26   0x08002d26   0x00000004   Code   RO          859    i.STMFLASH_ReadHalfWord  user_flash.o
    0x08002d2a   0x08002d2a   0x00000002   PAD
    0x08002d2c   0x08002d2c   0x000000c4   Code   RO          860    i.STMFLASH_Write    user_flash.o
    0x08002df0   0x08002df0   0x0000002c   Code   RO          861    i.STMFLASH_Write_NoCheck  user_flash.o
    0x08002e1c   0x08002e1c   0x00000002   Code   RO          241    i.SVC_Handler       stm32f1xx_it.o
    0x08002e1e   0x08002e1e   0x00000004   Code   RO          242    i.SysTick_Handler   stm32f1xx_it.o
    0x08002e22   0x08002e22   0x00000062   Code   RO           19    i.SystemClock_Config  main.o
    0x08002e84   0x08002e84   0x00000048   Code   RO         3862    i.SystemInit        system_stm32f1xx.o
    0x08002ecc   0x08002ecc   0x0000000c   Code   RO          243    i.TIM2_IRQHandler   stm32f1xx_it.o
    0x08002ed8   0x08002ed8   0x0000008c   Code   RO         1794    i.TIM_Base_SetConfig  stm32f1xx_hal_tim.o
    0x08002f64   0x08002f64   0x00000014   Code   RO         1805    i.TIM_ETR_SetConfig  stm32f1xx_hal_tim.o
    0x08002f78   0x08002f78   0x00000010   Code   RO         1806    i.TIM_ITRx_SetConfig  stm32f1xx_hal_tim.o
    0x08002f88   0x08002f88   0x00000022   Code   RO         1812    i.TIM_TI1_ConfigInputStage  stm32f1xx_hal_tim.o
    0x08002faa   0x08002faa   0x00000024   Code   RO         1814    i.TIM_TI2_ConfigInputStage  stm32f1xx_hal_tim.o
    0x08002fce   0x08002fce   0x00000010   Code   RO         2670    i.UART_DMAAbortOnError  stm32f1xx_hal_uart.o
    0x08002fde   0x08002fde   0x0000001c   Code   RO         2680    i.UART_EndRxTransfer  stm32f1xx_hal_uart.o
    0x08002ffa   0x08002ffa   0x00000096   Code   RO         2682    i.UART_Receive_IT   stm32f1xx_hal_uart.o
    0x08003090   0x08003090   0x000000b8   Code   RO         2683    i.UART_SetConfig    stm32f1xx_hal_uart.o
    0x08003148   0x08003148   0x00000062   Code   RO         2684    i.UART_Transmit_IT  stm32f1xx_hal_uart.o
    0x080031aa   0x080031aa   0x00000064   Code   RO         2685    i.UART_WaitOnFlagUntilTimeout  stm32f1xx_hal_uart.o
    0x0800320e   0x0800320e   0x00000002   PAD
    0x08003210   0x08003210   0x0000000c   Code   RO          244    i.USART1_IRQHandler  stm32f1xx_it.o
    0x0800321c   0x0800321c   0x00000014   Code   RO          946    i.USART1_SendArr    user_usart1.o
    0x08003230   0x08003230   0x0000000c   Code   RO          245    i.USART2_IRQHandler  stm32f1xx_it.o
    0x0800323c   0x0800323c   0x0000000c   Code   RO          246    i.USB_LP_CAN1_RX0_IRQHandler  stm32f1xx_it.o
    0x08003248   0x08003248   0x00000002   Code   RO          247    i.UsageFault_Handler  stm32f1xx_it.o
    0x0800324a   0x0800324a   0x0000001c   Code   RO          467    i.ValueTypes        process_m3.o
    0x08003266   0x08003266   0x00000002   PAD
    0x08003268   0x08003268   0x00000020   Code   RO         4142    i.__0printf         mc_w.l(printfa.o)
    0x08003288   0x08003288   0x00000020   Code   RO         3446    i.__NVIC_SetPriority  stm32f1xx_hal_cortex.o
    0x080032a8   0x080032a8   0x0000000e   Code   RO         4220    i.__scatterload_copy  mc_w.l(handlers.o)
    0x080032b6   0x080032b6   0x00000002   Code   RO         4221    i.__scatterload_null  mc_w.l(handlers.o)
    0x080032b8   0x080032b8   0x0000000e   Code   RO         4222    i.__scatterload_zeroinit  mc_w.l(handlers.o)
    0x080032c6   0x080032c6   0x00000002   PAD
    0x080032c8   0x080032c8   0x00000184   Code   RO         4149    i._fp_digits        mc_w.l(printfa.o)
    0x0800344c   0x0800344c   0x000006dc   Code   RO         4150    i._printf_core      mc_w.l(printfa.o)
    0x08003b28   0x08003b28   0x00000024   Code   RO         4151    i._printf_post_padding  mc_w.l(printfa.o)
    0x08003b4c   0x08003b4c   0x0000002e   Code   RO         4152    i._printf_pre_padding  mc_w.l(printfa.o)
    0x08003b7a   0x08003b7a   0x00000002   PAD
    0x08003b7c   0x08003b7c   0x0000000c   Code   RO          761    i.can_start         user_can.o
    0x08003b88   0x08003b88   0x00000018   Code   RO          949    i.fputc             user_usart1.o
    0x08003ba0   0x08003ba0   0x0000010c   Code   RO           20    i.main              main.o
    0x08003cac   0x08003cac   0x00000014   Code   RO          951    i.open_usart1_receive_interrupt  user_usart1.o
    0x08003cc0   0x08003cc0   0x0000014c   Code   RO          681    i.process_up        upper_computer.o
    0x08003e0c   0x08003e0c   0x00000038   Code   RO          953    i.usart1_data_fifo_get  user_usart1.o
    0x08003e44   0x08003e44   0x00000018   Code   RO          954    i.usart1_data_fifo_is_empty  user_usart1.o
    0x08003e5c   0x08003e5c   0x00000018   Code   RO          955    i.usart1_data_fifo_is_full  user_usart1.o
    0x08003e74   0x08003e74   0x00000010   Code   RO          956    i.usart1_data_fifo_len  user_usart1.o
    0x08003e84   0x08003e84   0x00000034   Code   RO          957    i.usart1_data_fifo_put  user_usart1.o
    0x08003eb8   0x08003eb8   0x0000001e   Code   RO          958    i.usart1_data_fifo_read  user_usart1.o
    0x08003ed6   0x08003ed6   0x00000002   PAD
    0x08003ed8   0x08003ed8   0x00000018   Code   RO         1063    i.usart2_data_fifo_is_full  user_usart2.o
    0x08003ef0   0x08003ef0   0x00000034   Code   RO         1065    i.usart2_data_fifo_put  user_usart2.o
    0x08003f24   0x08003f24   0x00000010   Data   RO         3863    .constdata          system_stm32f1xx.o
    0x08003f34   0x08003f34   0x00000008   Data   RO         3864    .constdata          system_stm32f1xx.o
    0x08003f3c   0x08003f3c   0x00000020   Data   RO         4218    Region$$Table       anon$$obj.o


    Execution Region RW_IRAM1 (Exec base: 0x20000000, Load base: 0x08003f5c, Size: 0x00001b88, Max: 0x00010000, ABSOLUTE)

    Exec Addr    Load Addr    Size         Type   Attr      Idx    E Section Name        Object

    0x20000000   0x08003f5c   0x00000004   Data   RW           23    .data               main.o
    0x20000004   0x08003f60   0x00000004   Data   RW           24    .data               main.o
    0x20000008   0x08003f64   0x00000004   Data   RW           25    .data               main.o
    0x2000000c   0x08003f68   0x00000001   Data   RW           26    .data               main.o
    0x2000000d   0x08003f69   0x00000001   Data   RW           29    .data               main.o
    0x2000000e   0x08003f6a   0x00000008   Data   RW           30    .data               main.o
    0x20000016   0x08003f72   0x00000009   Data   RW          682    .data               upper_computer.o
    0x2000001f   0x08003f7b   0x00000001   PAD
    0x20000020   0x08003f7c   0x00000004   Data   RW          764    .data               user_can.o
    0x20000024   0x08003f80   0x0000000c   Data   RW          961    .data               user_usart1.o
    0x20000030   0x08003f8c   0x0000000c   Data   RW         1069    .data               user_usart2.o
    0x2000003c   0x08003f98   0x0000000c   Data   RW         2983    .data               stm32f1xx_hal.o
    0x20000048   0x08003fa4   0x00000004   Data   RW         3865    .data               system_stm32f1xx.o
    0x2000004c   0x08003fa8   0x00000004   Data   RW         4196    .data               mc_w.l(stdout.o)
    0x20000050        -       0x00000118   Zero   RW           21    .bss                main.o
    0x20000168        -       0x00000800   Zero   RW          862    .bss                user_flash.o
    0x20000968        -       0x00000100   Zero   RW          960    .bss                user_usart1.o
    0x20000a68        -       0x00000100   Zero   RW         1068    .bss                user_usart2.o
    0x20000b68        -       0x00000020   Zero   RW         3687    .bss                stm32f1xx_hal_flash.o
    0x20000b88        -       0x00001000   Zero   RW            1    STACK               startup_stm32f103xe.o


==============================================================================

Image component sizes


      Code (inc. data)   RO Data    RW Data    ZI Data      Debug   Object Name

       738        128          0         22        280     520750   main.o
        72         10          0          0          0        835   max3485.o
        28          0          0          0          0        593   process_m3.o
        36          8        304          0       4096        808   startup_stm32f103xe.o
       164         28          0         12          0       6553   stm32f1xx_hal.o
      1282         58          0          0          0       7331   stm32f1xx_hal_adc.o
      1608          0          0          0          0      13783   stm32f1xx_hal_can.o
       198         14          0          0          0      28983   stm32f1xx_hal_cortex.o
       304          8          0          0          0       1179   stm32f1xx_hal_dma.o
       392         46          0          0         32       4778   stm32f1xx_hal_flash.o
       240         26          0          0          0       3269   stm32f1xx_hal_flash_ex.o
       514         42          0          0          0       2924   stm32f1xx_hal_gpio.o
       544         56          0          0          0       3656   stm32f1xx_hal_msp.o
      1272        100          0          0          0       5236   stm32f1xx_hal_rcc.o
       448         44          0          0          0       2585   stm32f1xx_hal_rcc_ex.o
       880         20          0          0          0       9069   stm32f1xx_hal_tim.o
        70          0          0          0          0       2381   stm32f1xx_hal_tim_ex.o
      1216         12          0          0          0       8866   stm32f1xx_hal_uart.o
        68         24          0          0          0       5597   stm32f1xx_it.o
        72         16         24          4          0       1175   system_stm32f1xx.o
       354         16          0          9          0       2203   upper_computer.o
        48          6          0          0          0        510   user_adc.o
       852        496          0          4          0       3399   user_can.o
       310          6          0          0       2048       4503   user_flash.o
         2          0          0          0          0        740   user_time.o
       266         54          0         12        256       5753   user_usart1.o
        76         12          0         12        256       2110   user_usart2.o

    ----------------------------------------------------------------------
     12092       1230        360         76       6968     649569   Object Totals
         0          0         32          0          0          0   (incl. Generated)
        38          0          0          1          0          0   (incl. Padding)

    ----------------------------------------------------------------------

      Code (inc. data)   RO Data    RW Data    ZI Data      Debug   Library Member Name

         0          0          0          0          0          0   entry.o
         0          0          0          0          0          0   entry10a.o
         0          0          0          0          0          0   entry11a.o
         8          4          0          0          0          0   entry2.o
         4          0          0          0          0          0   entry5.o
         0          0          0          0          0          0   entry7b.o
         0          0          0          0          0          0   entry8b.o
         8          4          0          0          0          0   entry9a.o
        30          0          0          0          0          0   handlers.o
        36          8          0          0          0         68   init.o
         0          0          0          0          0          0   iusefp.o
        30          0          0          0          0         68   llshl.o
        36          0          0          0          0         68   llsshr.o
        32          0          0          0          0         68   llushr.o
        36          0          0          0          0         68   memcpya.o
        36          0          0          0          0        108   memseta.o
      2258         90          0          0          0        452   printfa.o
         0          0          0          4          0          0   stdout.o
        44          0          0          0          0         80   uidiv.o
        98          0          0          0          0         92   uldiv.o
        48          0          0          0          0         68   cdrcmple.o
       334          0          0          0          0        148   dadd.o
       222          0          0          0          0        100   ddiv.o
       186          0          0          0          0        176   depilogue.o
        48          0          0          0          0         68   dfixul.o
       228          0          0          0          0         96   dmul.o
        40          0          0          0          0         68   ffixui.o

    ----------------------------------------------------------------------
      3768        106          0          4          0       1796   Library Totals
         6          0          0          0          0          0   (incl. Padding)

    ----------------------------------------------------------------------

      Code (inc. data)   RO Data    RW Data    ZI Data      Debug   Library Name

      2656        106          0          4          0       1072   mc_w.l
      1106          0          0          0          0        724   mf_w.l

    ----------------------------------------------------------------------
      3768        106          0          4          0       1796   Library Totals

    ----------------------------------------------------------------------

==============================================================================


      Code (inc. data)   RO Data    RW Data    ZI Data      Debug   

     15860       1336        360         80       6968     643821   Grand Totals
     15860       1336        360         80       6968     643821   ELF Image Totals
     15860       1336        360         80          0          0   ROM Totals

==============================================================================

    Total RO  Size (Code + RO Data)                16220 (  15.84kB)
    Total RW  Size (RW Data + ZI Data)              7048 (   6.88kB)
    Total ROM Size (Code + RO Data + RW Data)      16300 (  15.92kB)

==============================================================================

