<html>
<body>
<pre>
<h1>礦ision Build Log</h1>
<h2>Tool Versions:</h2>
IDE-Version: μVision V5.25.2.0
Copyright (C) 2018 ARM Ltd and ARM Germany GmbH. All rights reserved.
License Information: Micro Soft, MicroSoft, LIC=FQQNN-Y2MWL-796G1-CC0PA-21WV8-JBPFX
 
Tool Versions:
Toolchain:       MDK-ARM Professional  Version: 5.25.2.0
Toolchain Path:  C:\Keil_v5\ARM\ARMCC\Bin
C Compiler:      Armcc.exe V5.06 update 6 (build 750)
Assembler:       Armasm.exe V5.06 update 6 (build 750)
Linker/Locator:  ArmLink.exe V5.06 update 6 (build 750)
Library Manager: ArmAr.exe V5.06 update 6 (build 750)
Hex Converter:   FromElf.exe V5.06 update 6 (build 750)
CPU DLL:         SARMCM3.DLL V5.25.2.0
Dialog DLL:      DCM.DLL V1.17.1.0
Target DLL:      STLink\ST-LINKIII-KEIL_SWO.dll V3.0.1.0
Dialog DLL:      TCM.DLL V1.35.1.0
 
<h2>Project:</h2>
E:\jidonghao\jidonghao_16\7.LORA\3. 任务3 LoRa网关节点汇聚传感器数据\LoRaModemCollectProject\project\LoRaModem.uvprojx
Project File Date:  05/31/2022

<h2>Output:</h2>
*** Using Compiler 'V5.06 update 6 (build 750)', folder: 'C:\Keil_v5\ARM\ARMCC\Bin'
Rebuild target 'LoRa'
compiling NS_Radio.c...
compiling gpio-board.c...
compiling adc-board.c...
compiling main.c...
compiling board.c...
compiling iwdg-board.c...
compiling tim-board.c...
compiling spi-board.c...
compiling sx1276-board.c...
compiling rtc-board.c...
assembling startup_stm32l151xb.s...
compiling system_stm32l1xx.c...
compiling uart-board.c...
compiling sysIrqHandlers.c...
compiling utilities.c...
compiling usart1-board.c...
compiling stm32l1xx_hal.c...
compiling stm32l1xx_hal_comp.c...
compiling stm32l1xx_hal_cortex.c...
compiling stm32l1xx_hal_adc_ex.c...
compiling stm32l1xx_hal_adc.c...
compiling stm32l1xx_hal_dac_ex.c...
compiling stm32l1xx_hal_cryp_ex.c...
compiling stm32l1xx_hal_cryp.c...
compiling stm32l1xx_hal_dac.c...
compiling stm32l1xx_hal_crc.c...
compiling stm32l1xx_hal_flash_ramfunc.c...
compiling stm32l1xx_hal_flash.c...
compiling stm32l1xx_hal_dma.c...
compiling stm32l1xx_hal_flash_ex.c...
compiling stm32l1xx_hal_gpio.c...
compiling stm32l1xx_hal_lcd.c...
compiling stm32l1xx_hal_iwdg.c...
compiling stm32l1xx_hal_irda.c...
compiling stm32l1xx_hal_i2s.c...
compiling stm32l1xx_hal_i2c.c...
compiling stm32l1xx_hal_opamp.c...
compiling stm32l1xx_hal_opamp_ex.c...
compiling stm32l1xx_hal_nor.c...
compiling stm32l1xx_hal_pcd_ex.c...
compiling stm32l1xx_hal_pcd.c...
compiling stm32l1xx_hal_pwr.c...
compiling stm32l1xx_hal_rcc_ex.c...
compiling stm32l1xx_hal_pwr_ex.c...
compiling stm32l1xx_hal_rtc.c...
compiling stm32l1xx_hal_rcc.c...
compiling stm32l1xx_hal_spi_ex.c...
compiling stm32l1xx_hal_sd.c...
compiling stm32l1xx_hal_smartcard.c...
compiling stm32l1xx_hal_rtc_ex.c...
compiling stm32l1xx_hal_spi.c...
compiling stm32l1xx_hal_tim_ex.c...
compiling stm32l1xx_hal_sram.c...
compiling stm32l1xx_ll_adc.c...
compiling stm32l1xx_ll_comp.c...
compiling stm32l1xx_ll_crc.c...
compiling stm32l1xx_hal_uart.c...
compiling stm32l1xx_hal_usart.c...
compiling stm32l1xx_ll_dac.c...
compiling stm32l1xx_ll_dma.c...
compiling stm32l1xx_ll_exti.c...
compiling stm32l1xx_hal_tim.c...
compiling stm32l1xx_ll_gpio.c...
compiling stm32l1xx_ll_i2c.c...
compiling stm32l1xx_ll_opamp.c...
compiling stm32l1xx_ll_pwr.c...
compiling stm32l1xx_ll_rcc.c...
compiling stm32l1xx_ll_rtc.c...
compiling stm32l1xx_ll_spi.c...
compiling stm32l1xx_ll_tim.c...
compiling stm32l1xx_ll_usart.c...
compiling stm32l1xx_hal_wwdg.c...
compiling stm32l1xx_ll_fsmc.c...
compiling stm32l1xx_ll_sdmmc.c...
compiling stm32l1xx_ll_utils.c...
..\source\boards\mcu\STM32L1xx_HAL_Driver\Src\stm32l1xx_ll_utils.c(43): warning:  #47-D: incompatible redefinition of macro "assert_param"  (declared at line 278 of "..\source\boards\hardware\cmsis\stm32l1xx_hal_conf.h")
  #define assert_param(expr) ((void)0U)
..\source\boards\mcu\STM32L1xx_HAL_Driver\Src\stm32l1xx_ll_utils.c: 1 warning, 0 errors
compiling hal_oled.c...
compiling fifo.c...
compiling hal_temHum.c...
compiling adc.c...
compiling sx1276.c...
compiling delay.c...
compiling gpio.c...
compiling timer.c...
compiling uart.c...
linking...
Program Size: Code=30808 RO-data=4304 RW-data=100 ZI-data=4852  
FromELF: creating hex file...
".\Objects\LoRaModem.axf" - 0 Error(s), 1 Warning(s).

<h2>Software Packages used:</h2>

Package Vendor: Keil
                http://www.keil.com/pack/Keil.STM32L1xx_DFP.1.2.0.pack
                Keil.STM32L1xx_DFP.1.2.0
                STMicroelectronics STM32L1 Series Device Support and Examples

<h2>Collection of Component include folders:</h2>
  .\RTE\_LoRa
  C:\Keil_v5\ARM\PACK\Keil\STM32L1xx_DFP\1.2.0\Device\Include

<h2>Collection of Component Files used:</h2>
Build Time Elapsed:  00:00:18
</pre>
</body>
</html>
